Archive member included to satisfy reference by file (symbol)

c:/program files/stm32cubeide_1.10.1/stm32cubeide/plugins/com.st.stm32cube.ide.mcu.externaltools.gnu-tools-for-stm32.10.3-2021.10.win32_1.0.0.202111181127/tools/bin/../lib/gcc/arm-none-eabi/10.3.1/../../../../arm-none-eabi/lib/thumb/v7e-m+dp/hard\libc_nano.a(lib_a-errno.o)
                              ./Core/Src/syscalls.o (__errno)
c:/program files/stm32cubeide_1.10.1/stm32cubeide/plugins/com.st.stm32cube.ide.mcu.externaltools.gnu-tools-for-stm32.10.3-2021.10.win32_1.0.0.202111181127/tools/bin/../lib/gcc/arm-none-eabi/10.3.1/../../../../arm-none-eabi/lib/thumb/v7e-m+dp/hard\libc_nano.a(lib_a-exit.o)
                              c:/program files/stm32cubeide_1.10.1/stm32cubeide/plugins/com.st.stm32cube.ide.mcu.externaltools.gnu-tools-for-stm32.10.3-2021.10.win32_1.0.0.202111181127/tools/bin/../lib/gcc/arm-none-eabi/10.3.1/../../../../arm-none-eabi/lib/thumb/v7e-m+dp/hard/crt0.o (exit)
c:/program files/stm32cubeide_1.10.1/stm32cubeide/plugins/com.st.stm32cube.ide.mcu.externaltools.gnu-tools-for-stm32.10.3-2021.10.win32_1.0.0.202111181127/tools/bin/../lib/gcc/arm-none-eabi/10.3.1/../../../../arm-none-eabi/lib/thumb/v7e-m+dp/hard\libc_nano.a(lib_a-impure.o)
                              c:/program files/stm32cubeide_1.10.1/stm32cubeide/plugins/com.st.stm32cube.ide.mcu.externaltools.gnu-tools-for-stm32.10.3-2021.10.win32_1.0.0.202111181127/tools/bin/../lib/gcc/arm-none-eabi/10.3.1/../../../../arm-none-eabi/lib/thumb/v7e-m+dp/hard\libc_nano.a(lib_a-exit.o) (_global_impure_ptr)
c:/program files/stm32cubeide_1.10.1/stm32cubeide/plugins/com.st.stm32cube.ide.mcu.externaltools.gnu-tools-for-stm32.10.3-2021.10.win32_1.0.0.202111181127/tools/bin/../lib/gcc/arm-none-eabi/10.3.1/../../../../arm-none-eabi/lib/thumb/v7e-m+dp/hard\libc_nano.a(lib_a-init.o)
                              c:/program files/stm32cubeide_1.10.1/stm32cubeide/plugins/com.st.stm32cube.ide.mcu.externaltools.gnu-tools-for-stm32.10.3-2021.10.win32_1.0.0.202111181127/tools/bin/../lib/gcc/arm-none-eabi/10.3.1/../../../../arm-none-eabi/lib/thumb/v7e-m+dp/hard/crt0.o (__libc_init_array)
c:/program files/stm32cubeide_1.10.1/stm32cubeide/plugins/com.st.stm32cube.ide.mcu.externaltools.gnu-tools-for-stm32.10.3-2021.10.win32_1.0.0.202111181127/tools/bin/../lib/gcc/arm-none-eabi/10.3.1/../../../../arm-none-eabi/lib/thumb/v7e-m+dp/hard\libc_nano.a(lib_a-memset.o)
                              c:/program files/stm32cubeide_1.10.1/stm32cubeide/plugins/com.st.stm32cube.ide.mcu.externaltools.gnu-tools-for-stm32.10.3-2021.10.win32_1.0.0.202111181127/tools/bin/../lib/gcc/arm-none-eabi/10.3.1/../../../../arm-none-eabi/lib/thumb/v7e-m+dp/hard/crt0.o (memset)
c:/program files/stm32cubeide_1.10.1/stm32cubeide/plugins/com.st.stm32cube.ide.mcu.externaltools.gnu-tools-for-stm32.10.3-2021.10.win32_1.0.0.202111181127/tools/bin/../lib/gcc/arm-none-eabi/10.3.1/../../../../arm-none-eabi/lib/thumb/v7e-m+dp/hard\libc_nano.a(lib_a-sprintf.o)
                              ./Core/Src/sd_card.o (sprintf)
c:/program files/stm32cubeide_1.10.1/stm32cubeide/plugins/com.st.stm32cube.ide.mcu.externaltools.gnu-tools-for-stm32.10.3-2021.10.win32_1.0.0.202111181127/tools/bin/../lib/gcc/arm-none-eabi/10.3.1/../../../../arm-none-eabi/lib/thumb/v7e-m+dp/hard\libc_nano.a(lib_a-strlen.o)
                              ./Core/Src/sd_card.o (strlen)
c:/program files/stm32cubeide_1.10.1/stm32cubeide/plugins/com.st.stm32cube.ide.mcu.externaltools.gnu-tools-for-stm32.10.3-2021.10.win32_1.0.0.202111181127/tools/bin/../lib/gcc/arm-none-eabi/10.3.1/../../../../arm-none-eabi/lib/thumb/v7e-m+dp/hard\libc_nano.a(lib_a-nano-svfprintf.o)
                              c:/program files/stm32cubeide_1.10.1/stm32cubeide/plugins/com.st.stm32cube.ide.mcu.externaltools.gnu-tools-for-stm32.10.3-2021.10.win32_1.0.0.202111181127/tools/bin/../lib/gcc/arm-none-eabi/10.3.1/../../../../arm-none-eabi/lib/thumb/v7e-m+dp/hard\libc_nano.a(lib_a-sprintf.o) (_svfprintf_r)
c:/program files/stm32cubeide_1.10.1/stm32cubeide/plugins/com.st.stm32cube.ide.mcu.externaltools.gnu-tools-for-stm32.10.3-2021.10.win32_1.0.0.202111181127/tools/bin/../lib/gcc/arm-none-eabi/10.3.1/../../../../arm-none-eabi/lib/thumb/v7e-m+dp/hard\libc_nano.a(lib_a-nano-vfprintf_i.o)
                              c:/program files/stm32cubeide_1.10.1/stm32cubeide/plugins/com.st.stm32cube.ide.mcu.externaltools.gnu-tools-for-stm32.10.3-2021.10.win32_1.0.0.202111181127/tools/bin/../lib/gcc/arm-none-eabi/10.3.1/../../../../arm-none-eabi/lib/thumb/v7e-m+dp/hard\libc_nano.a(lib_a-nano-svfprintf.o) (_printf_i)
c:/program files/stm32cubeide_1.10.1/stm32cubeide/plugins/com.st.stm32cube.ide.mcu.externaltools.gnu-tools-for-stm32.10.3-2021.10.win32_1.0.0.202111181127/tools/bin/../lib/gcc/arm-none-eabi/10.3.1/../../../../arm-none-eabi/lib/thumb/v7e-m+dp/hard\libc_nano.a(lib_a-memchr.o)
[...]
Memory Configuration

Name             Origin             Length             Attributes
ITCMRAM          0x0000000000000000 0x0000000000010000 xrw
FLASH            0x0000000008000000 0x0000000000200000 xr
DTCMRAM1         0x0000000020000000 0x0000000000010000 xrw
DTCMRAM2         0x0000000020010000 0x0000000000010000 xrw
RAM              0x0000000024000000 0x0000000000100000 xrw
RAM_CD           0x0000000030000000 0x0000000000020000 xrw
RAM_SRD          0x0000000038000000 0x0000000000008000 xrw
SDRAM            0x00000000c0000000 0x0000000002000000 xrw
*default*        0x0000000000000000 0xffffffffffffffff

Linker script and memory map

LOAD c:/program files/stm32cubeide_1.10.1/stm32cubeide/plugins/com.st.stm32cube.ide.mcu.externaltools.gnu-tools-for-stm32.10.3-2021.10.win32_1.0.0.202111181127/tools/bin/../lib/gcc/arm-none-eabi/10.3.1/thumb/v7e-m+dp/hard/crti.o
LOAD c:/program files/stm32cubeide_1.10.1/stm32cubeide/plugins/com.st.stm32cube.ide.mcu.externaltools.gnu-tools-for-stm32.10.3-2021.10.win32_1.0.0.202111181127/tools/bin/../lib/gcc/arm-none-eabi/10.3.1/thumb/v7e-m+dp/hard/crtbegin.o
LOAD c:/program files/stm32cubeide_1.10.1/stm32cubeide/plugins/com.st.stm32cube.ide.mcu.externaltools.gnu-tools-for-stm32.10.3-2021.10.win32_1.0.0.202111181127/tools/bin/../lib/gcc/arm-none-eabi/10.3.1/../../../../arm-none-eabi/lib/thumb/v7e-m+dp/hard/crt0.o
LOAD ./Core/Src/fmc_sdram.o
LOAD ./Core/Src/main.o
LOAD ./Core/Src/sd_card.o
LOAD ./Core/Src/spi_adc.o
LOAD ./Core/Src/stm32h7xx_hal_msp.o
LOAD ./Core/Src/stm32h7xx_it.o
LOAD ./Core/Src/syscalls.o
LOAD ./Core/Src/sysmem.o
LOAD ./Core/Src/system_stm32h7xx.o
LOAD ./Core/Startup/startup_stm32h7a3zitx.o
LOAD ./Drivers/STM32H7xx_HAL_Driver/Src/stm32h7xx_hal.o
LOAD ./Drivers/STM32H7xx_HAL_Driver/Src/stm32h7xx_hal_cortex.o
LOAD ./Drivers/STM32H7xx_HAL_Driver/Src/stm32h7xx_hal_dma.o
LOAD ./Drivers/STM32H7xx_HAL_Driver/Src/stm32h7xx_hal_dma_ex.o
LOAD ./Drivers/STM32H7xx_HAL_Driver/Src/stm32h7xx_hal_exti.o
LOAD ./Drivers/STM32H7xx_HAL_Driver/Src/stm32h7xx_hal_flash.o
LOAD ./Drivers/STM32H7xx_HAL_Driver/Src/stm32h7xx_hal_flash_ex.o
LOAD ./Drivers/STM32H7xx_HAL_Driver/Src/stm32h7xx_hal_gpio.o
LOAD ./Drivers/STM32H7xx_HAL_Driver/Src/stm32h7xx_hal_hsem.o
LOAD ./Drivers/STM32H7xx_HAL_Driver/Src/stm32h7xx_hal_i2c.o
LOAD ./Drivers/STM32H7xx_HAL_Driver/Src/stm32h7xx_hal_i2c_ex.o
LOAD ./Drivers/STM32H7xx_HAL_Driver/Src/stm32h7xx_hal_mdma.o
LOAD ./Drivers/STM32H7xx_HAL_Driver/Src/stm32h7xx_hal_pwr.o
LOAD ./Drivers/STM32H7xx_HAL_Driver/Src/stm32h7xx_hal_pwr_ex.o
LOAD ./Drivers/STM32H7xx_HAL_Driver/Src/stm32h7xx_hal_rcc.o
LOAD ./Drivers/STM32H7xx_HAL_Driver/Src/stm32h7xx_hal_rcc_ex.o
LOAD ./Drivers/STM32H7xx_HAL_Driver/Src/stm32h7xx_hal_sd.o
LOAD ./Drivers/STM32H7xx_HAL_Driver/Src/stm32h7xx_hal_sd_ex.o
LOAD ./Drivers/STM32H7xx_HAL_Driver/Src/stm32h7xx_hal_sdram.o
LOAD ./Drivers/STM32H7xx_HAL_Driver/Src/stm32h7xx_hal_spi.o
LOAD ./Drivers/STM32H7xx_HAL_Driver/Src/stm32h7xx_hal_spi_ex.o
LOAD ./Drivers/STM32H7xx_HAL_Driver/Src/stm32h7xx_hal_tim.o
LOAD ./Drivers/STM32H7xx_HAL_Driver/Src/stm32h7xx_hal_tim_ex.o
LOAD ./Drivers/STM32H7xx_HAL_Driver/Src/stm32h7xx_hal_uart.o
LOAD ./Drivers/STM32H7xx_HAL_Driver/Src/stm32h7xx_hal_uart_ex.o
LOAD ./Drivers/STM32H7xx_HAL_Driver/Src/stm32h7xx_ll_delayblock.o
LOAD ./Drivers/STM32H7xx_HAL_Driver/Src/stm32h7xx_ll_fmc.o
LOAD ./Drivers/STM32H7xx_HAL_Driver/Src/stm32h7xx_ll_sdmmc.o
LOAD ./FATFS/App/fatfs.o
LOAD ./FATFS/Target/bsp_driver_sd.o
LOAD ./FATFS/Target/sd_diskio.o
LOAD ./Middlewares/Third_Party/FatFs/src/diskio.o
LOAD ./Middlewares/Third_Party/FatFs/src/ff.o
LOAD ./Middlewares/Third_Party/FatFs/src/ff_gen_drv.o
LOAD ./Middlewares/Third_Party/FatFs/src/option/syscall.o
START GROUP
LOAD c:/program files/stm32cubeide_1.10.1/stm32cubeide/plugins/com.st.stm32cube.ide.mcu.externaltools.gnu-tools-for-stm32.10.3-2021.10.win32_1.0.0.202111181127/tools/bin/../lib/gcc/arm-none-eabi/10.3.1/../../../../arm-none-eabi/lib/thumb/v7e-m+dp/hard\libc_nano.a
LOAD c:/program files/stm32cubeide_1.10.1/stm32cubeide/plugins/com.st.stm32cube.ide.mcu.externaltools.gnu-tools-for-stm32.10.3-2021.10.win32_1.0.0.202111181127/tools/bin/../lib/gcc/arm-none-eabi/10.3.1/../../../../arm-none-eabi/lib/thumb/v7e-m+dp/hard\libm.a
END GROUP
START GROUP
LOAD c:/program files/stm32cubeide_1.10.1/stm32cubeide/plugins/com.st.stm32cube.ide.mcu.externaltools.gnu-tools-for-stm32.10.3-2021.10.win32_1.0.0.202111181127/tools/bin/../lib/gcc/arm-none-eabi/10.3.1/thumb/v7e-m+dp/hard\libgcc.a
LOAD c:/program files/stm32cubeide_1.10.1/stm32cubeide/plugins/com.st.stm32cube.ide.mcu.externaltools.gnu-tools-for-stm32.10.3-2021.10.win32_1.0.0.202111181127/tools/bin/../lib/gcc/arm-none-eabi/10.3.1/../../../../arm-none-eabi/lib/thumb/v7e-m+dp/hard\libc_nano.a
END GROUP
START GROUP
LOAD c:/program files/stm32cubeide_1.10.1/stm32cubeide/plugins/com.st.stm32cube.ide.mcu.externaltools.gnu-tools-for-stm32.10.3-2021.10.win32_1.0.0.202111181127/tools/bin/../lib/gcc/arm-none-eabi/10.3.1/thumb/v7e-m+dp/hard\libgcc.a
LOAD c:/program files/stm32cubeide_1.10.1/stm32cubeide/plugins/com.st.stm32cube.ide.mcu.externaltools.gnu-tools-for-stm32.10.3-2021.10.win32_1.0.0.202111181127/tools/bin/../lib/gcc/arm-none-eabi/10.3.1/../../../../arm-none-eabi/lib/thumb/v7e-m+dp/hard\libc_nano.a
LOAD c:/program files/stm32cubeide_1.10.1/stm32cubeide/plugins/com.st.stm32cube.ide.mcu.externaltools.gnu-tools-for-stm32.10.3-2021.10.win32_1.0.0.202111181127/tools/bin/../lib/gcc/arm-none-eabi/10.3.1/../../../../arm-none-eabi/lib/thumb/v7e-m+dp/hard\libnosys.a
END GROUP
START GROUP
LOAD c:/program files/stm32cubeide_1.10.1/stm32cubeide/plugins/com.st.stm32cube.ide.mcu.externaltools.gnu-tools-for-stm32.10.3-2021.10.win32_1.0.0.202111181127/tools/bin/../lib/gcc/arm-none-eabi/10.3.1/thumb/v7e-m+dp/hard\libgcc.a
LOAD c:/program files/stm32cubeide_1.10.1/stm32cubeide/plugins/com.st.stm32cube.ide.mcu.externaltools.gnu-tools-for-stm32.10.3-2021.10.win32_1.0.0.202111181127/tools/bin/../lib/gcc/arm-none-eabi/10.3.1/../../../../arm-none-eabi/lib/thumb/v7e-m+dp/hard\libc_nano.a
LOAD c:/program files/stm32cubeide_1.10.1/stm32cubeide/plugins/com.st.stm32cube.ide.mcu.externaltools.gnu-tools-for-stm32.10.3-2021.10.win32_1.0.0.202111181127/tools/bin/../lib/gcc/arm-none-eabi/10.3.1/../../../../arm-none-eabi/lib/thumb/v7e-m+dp/hard\libnosys.a
END GROUP
LOAD c:/program files/stm32cubeide_1.10.1/stm32cubeide/plugins/com.st.stm32cube.ide.mcu.externaltools.gnu-tools-for-stm32.10.3-2021.10.win32_1.0.0.202111181127/tools/bin/../lib/gcc/arm-none-eabi/10.3.1/thumb/v7e-m+dp/hard/crtend.o
LOAD c:/program files/stm32cubeide_1.10.1/stm32cubeide/plugins/com.st.stm32cube.ide.mcu.externaltools.gnu-tools-for-stm32.10.3-2021.10.win32_1.0.0.202111181127/tools/bin/../lib/gcc/arm-none-eabi/10.3.1/thumb/v7e-m+dp/hard/crtn.o
                0x0000000024100000                _estack = (ORIGIN (RAM) + LENGTH (RAM))
                0x0000000000000400                _Min_Heap_Size = 0x400
                0x0000000000000800                _Min_Stack_Size = 0x800

.isr_vector     0x0000000008000000      0x2ac
                0x0000000008000000                . = ALIGN (0x4)
 *(.isr_vector)
 .isr_vector    0x0000000008000000      0x2ac ./Core/Startup/startup_stm32h7a3zitx.o
                0x0000000008000000                g_pfnVectors
                0x00000000080002ac                . = ALIGN (0x4)

.text           0x00000000080002b0    0x1259c
                0x00000000080002b0                . = ALIGN (0x4)
 *(.text)
 .text          0x00000000080002b0       0x40 c:/program files/stm32cubeide_1.10.1/stm32cubeide/plugins/com.st.stm32cube.ide.mcu.externaltools.gnu-tools-for-stm32.10.3-2021.10.win32_1.0.0.202111181127/tools/bin/../lib/gcc/arm-none-eabi/10.3.1/thumb/v7e-m+dp/hard/crtbegin.o
 .text          0x00000000080002f0       0xa0 c:/program files/stm32cubeide_1.10.1/stm32cubeide/plugins/com.st.stm32cube.ide.mcu.externaltools.gnu-tools-for-stm32.10.3-2021.10.win32_1.0.0.202111181127/tools/bin/../lib/gcc/arm-none-eabi/10.3.1/../../../../arm-none-eabi/lib/thumb/v7e-m+dp/hard\libc_nano.a(lib_a-memchr.o)
                0x00000000080002f0                memchr
 .text          0x0000000008000390       0x30 c:/program files/stm32cubeide_1.10.1/stm32cubeide/plugins/com.st.stm32cube.ide.mcu.externaltools.gnu-tools-for-stm32.10.3-2021.10.win32_1.0.0.202111181127/tools/bin/../lib/gcc/arm-none-eabi/10.3.1/thumb/v7e-m+dp/hard\libgcc.a(_aeabi_uldivmod.o)
                0x0000000008000390                __aeabi_uldivmod
 .text          0x00000000080003c0      0x2d0 c:/program files/stm32cubeide_1.10.1/stm32cubeide/plugins/com.st.stm32cube.ide.mcu.externaltools.gnu-tools-for-stm32.10.3-2021.10.win32_1.0.0.202111181127/tools/bin/../lib/gcc/arm-none-eabi/10.3.1/thumb/v7e-m+dp/hard\libgcc.a(_udivmoddi4.o)
                0x00000000080003c0                __udivmoddi4
 .text          0x0000000008000690        0x4 c:/program files/stm32cubeide_1.10.1/stm32cubeide/plugins/com.st.stm32cube.ide.mcu.externaltools.gnu-tools-for-stm32.10.3-2021.10.win32_1.0.0.202111181127/tools/bin/../lib/gcc/arm-none-eabi/10.3.1/thumb/v7e-m+dp/hard\libgcc.a(_dvmd_tls.o)
                0x0000000008000690                __aeabi_idiv0
                0x0000000008000690                __aeabi_ldiv0
 *(.text*)
 .text.SDRAM_Startup_Sequence
                0x0000000008000694       0xfc ./Core/Src/fmc_sdram.o
                0x0000000008000694                SDRAM_Startup_Sequence
 .text.SDRAM_Initialization_Sequence
                0x0000000008000790       0xba ./Core/Src/fmc_sdram.o
                0x0000000008000790                SDRAM_Initialization_Sequence
 .text.Fill_Buffer
                0x000000000800084a       0x42 ./Core/Src/fmc_sdram.o
                0x000000000800084a                Fill_Buffer
 .text.main     0x000000000800088c      0x3e0 ./Core/Src/main.o
                0x000000000800088c                main
 .text.SystemClock_Config
                0x0000000008000c6c       0xf8 ./Core/Src/main.o
                0x0000000008000c6c                SystemClock_Config
 .text.PeriphCommonClock_Config
                0x0000000008000d64       0x64 ./Core/Src/main.o
                0x0000000008000d64                PeriphCommonClock_Config
 .text.MX_SDMMC1_SD_Init
                0x0000000008000dc8       0x3c ./Core/Src/main.o
 .text.MX_SPI1_Init
                0x0000000008000e04       0xb0 ./Core/Src/main.o
 .text.MX_SPI2_Init
                0x0000000008000eb4       0xb0 ./Core/Src/main.o
 .text.MX_SPI4_Init
                0x0000000008000f64       0xb0 ./Core/Src/main.o
 .text.MX_TIM1_Init
                0x0000000008001014      0x158 ./Core/Src/main.o
 .text.MX_TIM2_Init
                0x000000000800116c       0xe4 ./Core/Src/main.o
 .text.MX_TIM16_Init
                0x0000000008001250       0x50 ./Core/Src/main.o
 .text.MX_UART4_Init
                0x00000000080012a0       0x9c ./Core/Src/main.o
 .text.MX_DMA_Init
                0x000000000800133c       0xc0 ./Core/Src/main.o
 .text.MX_FMC_Init
                0x00000000080013fc       0xa4 ./Core/Src/main.o
 .text.MX_GPIO_Init
                0x00000000080014a0      0x22c ./Core/Src/main.o
 .text.HAL_GPIO_EXTI_Callback
                0x00000000080016cc       0x94 ./Core/Src/main.o
                0x00000000080016cc                HAL_GPIO_EXTI_Callback
 .text.HAL_SPI_TxRxCpltCallback
                0x0000000008001760      0x128 ./Core/Src/main.o
                0x0000000008001760                HAL_SPI_TxRxCpltCallback
 .text.HAL_UART_RxCpltCallback
                0x0000000008001888       0x44 ./Core/Src/main.o
                0x0000000008001888                HAL_UART_RxCpltCallback
 .text.HAL_TIM_PeriodElapsedCallback
                0x00000000080018cc       0x2c ./Core/Src/main.o
                0x00000000080018cc                HAL_TIM_PeriodElapsedCallback
 .text.findMin  0x00000000080018f8       0x36 ./Core/Src/main.o
                0x00000000080018f8                findMin
 .text.Error_Handler
                0x000000000800192e        0xa ./Core/Src/main.o
                0x000000000800192e                Error_Handler
 .text.sd_card_init
                0x0000000008001938       0x30 ./Core/Src/sd_card.o
                0x0000000008001938                sd_card_init
 .text.spi1_adc_init
                0x0000000008001968      0x1b0 ./Core/Src/spi_adc.o
                0x0000000008001968                spi1_adc_init
 .text.spi2_adc_init
                0x0000000008001b18      0x1b0 ./Core/Src/spi_adc.o
                0x0000000008001b18                spi2_adc_init
 .text.spi4_adc_init
                0x0000000008001cc8      0x198 ./Core/Src/spi_adc.o
                0x0000000008001cc8                spi4_adc_init
 .text.run_all_adc
                0x0000000008001e60       0x38 ./Core/Src/spi_adc.o
                0x0000000008001e60                run_all_adc
 .text.spi1_soft_reset
                0x0000000008001e98       0x4c ./Core/Src/spi_adc.o
                0x0000000008001e98                spi1_soft_reset
 .text.spi2_soft_reset
                0x0000000008001ee4       0x4c ./Core/Src/spi_adc.o
                0x0000000008001ee4                spi2_soft_reset
 .text.spi4_soft_reset
                0x0000000008001f30       0x48 ./Core/Src/spi_adc.o
                0x0000000008001f30                spi4_soft_reset
 .text.spi_send_all_three_values
                0x0000000008001f78       0x8c ./Core/Src/spi_adc.o
                0x0000000008001f78                spi_send_all_three_values
 .text.setNewSPStoAllADCs
                0x0000000008002004       0xa8 ./Core/Src/spi_adc.o
                0x0000000008002004                setNewSPStoAllADCs
 .text.HAL_MspInit
                0x00000000080020ac       0x34 ./Core/Src/stm32h7xx_hal_msp.o
                0x00000000080020ac                HAL_MspInit
 .text.HAL_SD_MspInit
                0x00000000080020e0      0x12c ./Core/Src/stm32h7xx_hal_msp.o
                0x00000000080020e0                HAL_SD_MspInit
 .text.HAL_SPI_MspInit
                0x000000000800220c      0x5b4 ./Core/Src/stm32h7xx_hal_msp.o
                0x000000000800220c                HAL_SPI_MspInit
 .text.HAL_TIM_Base_MspInit
                0x00000000080027c0       0xfc ./Core/Src/stm32h7xx_hal_msp.o
                0x00000000080027c0                HAL_TIM_Base_MspInit
 .text.HAL_TIM_MspPostInit
                0x00000000080028bc       0x78 ./Core/Src/stm32h7xx_hal_msp.o
                0x00000000080028bc                HAL_TIM_MspPostInit
 .text.HAL_UART_MspInit
                0x0000000008002934      0x13c ./Core/Src/stm32h7xx_hal_msp.o
                0x0000000008002934                HAL_UART_MspInit
 .text.HAL_FMC_MspInit
                0x0000000008002a70      0x104 ./Core/Src/stm32h7xx_hal_msp.o
 .text.HAL_SDRAM_MspInit
                0x0000000008002b74       0x14 ./Core/Src/stm32h7xx_hal_msp.o
                0x0000000008002b74                HAL_SDRAM_MspInit
 .text.NMI_Handler
                0x0000000008002b88        0x6 ./Core/Src/stm32h7xx_it.o
                0x0000000008002b88                NMI_Handler
 .text.HardFault_Handler
                0x0000000008002b8e        0x6 ./Core/Src/stm32h7xx_it.o
                0x0000000008002b8e                HardFault_Handler
 .text.MemManage_Handler
                0x0000000008002b94        0x6 ./Core/Src/stm32h7xx_it.o
                0x0000000008002b94                MemManage_Handler
 .text.BusFault_Handler
                0x0000000008002b9a        0x6 ./Core/Src/stm32h7xx_it.o
                0x0000000008002b9a                BusFault_Handler
 .text.UsageFault_Handler
                0x0000000008002ba0        0x6 ./Core/Src/stm32h7xx_it.o
                0x0000000008002ba0                UsageFault_Handler
 .text.SVC_Handler
                0x0000000008002ba6        0xe ./Core/Src/stm32h7xx_it.o
                0x0000000008002ba6                SVC_Handler
 .text.DebugMon_Handler
                0x0000000008002bb4        0xe ./Core/Src/stm32h7xx_it.o
                0x0000000008002bb4                DebugMon_Handler
 .text.PendSV_Handler
                0x0000000008002bc2        0xe ./Core/Src/stm32h7xx_it.o
                0x0000000008002bc2                PendSV_Handler
 .text.SysTick_Handler
                0x0000000008002bd0        0xc ./Core/Src/stm32h7xx_it.o
                0x0000000008002bd0                SysTick_Handler
 .text.DMA1_Stream0_IRQHandler
                0x0000000008002bdc       0x14 ./Core/Src/stm32h7xx_it.o
                0x0000000008002bdc                DMA1_Stream0_IRQHandler
 .text.DMA1_Stream1_IRQHandler
                0x0000000008002bf0       0x14 ./Core/Src/stm32h7xx_it.o
                0x0000000008002bf0                DMA1_Stream1_IRQHandler
 .text.DMA1_Stream2_IRQHandler
                0x0000000008002c04       0x14 ./Core/Src/stm32h7xx_it.o
                0x0000000008002c04                DMA1_Stream2_IRQHandler
 .text.DMA1_Stream3_IRQHandler
                0x0000000008002c18       0x14 ./Core/Src/stm32h7xx_it.o
                0x0000000008002c18                DMA1_Stream3_IRQHandler
 .text.DMA1_Stream4_IRQHandler
                0x0000000008002c2c       0x14 ./Core/Src/stm32h7xx_it.o
                0x0000000008002c2c                DMA1_Stream4_IRQHandler
 .text.SPI1_IRQHandler
                0x0000000008002c40       0x14 ./Core/Src/stm32h7xx_it.o
                0x0000000008002c40                SPI1_IRQHandler
 .text.SPI2_IRQHandler
                0x0000000008002c54       0x14 ./Core/Src/stm32h7xx_it.o
                0x0000000008002c54                SPI2_IRQHandler
 .text.DMA1_Stream7_IRQHandler
                0x0000000008002c68       0x14 ./Core/Src/stm32h7xx_it.o
                0x0000000008002c68                DMA1_Stream7_IRQHandler
 .text.SDMMC1_IRQHandler
                0x0000000008002c7c       0x14 ./Core/Src/stm32h7xx_it.o
                0x0000000008002c7c                SDMMC1_IRQHandler
 .text.UART4_IRQHandler
                0x0000000008002c90       0x14 ./Core/Src/stm32h7xx_it.o
                0x0000000008002c90                UART4_IRQHandler
 .text.DMA2_Stream0_IRQHandler
                0x0000000008002ca4       0x14 ./Core/Src/stm32h7xx_it.o
                0x0000000008002ca4                DMA2_Stream0_IRQHandler
 .text.SPI4_IRQHandler
                0x0000000008002cb8       0x14 ./Core/Src/stm32h7xx_it.o
                0x0000000008002cb8                SPI4_IRQHandler
 .text.TIM16_IRQHandler
                0x0000000008002ccc       0x14 ./Core/Src/stm32h7xx_it.o
                0x0000000008002ccc                TIM16_IRQHandler
 .text.EXTI9_5_IRQHandler
                0x0000000008002ce0       0x22 ./Core/Src/stm32h7xx_it.o
                0x0000000008002ce0                EXTI9_5_IRQHandler
 .text.EXTI15_10_IRQHandler
                0x0000000008002d02       0x10 ./Core/Src/stm32h7xx_it.o
                0x0000000008002d02                EXTI15_10_IRQHandler
 *fill*         0x0000000008002d12        0x2 
 .text._sbrk    0x0000000008002d14       0x6c ./Core/Src/sysmem.o
                0x0000000008002d14                _sbrk
 .text.SystemInit
                0x0000000008002d80       0xf0 ./Core/Src/system_stm32h7xx.o
                0x0000000008002d80                SystemInit
 .text.Reset_Handler
                0x0000000008002e70       0x50 ./Core/Startup/startup_stm32h7a3zitx.o
                0x0000000008002e70                Reset_Handler
 .text.Default_Handler
                0x0000000008002ec0        0x2 ./Core/Startup/startup_stm32h7a3zitx.o
                0x0000000008002ec0                RTC_Alarm_IRQHandler
                0x0000000008002ec0                EXTI2_IRQHandler
                0x0000000008002ec0                TIM8_CC_IRQHandler
                0x0000000008002ec0                UART8_IRQHandler
                0x0000000008002ec0                BDMA2_Channel1_IRQHandler
                0x0000000008002ec0                BDMA2_Channel0_IRQHandler
                0x0000000008002ec0                TIM1_CC_IRQHandler
                0x0000000008002ec0                DMA2_Stream5_IRQHandler
                0x0000000008002ec0                JPEG_IRQHandler
                0x0000000008002ec0                DMA1_Stream5_IRQHandler
                0x0000000008002ec0                EXTI3_IRQHandler
                0x0000000008002ec0                LPTIM4_IRQHandler
                0x0000000008002ec0                TIM8_TRG_COM_TIM14_IRQHandler
                0x0000000008002ec0                LPTIM2_IRQHandler
                0x0000000008002ec0                DFSDM1_FLT1_IRQHandler
                0x0000000008002ec0                DMAMUX2_OVR_IRQHandler
                0x0000000008002ec0                GFXMMU_IRQHandler
                0x0000000008002ec0                TIM8_UP_TIM13_IRQHandler
                0x0000000008002ec0                I2C3_ER_IRQHandler
                0x0000000008002ec0                DFSDM1_FLT2_IRQHandler
                0x0000000008002ec0                USART10_IRQHandler
                0x0000000008002ec0                MDMA_IRQHandler
                0x0000000008002ec0                LPTIM3_IRQHandler
                0x0000000008002ec0                BDMA2_Channel3_IRQHandler
                0x0000000008002ec0                HSEM1_IRQHandler
                0x0000000008002ec0                EXTI0_IRQHandler
                0x0000000008002ec0                I2C2_EV_IRQHandler
                0x0000000008002ec0                DAC2_IRQHandler
                0x0000000008002ec0                FPU_IRQHandler
                0x0000000008002ec0                OTG_HS_WKUP_IRQHandler
                0x0000000008002ec0                FDCAN1_IT1_IRQHandler
                0x0000000008002ec0                LTDC_ER_IRQHandler
                0x0000000008002ec0                DMA2_Stream2_IRQHandler
                0x0000000008002ec0                OCTOSPI1_IRQHandler
                0x0000000008002ec0                TIM6_DAC_IRQHandler
                0x0000000008002ec0                BDMA2_Channel6_IRQHandler
                0x0000000008002ec0                DMA2_Stream3_IRQHandler
                0x0000000008002ec0                OCTOSPI2_IRQHandler
                0x0000000008002ec0                SAI2_IRQHandler
                0x0000000008002ec0                BDMA1_IRQHandler
                0x0000000008002ec0                DFSDM1_FLT3_IRQHandler
                0x0000000008002ec0                USART6_IRQHandler
                0x0000000008002ec0                TIM17_IRQHandler
                0x0000000008002ec0                USART3_IRQHandler
                0x0000000008002ec0                LPTIM5_IRQHandler
                0x0000000008002ec0                UART5_IRQHandler
                0x0000000008002ec0                TIM4_IRQHandler
                0x0000000008002ec0                I2C1_EV_IRQHandler
                0x0000000008002ec0                DMA1_Stream6_IRQHandler
                0x0000000008002ec0                DMAMUX1_OVR_IRQHandler
                0x0000000008002ec0                TIM3_IRQHandler
                0x0000000008002ec0                RCC_IRQHandler
                0x0000000008002ec0                UART9_IRQHandler
                0x0000000008002ec0                TIM8_BRK_TIM12_IRQHandler
                0x0000000008002ec0                TIM1_TRG_COM_IRQHandler
                0x0000000008002ec0                Default_Handler
                0x0000000008002ec0                ECC_IRQHandler
                0x0000000008002ec0                BDMA2_Channel2_IRQHandler
                0x0000000008002ec0                CEC_IRQHandler
                0x0000000008002ec0                DFSDM1_FLT4_IRQHandler
                0x0000000008002ec0                ADC_IRQHandler
                0x0000000008002ec0                SPI5_IRQHandler
                0x0000000008002ec0                TIM7_IRQHandler
                0x0000000008002ec0                TIM5_IRQHandler
                0x0000000008002ec0                DMA2_Stream7_IRQHandler
                0x0000000008002ec0                TIM15_IRQHandler
                0x0000000008002ec0                I2C3_EV_IRQHandler
                0x0000000008002ec0                DFSDM2_IRQHandler
                0x0000000008002ec0                RTC_WKUP_IRQHandler
                0x0000000008002ec0                LTDC_IRQHandler
                0x0000000008002ec0                SPDIF_RX_IRQHandler
                0x0000000008002ec0                PVD_PVM_IRQHandler
                0x0000000008002ec0                OTG_HS_EP1_IN_IRQHandler
                0x0000000008002ec0                DFSDM1_FLT5_IRQHandler
                0x0000000008002ec0                CRS_IRQHandler
                0x0000000008002ec0                EXTI4_IRQHandler
                0x0000000008002ec0                DFSDM1_FLT6_IRQHandler
                0x0000000008002ec0                RNG_IRQHandler
                0x0000000008002ec0                FDCAN2_IT1_IRQHandler
                0x0000000008002ec0                COMP_IRQHandler
                0x0000000008002ec0                TIM1_UP_IRQHandler
                0x0000000008002ec0                OTG_HS_EP1_OUT_IRQHandler
                0x0000000008002ec0                WWDG_IRQHandler
                0x0000000008002ec0                SPI6_IRQHandler
                0x0000000008002ec0                MDIOS_IRQHandler
                0x0000000008002ec0                I2C4_EV_IRQHandler
                0x0000000008002ec0                FDCAN2_IT0_IRQHandler
                0x0000000008002ec0                LPUART1_IRQHandler
                0x0000000008002ec0                FDCAN1_IT0_IRQHandler
                0x0000000008002ec0                TIM2_IRQHandler
                0x0000000008002ec0                BDMA2_Channel5_IRQHandler
                0x0000000008002ec0                OTG_HS_IRQHandler
                0x0000000008002ec0                DMA2D_IRQHandler
                0x0000000008002ec0                TIM1_BRK_IRQHandler
                0x0000000008002ec0                EXTI1_IRQHandler
                0x0000000008002ec0                SDMMC2_IRQHandler
                0x0000000008002ec0                DTS_IRQHandler
                0x0000000008002ec0                UART7_IRQHandler
                0x0000000008002ec0                MDIOS_WKUP_IRQHandler
                0x0000000008002ec0                USART2_IRQHandler
                0x0000000008002ec0                DFSDM1_FLT0_IRQHandler
                0x0000000008002ec0                I2C2_ER_IRQHandler
                0x0000000008002ec0                DMA2_Stream1_IRQHandler
                0x0000000008002ec0                DFSDM1_FLT7_IRQHandler
                0x0000000008002ec0                FLASH_IRQHandler
                0x0000000008002ec0                DMA2_Stream4_IRQHandler
                0x0000000008002ec0                USART1_IRQHandler
                0x0000000008002ec0                SPI3_IRQHandler
                0x0000000008002ec0                WAKEUP_PIN_IRQHandler
                0x0000000008002ec0                I2C1_ER_IRQHandler
                0x0000000008002ec0                FMC_IRQHandler
                0x0000000008002ec0                BDMA2_Channel7_IRQHandler
                0x0000000008002ec0                FDCAN_CAL_IRQHandler
                0x0000000008002ec0                SWPMI1_IRQHandler
                0x0000000008002ec0                LPTIM1_IRQHandler
                0x0000000008002ec0                DCMI_PSSI_IRQHandler
                0x0000000008002ec0                I2C4_ER_IRQHandler
                0x0000000008002ec0                DMA2_Stream6_IRQHandler
                0x0000000008002ec0                SAI1_IRQHandler
                0x0000000008002ec0                RTC_TAMP_STAMP_CSS_LSE_IRQHandler
                0x0000000008002ec0                BDMA2_Channel4_IRQHandler
 *fill*         0x0000000008002ec2        0x2 
 .text.HAL_Init
                0x0000000008002ec4       0x78 ./Drivers/STM32H7xx_HAL_Driver/Src/stm32h7xx_hal.o
                0x0000000008002ec4                HAL_Init
 .text.HAL_InitTick
                0x0000000008002f3c       0x6c ./Drivers/STM32H7xx_HAL_Driver/Src/stm32h7xx_hal.o
                0x0000000008002f3c                HAL_InitTick
 .text.HAL_IncTick
                0x0000000008002fa8       0x28 ./Drivers/STM32H7xx_HAL_Driver/Src/stm32h7xx_hal.o
                0x0000000008002fa8                HAL_IncTick
 .text.HAL_GetTick
                0x0000000008002fd0       0x18 ./Drivers/STM32H7xx_HAL_Driver/Src/stm32h7xx_hal.o
                0x0000000008002fd0                HAL_GetTick
 .text.HAL_Delay
                0x0000000008002fe8       0x48 ./Drivers/STM32H7xx_HAL_Driver/Src/stm32h7xx_hal.o
                0x0000000008002fe8                HAL_Delay
 .text.__NVIC_SetPriorityGrouping
                0x0000000008003030       0x48 ./Drivers/STM32H7xx_HAL_Driver/Src/stm32h7xx_hal_cortex.o
 .text.__NVIC_GetPriorityGrouping
                0x0000000008003078       0x1c ./Drivers/STM32H7xx_HAL_Driver/Src/stm32h7xx_hal_cortex.o
 .text.__NVIC_EnableIRQ
                0x0000000008003094       0x3c ./Drivers/STM32H7xx_HAL_Driver/Src/stm32h7xx_hal_cortex.o
 .text.__NVIC_DisableIRQ
                0x00000000080030d0       0x48 ./Drivers/STM32H7xx_HAL_Driver/Src/stm32h7xx_hal_cortex.o
 .text.__NVIC_SetPriority
                0x0000000008003118       0x54 ./Drivers/STM32H7xx_HAL_Driver/Src/stm32h7xx_hal_cortex.o
 .text.NVIC_EncodePriority
                0x000000000800316c       0x66 ./Drivers/STM32H7xx_HAL_Driver/Src/stm32h7xx_hal_cortex.o
 *fill*         0x00000000080031d2        0x2 
 .text.SysTick_Config
                0x00000000080031d4       0x44 ./Drivers/STM32H7xx_HAL_Driver/Src/stm32h7xx_hal_cortex.o
 .text.HAL_NVIC_SetPriorityGrouping
                0x0000000008003218       0x16 ./Drivers/STM32H7xx_HAL_Driver/Src/stm32h7xx_hal_cortex.o
                0x0000000008003218                HAL_NVIC_SetPriorityGrouping
 .text.HAL_NVIC_SetPriority
                0x000000000800322e       0x34 ./Drivers/STM32H7xx_HAL_Driver/Src/stm32h7xx_hal_cortex.o
                0x000000000800322e                HAL_NVIC_SetPriority
 .text.HAL_NVIC_EnableIRQ
                0x0000000008003262       0x1c ./Drivers/STM32H7xx_HAL_Driver/Src/stm32h7xx_hal_cortex.o
                0x0000000008003262                HAL_NVIC_EnableIRQ
 .text.HAL_NVIC_DisableIRQ
                0x000000000800327e       0x1c ./Drivers/STM32H7xx_HAL_Driver/Src/stm32h7xx_hal_cortex.o
                0x000000000800327e                HAL_NVIC_DisableIRQ
 .text.HAL_SYSTICK_Config
                0x000000000800329a       0x18 ./Drivers/STM32H7xx_HAL_Driver/Src/stm32h7xx_hal_cortex.o
                0x000000000800329a                HAL_SYSTICK_Config
 *fill*         0x00000000080032b2        0x2 
 .text.HAL_DMA_Init
                0x00000000080032b4      0x720 ./Drivers/STM32H7xx_HAL_Driver/Src/stm32h7xx_hal_dma.o
                0x00000000080032b4                HAL_DMA_Init
 .text.HAL_DMA_Start_IT
                0x00000000080039d4      0x4d4 ./Drivers/STM32H7xx_HAL_Driver/Src/stm32h7xx_hal_dma.o
                0x00000000080039d4                HAL_DMA_Start_IT
 .text.HAL_DMA_Abort
                0x0000000008003ea8      0x63c ./Drivers/STM32H7xx_HAL_Driver/Src/stm32h7xx_hal_dma.o
                0x0000000008003ea8                HAL_DMA_Abort
 .text.HAL_DMA_Abort_IT
                0x00000000080044e4      0x48c ./Drivers/STM32H7xx_HAL_Driver/Src/stm32h7xx_hal_dma.o
                0x00000000080044e4                HAL_DMA_Abort_IT
 .text.HAL_DMA_IRQHandler
                0x0000000008004970      0xec4 ./Drivers/STM32H7xx_HAL_Driver/Src/stm32h7xx_hal_dma.o
                0x0000000008004970                HAL_DMA_IRQHandler
 .text.HAL_DMA_GetError
                0x0000000008005834       0x18 ./Drivers/STM32H7xx_HAL_Driver/Src/stm32h7xx_hal_dma.o
                0x0000000008005834                HAL_DMA_GetError
 .text.DMA_SetConfig
                0x000000000800584c      0x3c8 ./Drivers/STM32H7xx_HAL_Driver/Src/stm32h7xx_hal_dma.o
 .text.DMA_CalcBaseAndBitshift
                0x0000000008005c14      0x164 ./Drivers/STM32H7xx_HAL_Driver/Src/stm32h7xx_hal_dma.o
 .text.DMA_CheckFifoParam
                0x0000000008005d78       0xf8 ./Drivers/STM32H7xx_HAL_Driver/Src/stm32h7xx_hal_dma.o
 .text.DMA_CalcDMAMUXChannelBaseAndMask
                0x0000000008005e70      0x134 ./Drivers/STM32H7xx_HAL_Driver/Src/stm32h7xx_hal_dma.o
 .text.DMA_CalcDMAMUXRequestGenBaseAndMask
                0x0000000008005fa4       0xe8 ./Drivers/STM32H7xx_HAL_Driver/Src/stm32h7xx_hal_dma.o
 .text.HAL_GPIO_Init
                0x000000000800608c      0x360 ./Drivers/STM32H7xx_HAL_Driver/Src/stm32h7xx_hal_gpio.o
                0x000000000800608c                HAL_GPIO_Init
 .text.HAL_GPIO_WritePin
                0x00000000080063ec       0x32 ./Drivers/STM32H7xx_HAL_Driver/Src/stm32h7xx_hal_gpio.o
                0x00000000080063ec                HAL_GPIO_WritePin
 .text.HAL_GPIO_TogglePin
                0x000000000800641e       0x34 ./Drivers/STM32H7xx_HAL_Driver/Src/stm32h7xx_hal_gpio.o
                0x000000000800641e                HAL_GPIO_TogglePin
 .text.HAL_GPIO_EXTI_IRQHandler
                0x0000000008006452       0x34 ./Drivers/STM32H7xx_HAL_Driver/Src/stm32h7xx_hal_gpio.o
                0x0000000008006452                HAL_GPIO_EXTI_IRQHandler
 *fill*         0x0000000008006486        0x2 
 .text.HAL_PWREx_ConfigSupply
                0x0000000008006488       0x74 ./Drivers/STM32H7xx_HAL_Driver/Src/stm32h7xx_hal_pwr_ex.o
                0x0000000008006488                HAL_PWREx_ConfigSupply
 .text.HAL_RCC_OscConfig
                0x00000000080064fc      0x80c ./Drivers/STM32H7xx_HAL_Driver/Src/stm32h7xx_hal_rcc.o
                0x00000000080064fc                HAL_RCC_OscConfig
 .text.HAL_RCC_ClockConfig
                0x0000000008006d08      0x36c ./Drivers/STM32H7xx_HAL_Driver/Src/stm32h7xx_hal_rcc.o
                0x0000000008006d08                HAL_RCC_ClockConfig
 .text.HAL_RCC_GetSysClockFreq
                0x0000000008007074      0x2f4 ./Drivers/STM32H7xx_HAL_Driver/Src/stm32h7xx_hal_rcc.o
                0x0000000008007074                HAL_RCC_GetSysClockFreq
 .text.HAL_RCC_GetHCLKFreq
                0x0000000008007368       0x60 ./Drivers/STM32H7xx_HAL_Driver/Src/stm32h7xx_hal_rcc.o
                0x0000000008007368                HAL_RCC_GetHCLKFreq
 .text.HAL_RCC_GetPCLK1Freq
                0x00000000080073c8       0x2c ./Drivers/STM32H7xx_HAL_Driver/Src/stm32h7xx_hal_rcc.o
                0x00000000080073c8                HAL_RCC_GetPCLK1Freq
 .text.HAL_RCC_GetPCLK2Freq
                0x00000000080073f4       0x2c ./Drivers/STM32H7xx_HAL_Driver/Src/stm32h7xx_hal_rcc.o
                0x00000000080073f4                HAL_RCC_GetPCLK2Freq
 .text.HAL_RCCEx_PeriphCLKConfig
                0x0000000008007420      0xe18 ./Drivers/STM32H7xx_HAL_Driver/Src/stm32h7xx_hal_rcc_ex.o
                0x0000000008007420                HAL_RCCEx_PeriphCLKConfig
 .text.HAL_RCCEx_GetPeriphCLKFreq
                0x0000000008008238      0x85c ./Drivers/STM32H7xx_HAL_Driver/Src/stm32h7xx_hal_rcc_ex.o
                0x0000000008008238                HAL_RCCEx_GetPeriphCLKFreq
 .text.HAL_RCCEx_GetD3PCLK1Freq
                0x0000000008008a94       0x2c ./Drivers/STM32H7xx_HAL_Driver/Src/stm32h7xx_hal_rcc_ex.o
                0x0000000008008a94                HAL_RCCEx_GetD3PCLK1Freq
 .text.HAL_RCCEx_GetPLL2ClockFreq
                0x0000000008008ac0      0x2a8 ./Drivers/STM32H7xx_HAL_Driver/Src/stm32h7xx_hal_rcc_ex.o
                0x0000000008008ac0                HAL_RCCEx_GetPLL2ClockFreq
 .text.HAL_RCCEx_GetPLL3ClockFreq
                0x0000000008008d68      0x2a8 ./Drivers/STM32H7xx_HAL_Driver/Src/stm32h7xx_hal_rcc_ex.o
                0x0000000008008d68                HAL_RCCEx_GetPLL3ClockFreq
 .text.HAL_RCCEx_GetPLL1ClockFreq
                0x0000000008009010      0x2a4 ./Drivers/STM32H7xx_HAL_Driver/Src/stm32h7xx_hal_rcc_ex.o
                0x0000000008009010                HAL_RCCEx_GetPLL1ClockFreq
 .text.RCCEx_PLL2_Config
                0x00000000080092b4      0x164 ./Drivers/STM32H7xx_HAL_Driver/Src/stm32h7xx_hal_rcc_ex.o
 .text.RCCEx_PLL3_Config
                0x0000000008009418      0x164 ./Drivers/STM32H7xx_HAL_Driver/Src/stm32h7xx_hal_rcc_ex.o
 .text.HAL_SD_Init
                0x000000000800957c      0x106 ./Drivers/STM32H7xx_HAL_Driver/Src/stm32h7xx_hal_sd.o
                0x000000000800957c                HAL_SD_Init
 *fill*         0x0000000008009682        0x2 
 .text.HAL_SD_InitCard
                0x0000000008009684      0x12c ./Drivers/STM32H7xx_HAL_Driver/Src/stm32h7xx_hal_sd.o
                0x0000000008009684                HAL_SD_InitCard
 .text.HAL_SD_ReadBlocks_DMA
                0x00000000080097b0      0x150 ./Drivers/STM32H7xx_HAL_Driver/Src/stm32h7xx_hal_sd.o
                0x00000000080097b0                HAL_SD_ReadBlocks_DMA
 .text.HAL_SD_WriteBlocks_DMA
                0x0000000008009900      0x150 ./Drivers/STM32H7xx_HAL_Driver/Src/stm32h7xx_hal_sd.o
                0x0000000008009900                HAL_SD_WriteBlocks_DMA
 .text.HAL_SD_IRQHandler
                0x0000000008009a50      0x370 ./Drivers/STM32H7xx_HAL_Driver/Src/stm32h7xx_hal_sd.o
                0x0000000008009a50                HAL_SD_IRQHandler
 .text.HAL_SD_ErrorCallback
                0x0000000008009dc0       0x14 ./Drivers/STM32H7xx_HAL_Driver/Src/stm32h7xx_hal_sd.o
                0x0000000008009dc0                HAL_SD_ErrorCallback
 .text.HAL_SD_GetCardCSD
                0x0000000008009dd4      0x348 ./Drivers/STM32H7xx_HAL_Driver/Src/stm32h7xx_hal_sd.o
                0x0000000008009dd4                HAL_SD_GetCardCSD
 .text.HAL_SD_GetCardStatus
                0x000000000800a11c      0x17c ./Drivers/STM32H7xx_HAL_Driver/Src/stm32h7xx_hal_sd.o
                0x000000000800a11c                HAL_SD_GetCardStatus
 .text.HAL_SD_GetCardInfo
                0x000000000800a298       0x58 ./Drivers/STM32H7xx_HAL_Driver/Src/stm32h7xx_hal_sd.o
                0x000000000800a298                HAL_SD_GetCardInfo
 .text.HAL_SD_ConfigWideBusOperation
                0x000000000800a2f0      0x224 ./Drivers/STM32H7xx_HAL_Driver/Src/stm32h7xx_hal_sd.o
                0x000000000800a2f0                HAL_SD_ConfigWideBusOperation
 .text.HAL_SD_GetCardState
                0x000000000800a514       0x40 ./Drivers/STM32H7xx_HAL_Driver/Src/stm32h7xx_hal_sd.o
                0x000000000800a514                HAL_SD_GetCardState
 .text.SD_InitCard
                0x000000000800a554      0x19c ./Drivers/STM32H7xx_HAL_Driver/Src/stm32h7xx_hal_sd.o
 .text.SD_PowerON
                0x000000000800a6f0      0x11c ./Drivers/STM32H7xx_HAL_Driver/Src/stm32h7xx_hal_sd.o
 .text.SD_SendSDStatus
                0x000000000800a80c      0x1a0 ./Drivers/STM32H7xx_HAL_Driver/Src/stm32h7xx_hal_sd.o
 .text.SD_SendStatus
                0x000000000800a9ac       0x50 ./Drivers/STM32H7xx_HAL_Driver/Src/stm32h7xx_hal_sd.o
 .text.SD_WideBus_Enable
                0x000000000800a9fc       0x96 ./Drivers/STM32H7xx_HAL_Driver/Src/stm32h7xx_hal_sd.o
 .text.SD_WideBus_Disable
                0x000000000800aa92       0x96 ./Drivers/STM32H7xx_HAL_Driver/Src/stm32h7xx_hal_sd.o
 .text.SD_FindSCR
                0x000000000800ab28      0x1a0 ./Drivers/STM32H7xx_HAL_Driver/Src/stm32h7xx_hal_sd.o
 .text.SD_Read_IT
                0x000000000800acc8       0x8c ./Drivers/STM32H7xx_HAL_Driver/Src/stm32h7xx_hal_sd.o
 .text.SD_Write_IT
                0x000000000800ad54       0x94 ./Drivers/STM32H7xx_HAL_Driver/Src/stm32h7xx_hal_sd.o
 .text.HAL_SDEx_Read_DMADoubleBuf0CpltCallback
                0x000000000800ade8       0x14 ./Drivers/STM32H7xx_HAL_Driver/Src/stm32h7xx_hal_sd.o
                0x000000000800ade8                HAL_SDEx_Read_DMADoubleBuf0CpltCallback
 .text.HAL_SDEx_Read_DMADoubleBuf1CpltCallback
                0x000000000800adfc       0x14 ./Drivers/STM32H7xx_HAL_Driver/Src/stm32h7xx_hal_sd.o
                0x000000000800adfc                HAL_SDEx_Read_DMADoubleBuf1CpltCallback
 .text.HAL_SDEx_Write_DMADoubleBuf0CpltCallback
                0x000000000800ae10       0x14 ./Drivers/STM32H7xx_HAL_Driver/Src/stm32h7xx_hal_sd.o
                0x000000000800ae10                HAL_SDEx_Write_DMADoubleBuf0CpltCallback
 .text.HAL_SDEx_Write_DMADoubleBuf1CpltCallback
                0x000000000800ae24       0x14 ./Drivers/STM32H7xx_HAL_Driver/Src/stm32h7xx_hal_sd.o
                0x000000000800ae24                HAL_SDEx_Write_DMADoubleBuf1CpltCallback
 .text.HAL_SDRAM_Init
                0x000000000800ae38       0x78 ./Drivers/STM32H7xx_HAL_Driver/Src/stm32h7xx_hal_sdram.o
                0x000000000800ae38                HAL_SDRAM_Init
 .text.HAL_SDRAM_SendCommand
                0x000000000800aeb0       0x6a ./Drivers/STM32H7xx_HAL_Driver/Src/stm32h7xx_hal_sdram.o
                0x000000000800aeb0                HAL_SDRAM_SendCommand
 .text.HAL_SDRAM_ProgramRefreshRate
                0x000000000800af1a       0x50 ./Drivers/STM32H7xx_HAL_Driver/Src/stm32h7xx_hal_sdram.o
                0x000000000800af1a                HAL_SDRAM_ProgramRefreshRate
 *fill*         0x000000000800af6a        0x2 
 .text.HAL_SPI_Init
                0x000000000800af6c      0x20c ./Drivers/STM32H7xx_HAL_Driver/Src/stm32h7xx_hal_spi.o
                0x000000000800af6c                HAL_SPI_Init
 .text.HAL_SPI_Transmit
                0x000000000800b178      0x3e4 ./Drivers/STM32H7xx_HAL_Driver/Src/stm32h7xx_hal_spi.o
                0x000000000800b178                HAL_SPI_Transmit
 .text.HAL_SPI_TransmitReceive_DMA
                0x000000000800b55c      0x3ac ./Drivers/STM32H7xx_HAL_Driver/Src/stm32h7xx_hal_spi.o
                0x000000000800b55c                HAL_SPI_TransmitReceive_DMA
 .text.HAL_SPI_IRQHandler
                0x000000000800b908      0x398 ./Drivers/STM32H7xx_HAL_Driver/Src/stm32h7xx_hal_spi.o
                0x000000000800b908                HAL_SPI_IRQHandler
 .text.HAL_SPI_TxCpltCallback
                0x000000000800bca0       0x14 ./Drivers/STM32H7xx_HAL_Driver/Src/stm32h7xx_hal_spi.o
                0x000000000800bca0                HAL_SPI_TxCpltCallback
 .text.HAL_SPI_RxCpltCallback
                0x000000000800bcb4       0x14 ./Drivers/STM32H7xx_HAL_Driver/Src/stm32h7xx_hal_spi.o
                0x000000000800bcb4                HAL_SPI_RxCpltCallback
 .text.HAL_SPI_RxHalfCpltCallback
                0x000000000800bcc8       0x14 ./Drivers/STM32H7xx_HAL_Driver/Src/stm32h7xx_hal_spi.o
                0x000000000800bcc8                HAL_SPI_RxHalfCpltCallback
 .text.HAL_SPI_TxRxHalfCpltCallback
                0x000000000800bcdc       0x14 ./Drivers/STM32H7xx_HAL_Driver/Src/stm32h7xx_hal_spi.o
                0x000000000800bcdc                HAL_SPI_TxRxHalfCpltCallback
 .text.HAL_SPI_ErrorCallback
                0x000000000800bcf0       0x14 ./Drivers/STM32H7xx_HAL_Driver/Src/stm32h7xx_hal_spi.o
                0x000000000800bcf0                HAL_SPI_ErrorCallback
 .text.SPI_DMAReceiveCplt
                0x000000000800bd04       0x46 ./Drivers/STM32H7xx_HAL_Driver/Src/stm32h7xx_hal_spi.o
 .text.SPI_DMATransmitReceiveCplt
                0x000000000800bd4a       0x46 ./Drivers/STM32H7xx_HAL_Driver/Src/stm32h7xx_hal_spi.o
 .text.SPI_DMAHalfReceiveCplt
                0x000000000800bd90       0x1c ./Drivers/STM32H7xx_HAL_Driver/Src/stm32h7xx_hal_spi.o
 .text.SPI_DMAHalfTransmitReceiveCplt
                0x000000000800bdac       0x1c ./Drivers/STM32H7xx_HAL_Driver/Src/stm32h7xx_hal_spi.o
 .text.SPI_DMAError
                0x000000000800bdc8       0x46 ./Drivers/STM32H7xx_HAL_Driver/Src/stm32h7xx_hal_spi.o
 .text.SPI_DMAAbortOnError
                0x000000000800be0e       0x34 ./Drivers/STM32H7xx_HAL_Driver/Src/stm32h7xx_hal_spi.o
 *fill*         0x000000000800be42        0x2 
 .text.SPI_CloseTransfer
                0x000000000800be44      0x140 ./Drivers/STM32H7xx_HAL_Driver/Src/stm32h7xx_hal_spi.o
 .text.SPI_WaitOnFlagUntilTimeout
                0x000000000800bf84       0x5c ./Drivers/STM32H7xx_HAL_Driver/Src/stm32h7xx_hal_spi.o
 .text.SPI_GetPacketSize
                0x000000000800bfe0       0x36 ./Drivers/STM32H7xx_HAL_Driver/Src/stm32h7xx_hal_spi.o
 .text.HAL_TIM_Base_Init
                0x000000000800c016       0xae ./Drivers/STM32H7xx_HAL_Driver/Src/stm32h7xx_hal_tim.o
                0x000000000800c016                HAL_TIM_Base_Init
 .text.HAL_TIM_Base_Start_IT
                0x000000000800c0c4       0xf0 ./Drivers/STM32H7xx_HAL_Driver/Src/stm32h7xx_hal_tim.o
                0x000000000800c0c4                HAL_TIM_Base_Start_IT
 .text.HAL_TIM_PWM_Init
                0x000000000800c1b4       0xae ./Drivers/STM32H7xx_HAL_Driver/Src/stm32h7xx_hal_tim.o
                0x000000000800c1b4                HAL_TIM_PWM_Init
 .text.HAL_TIM_PWM_MspInit
                0x000000000800c262       0x14 ./Drivers/STM32H7xx_HAL_Driver/Src/stm32h7xx_hal_tim.o
                0x000000000800c262                HAL_TIM_PWM_MspInit
 .text.HAL_TIM_IC_Init
                0x000000000800c276       0xae ./Drivers/STM32H7xx_HAL_Driver/Src/stm32h7xx_hal_tim.o
                0x000000000800c276                HAL_TIM_IC_Init
 .text.HAL_TIM_IC_MspInit
                0x000000000800c324       0x14 ./Drivers/STM32H7xx_HAL_Driver/Src/stm32h7xx_hal_tim.o
                0x000000000800c324                HAL_TIM_IC_MspInit
 .text.HAL_TIM_IRQHandler
                0x000000000800c338      0x23e ./Drivers/STM32H7xx_HAL_Driver/Src/stm32h7xx_hal_tim.o
                0x000000000800c338                HAL_TIM_IRQHandler
 .text.HAL_TIM_IC_ConfigChannel
                0x000000000800c576      0x138 ./Drivers/STM32H7xx_HAL_Driver/Src/stm32h7xx_hal_tim.o
                0x000000000800c576                HAL_TIM_IC_ConfigChannel
 *fill*         0x000000000800c6ae        0x2 
 .text.HAL_TIM_PWM_ConfigChannel
                0x000000000800c6b0      0x228 ./Drivers/STM32H7xx_HAL_Driver/Src/stm32h7xx_hal_tim.o
                0x000000000800c6b0                HAL_TIM_PWM_ConfigChannel
 .text.HAL_TIM_ConfigClockSource
                0x000000000800c8d8      0x1f0 ./Drivers/STM32H7xx_HAL_Driver/Src/stm32h7xx_hal_tim.o
                0x000000000800c8d8                HAL_TIM_ConfigClockSource
 .text.HAL_TIM_SlaveConfigSynchro
                0x000000000800cac8       0x84 ./Drivers/STM32H7xx_HAL_Driver/Src/stm32h7xx_hal_tim.o
                0x000000000800cac8                HAL_TIM_SlaveConfigSynchro
 .text.HAL_TIM_OC_DelayElapsedCallback
                0x000000000800cb4c       0x14 ./Drivers/STM32H7xx_HAL_Driver/Src/stm32h7xx_hal_tim.o
                0x000000000800cb4c                HAL_TIM_OC_DelayElapsedCallback
 .text.HAL_TIM_IC_CaptureCallback
                0x000000000800cb60       0x14 ./Drivers/STM32H7xx_HAL_Driver/Src/stm32h7xx_hal_tim.o
                0x000000000800cb60                HAL_TIM_IC_CaptureCallback
 .text.HAL_TIM_PWM_PulseFinishedCallback
                0x000000000800cb74       0x14 ./Drivers/STM32H7xx_HAL_Driver/Src/stm32h7xx_hal_tim.o
                0x000000000800cb74                HAL_TIM_PWM_PulseFinishedCallback
 .text.HAL_TIM_TriggerCallback
                0x000000000800cb88       0x14 ./Drivers/STM32H7xx_HAL_Driver/Src/stm32h7xx_hal_tim.o
                0x000000000800cb88                HAL_TIM_TriggerCallback
 .text.TIM_Base_SetConfig
                0x000000000800cb9c      0x134 ./Drivers/STM32H7xx_HAL_Driver/Src/stm32h7xx_hal_tim.o
                0x000000000800cb9c                TIM_Base_SetConfig
 .text.TIM_OC1_SetConfig
                0x000000000800ccd0      0x120 ./Drivers/STM32H7xx_HAL_Driver/Src/stm32h7xx_hal_tim.o
 .text.TIM_OC2_SetConfig
                0x000000000800cdf0      0x114 ./Drivers/STM32H7xx_HAL_Driver/Src/stm32h7xx_hal_tim.o
                0x000000000800cdf0                TIM_OC2_SetConfig
 .text.TIM_OC3_SetConfig
                0x000000000800cf04      0x110 ./Drivers/STM32H7xx_HAL_Driver/Src/stm32h7xx_hal_tim.o
 .text.TIM_OC4_SetConfig
                0x000000000800d014       0xd4 ./Drivers/STM32H7xx_HAL_Driver/Src/stm32h7xx_hal_tim.o
 .text.TIM_OC5_SetConfig
                0x000000000800d0e8       0xc8 ./Drivers/STM32H7xx_HAL_Driver/Src/stm32h7xx_hal_tim.o
 .text.TIM_OC6_SetConfig
                0x000000000800d1b0       0xcc ./Drivers/STM32H7xx_HAL_Driver/Src/stm32h7xx_hal_tim.o
 .text.TIM_SlaveTimer_SetConfig
                0x000000000800d27c      0x1d4 ./Drivers/STM32H7xx_HAL_Driver/Src/stm32h7xx_hal_tim.o
 .text.TIM_TI1_SetConfig
                0x000000000800d450       0xe8 ./Drivers/STM32H7xx_HAL_Driver/Src/stm32h7xx_hal_tim.o
                0x000000000800d450                TIM_TI1_SetConfig
 .text.TIM_TI1_ConfigInputStage
                0x000000000800d538       0x5e ./Drivers/STM32H7xx_HAL_Driver/Src/stm32h7xx_hal_tim.o
 .text.TIM_TI2_SetConfig
                0x000000000800d596       0x7a ./Drivers/STM32H7xx_HAL_Driver/Src/stm32h7xx_hal_tim.o
 .text.TIM_TI2_ConfigInputStage
                0x000000000800d610       0x60 ./Drivers/STM32H7xx_HAL_Driver/Src/stm32h7xx_hal_tim.o
 .text.TIM_TI3_SetConfig
                0x000000000800d670       0x78 ./Drivers/STM32H7xx_HAL_Driver/Src/stm32h7xx_hal_tim.o
 .text.TIM_TI4_SetConfig
                0x000000000800d6e8       0x7a ./Drivers/STM32H7xx_HAL_Driver/Src/stm32h7xx_hal_tim.o
 *fill*         0x000000000800d762        0x2 
 .text.TIM_ITRx_SetConfig
                0x000000000800d764       0x3c ./Drivers/STM32H7xx_HAL_Driver/Src/stm32h7xx_hal_tim.o
 .text.TIM_ETR_SetConfig
                0x000000000800d7a0       0x40 ./Drivers/STM32H7xx_HAL_Driver/Src/stm32h7xx_hal_tim.o
                0x000000000800d7a0                TIM_ETR_SetConfig
 .text.HAL_TIMEx_MasterConfigSynchronization
                0x000000000800d7e0      0x11c ./Drivers/STM32H7xx_HAL_Driver/Src/stm32h7xx_hal_tim_ex.o
                0x000000000800d7e0                HAL_TIMEx_MasterConfigSynchronization
 .text.HAL_TIMEx_ConfigBreakDeadTime
                0x000000000800d8fc      0x140 ./Drivers/STM32H7xx_HAL_Driver/Src/stm32h7xx_hal_tim_ex.o
                0x000000000800d8fc                HAL_TIMEx_ConfigBreakDeadTime
 .text.HAL_TIMEx_CommutCallback
                0x000000000800da3c       0x14 ./Drivers/STM32H7xx_HAL_Driver/Src/stm32h7xx_hal_tim_ex.o
                0x000000000800da3c                HAL_TIMEx_CommutCallback
 .text.HAL_TIMEx_BreakCallback
                0x000000000800da50       0x14 ./Drivers/STM32H7xx_HAL_Driver/Src/stm32h7xx_hal_tim_ex.o
                0x000000000800da50                HAL_TIMEx_BreakCallback
 .text.HAL_TIMEx_Break2Callback
                0x000000000800da64       0x14 ./Drivers/STM32H7xx_HAL_Driver/Src/stm32h7xx_hal_tim_ex.o
                0x000000000800da64                HAL_TIMEx_Break2Callback
 .text.HAL_UART_Init
                0x000000000800da78       0xa0 ./Drivers/STM32H7xx_HAL_Driver/Src/stm32h7xx_hal_uart.o
                0x000000000800da78                HAL_UART_Init
 .text.HAL_UART_Transmit
                0x000000000800db18      0x12c ./Drivers/STM32H7xx_HAL_Driver/Src/stm32h7xx_hal_uart.o
                0x000000000800db18                HAL_UART_Transmit
 .text.HAL_UART_Receive_IT
                0x000000000800dc44       0xac ./Drivers/STM32H7xx_HAL_Driver/Src/stm32h7xx_hal_uart.o
                0x000000000800dc44                HAL_UART_Receive_IT
 .text.HAL_UART_IRQHandler
                0x000000000800dcf0      0x73c ./Drivers/STM32H7xx_HAL_Driver/Src/stm32h7xx_hal_uart.o
                0x000000000800dcf0                HAL_UART_IRQHandler
 .text.HAL_UART_TxCpltCallback
                0x000000000800e42c       0x14 ./Drivers/STM32H7xx_HAL_Driver/Src/stm32h7xx_hal_uart.o
                0x000000000800e42c                HAL_UART_TxCpltCallback
 .text.HAL_UART_ErrorCallback
                0x000000000800e440       0x14 ./Drivers/STM32H7xx_HAL_Driver/Src/stm32h7xx_hal_uart.o
                0x000000000800e440                HAL_UART_ErrorCallback
 .text.HAL_UARTEx_RxEventCallback
                0x000000000800e454       0x18 ./Drivers/STM32H7xx_HAL_Driver/Src/stm32h7xx_hal_uart.o
                0x000000000800e454                HAL_UARTEx_RxEventCallback
 .text.UART_SetConfig
                0x000000000800e46c      0xcd8 ./Drivers/STM32H7xx_HAL_Driver/Src/stm32h7xx_hal_uart.o
                0x000000000800e46c                UART_SetConfig
 .text.UART_AdvFeatureConfig
                0x000000000800f144      0x144 ./Drivers/STM32H7xx_HAL_Driver/Src/stm32h7xx_hal_uart.o
                0x000000000800f144                UART_AdvFeatureConfig
 .text.UART_CheckIdleState
                0x000000000800f288       0x96 ./Drivers/STM32H7xx_HAL_Driver/Src/stm32h7xx_hal_uart.o
                0x000000000800f288                UART_CheckIdleState
 .text.UART_WaitOnFlagUntilTimeout
                0x000000000800f31e      0x190 ./Drivers/STM32H7xx_HAL_Driver/Src/stm32h7xx_hal_uart.o
                0x000000000800f31e                UART_WaitOnFlagUntilTimeout
 *fill*         0x000000000800f4ae        0x2 
 .text.UART_Start_Receive_IT
                0x000000000800f4b0      0x254 ./Drivers/STM32H7xx_HAL_Driver/Src/stm32h7xx_hal_uart.o
                0x000000000800f4b0                UART_Start_Receive_IT
 .text.UART_EndRxTransfer
                0x000000000800f704       0xcc ./Drivers/STM32H7xx_HAL_Driver/Src/stm32h7xx_hal_uart.o
 .text.UART_DMAAbortOnError
                0x000000000800f7d0       0x2c ./Drivers/STM32H7xx_HAL_Driver/Src/stm32h7xx_hal_uart.o
 .text.UART_EndTransmit_IT
                0x000000000800f7fc       0x56 ./Drivers/STM32H7xx_HAL_Driver/Src/stm32h7xx_hal_uart.o
 .text.UART_RxISR_8BIT
                0x000000000800f852      0x160 ./Drivers/STM32H7xx_HAL_Driver/Src/stm32h7xx_hal_uart.o
 .text.UART_RxISR_16BIT
                0x000000000800f9b2      0x160 ./Drivers/STM32H7xx_HAL_Driver/Src/stm32h7xx_hal_uart.o
 *fill*         0x000000000800fb12        0x2 
 .text.UART_RxISR_8BIT_FIFOEN
                0x000000000800fb14      0x2f8 ./Drivers/STM32H7xx_HAL_Driver/Src/stm32h7xx_hal_uart.o
 .text.UART_RxISR_16BIT_FIFOEN
                0x000000000800fe0c      0x300 ./Drivers/STM32H7xx_HAL_Driver/Src/stm32h7xx_hal_uart.o
 .text.HAL_UARTEx_WakeupCallback
                0x000000000801010c       0x14 ./Drivers/STM32H7xx_HAL_Driver/Src/stm32h7xx_hal_uart_ex.o
                0x000000000801010c                HAL_UARTEx_WakeupCallback
 .text.HAL_UARTEx_RxFifoFullCallback
                0x0000000008010120       0x14 ./Drivers/STM32H7xx_HAL_Driver/Src/stm32h7xx_hal_uart_ex.o
                0x0000000008010120                HAL_UARTEx_RxFifoFullCallback
 .text.HAL_UARTEx_TxFifoEmptyCallback
                0x0000000008010134       0x14 ./Drivers/STM32H7xx_HAL_Driver/Src/stm32h7xx_hal_uart_ex.o
                0x0000000008010134                HAL_UARTEx_TxFifoEmptyCallback
 .text.HAL_UARTEx_DisableFifoMode
                0x0000000008010148       0x72 ./Drivers/STM32H7xx_HAL_Driver/Src/stm32h7xx_hal_uart_ex.o
                0x0000000008010148                HAL_UARTEx_DisableFifoMode
 .text.HAL_UARTEx_SetTxFifoThreshold
                0x00000000080101ba       0x7c ./Drivers/STM32H7xx_HAL_Driver/Src/stm32h7xx_hal_uart_ex.o
                0x00000000080101ba                HAL_UARTEx_SetTxFifoThreshold
 .text.HAL_UARTEx_SetRxFifoThreshold
                0x0000000008010236       0x7c ./Drivers/STM32H7xx_HAL_Driver/Src/stm32h7xx_hal_uart_ex.o
                0x0000000008010236                HAL_UARTEx_SetRxFifoThreshold
 *fill*         0x00000000080102b2        0x2 
 .text.UARTEx_SetNbDataToProcess
                0x00000000080102b4       0x9c ./Drivers/STM32H7xx_HAL_Driver/Src/stm32h7xx_hal_uart_ex.o
 .text.FMC_SDRAM_Init
                0x0000000008010350       0xb8 ./Drivers/STM32H7xx_HAL_Driver/Src/stm32h7xx_ll_fmc.o
                0x0000000008010350                FMC_SDRAM_Init
 .text.FMC_SDRAM_Timing_Init
                0x0000000008010408       0xd4 ./Drivers/STM32H7xx_HAL_Driver/Src/stm32h7xx_ll_fmc.o
                0x0000000008010408                FMC_SDRAM_Timing_Init
 .text.FMC_SDRAM_SendCommand
                0x00000000080104dc       0x48 ./Drivers/STM32H7xx_HAL_Driver/Src/stm32h7xx_ll_fmc.o
                0x00000000080104dc                FMC_SDRAM_SendCommand
 .text.FMC_SDRAM_ProgramRefreshRate
                0x0000000008010524       0x30 ./Drivers/STM32H7xx_HAL_Driver/Src/stm32h7xx_ll_fmc.o
                0x0000000008010524                FMC_SDRAM_ProgramRefreshRate
 .text.SDMMC_Init
                0x0000000008010554       0x54 ./Drivers/STM32H7xx_HAL_Driver/Src/stm32h7xx_ll_sdmmc.o
                0x0000000008010554                SDMMC_Init
 .text.SDMMC_ReadFIFO
                0x00000000080105a8       0x1a ./Drivers/STM32H7xx_HAL_Driver/Src/stm32h7xx_ll_sdmmc.o
                0x00000000080105a8                SDMMC_ReadFIFO
 .text.SDMMC_WriteFIFO
                0x00000000080105c2       0x22 ./Drivers/STM32H7xx_HAL_Driver/Src/stm32h7xx_ll_sdmmc.o
                0x00000000080105c2                SDMMC_WriteFIFO
 .text.SDMMC_PowerState_ON
                0x00000000080105e4       0x22 ./Drivers/STM32H7xx_HAL_Driver/Src/stm32h7xx_ll_sdmmc.o
                0x00000000080105e4                SDMMC_PowerState_ON
 .text.SDMMC_GetPowerState
                0x0000000008010606       0x1c ./Drivers/STM32H7xx_HAL_Driver/Src/stm32h7xx_ll_sdmmc.o
                0x0000000008010606                SDMMC_GetPowerState
 *fill*         0x0000000008010622        0x2 
 .text.SDMMC_SendCommand
                0x0000000008010624       0x54 ./Drivers/STM32H7xx_HAL_Driver/Src/stm32h7xx_ll_sdmmc.o
                0x0000000008010624                SDMMC_SendCommand
 .text.SDMMC_GetCommandResponse
                0x0000000008010678       0x1a ./Drivers/STM32H7xx_HAL_Driver/Src/stm32h7xx_ll_sdmmc.o
                0x0000000008010678                SDMMC_GetCommandResponse
 .text.SDMMC_GetResponse
                0x0000000008010692       0x26 ./Drivers/STM32H7xx_HAL_Driver/Src/stm32h7xx_ll_sdmmc.o
                0x0000000008010692                SDMMC_GetResponse
 .text.SDMMC_ConfigData
                0x00000000080106b8       0x58 ./Drivers/STM32H7xx_HAL_Driver/Src/stm32h7xx_ll_sdmmc.o
                0x00000000080106b8                SDMMC_ConfigData
 .text.SDMMC_CmdBlockLength
                0x0000000008010710       0x46 ./Drivers/STM32H7xx_HAL_Driver/Src/stm32h7xx_ll_sdmmc.o
                0x0000000008010710                SDMMC_CmdBlockLength
 .text.SDMMC_CmdReadSingleBlock
                0x0000000008010756       0x46 ./Drivers/STM32H7xx_HAL_Driver/Src/stm32h7xx_ll_sdmmc.o
                0x0000000008010756                SDMMC_CmdReadSingleBlock
 .text.SDMMC_CmdReadMultiBlock
                0x000000000801079c       0x46 ./Drivers/STM32H7xx_HAL_Driver/Src/stm32h7xx_ll_sdmmc.o
                0x000000000801079c                SDMMC_CmdReadMultiBlock
 .text.SDMMC_CmdWriteSingleBlock
                0x00000000080107e2       0x46 ./Drivers/STM32H7xx_HAL_Driver/Src/stm32h7xx_ll_sdmmc.o
                0x00000000080107e2                SDMMC_CmdWriteSingleBlock
 .text.SDMMC_CmdWriteMultiBlock
                0x0000000008010828       0x46 ./Drivers/STM32H7xx_HAL_Driver/Src/stm32h7xx_ll_sdmmc.o
                0x0000000008010828                SDMMC_CmdWriteMultiBlock
 *fill*         0x000000000801086e        0x2 
 .text.SDMMC_CmdStopTransfer
                0x0000000008010870       0x78 ./Drivers/STM32H7xx_HAL_Driver/Src/stm32h7xx_ll_sdmmc.o
                0x0000000008010870                SDMMC_CmdStopTransfer
 .text.SDMMC_CmdSelDesel
                0x00000000080108e8       0x46 ./Drivers/STM32H7xx_HAL_Driver/Src/stm32h7xx_ll_sdmmc.o
                0x00000000080108e8                SDMMC_CmdSelDesel
 .text.SDMMC_CmdGoIdleState
                0x000000000801092e       0x3c ./Drivers/STM32H7xx_HAL_Driver/Src/stm32h7xx_ll_sdmmc.o
                0x000000000801092e                SDMMC_CmdGoIdleState
 .text.SDMMC_CmdOperCond
                0x000000000801096a       0x40 ./Drivers/STM32H7xx_HAL_Driver/Src/stm32h7xx_ll_sdmmc.o
                0x000000000801096a                SDMMC_CmdOperCond
 .text.SDMMC_CmdAppCommand
                0x00000000080109aa       0x46 ./Drivers/STM32H7xx_HAL_Driver/Src/stm32h7xx_ll_sdmmc.o
                0x00000000080109aa                SDMMC_CmdAppCommand
 .text.SDMMC_CmdAppOperCommand
                0x00000000080109f0       0x40 ./Drivers/STM32H7xx_HAL_Driver/Src/stm32h7xx_ll_sdmmc.o
                0x00000000080109f0                SDMMC_CmdAppOperCommand
 .text.SDMMC_CmdBusWidth
                0x0000000008010a30       0x46 ./Drivers/STM32H7xx_HAL_Driver/Src/stm32h7xx_ll_sdmmc.o
                0x0000000008010a30                SDMMC_CmdBusWidth
 .text.SDMMC_CmdSendSCR
                0x0000000008010a76       0x44 ./Drivers/STM32H7xx_HAL_Driver/Src/stm32h7xx_ll_sdmmc.o
                0x0000000008010a76                SDMMC_CmdSendSCR
 .text.SDMMC_CmdSendCID
                0x0000000008010aba       0x3e ./Drivers/STM32H7xx_HAL_Driver/Src/stm32h7xx_ll_sdmmc.o
                0x0000000008010aba                SDMMC_CmdSendCID
 .text.SDMMC_CmdSendCSD
                0x0000000008010af8       0x40 ./Drivers/STM32H7xx_HAL_Driver/Src/stm32h7xx_ll_sdmmc.o
                0x0000000008010af8                SDMMC_CmdSendCSD
 .text.SDMMC_CmdSetRelAdd
                0x0000000008010b38       0x44 ./Drivers/STM32H7xx_HAL_Driver/Src/stm32h7xx_ll_sdmmc.o
                0x0000000008010b38                SDMMC_CmdSetRelAdd
 .text.SDMMC_CmdSendStatus
                0x0000000008010b7c       0x46 ./Drivers/STM32H7xx_HAL_Driver/Src/stm32h7xx_ll_sdmmc.o
                0x0000000008010b7c                SDMMC_CmdSendStatus
 .text.SDMMC_CmdStatusRegister
                0x0000000008010bc2       0x44 ./Drivers/STM32H7xx_HAL_Driver/Src/stm32h7xx_ll_sdmmc.o
                0x0000000008010bc2                SDMMC_CmdStatusRegister
 *fill*         0x0000000008010c06        0x2 
 .text.SDMMC_GetCmdResp1
                0x0000000008010c08      0x1e4 ./Drivers/STM32H7xx_HAL_Driver/Src/stm32h7xx_ll_sdmmc.o
                0x0000000008010c08                SDMMC_GetCmdResp1
 .text.SDMMC_GetCmdResp2
                0x0000000008010dec       0x94 ./Drivers/STM32H7xx_HAL_Driver/Src/stm32h7xx_ll_sdmmc.o
                0x0000000008010dec                SDMMC_GetCmdResp2
 .text.SDMMC_GetCmdResp3
                0x0000000008010e80       0x80 ./Drivers/STM32H7xx_HAL_Driver/Src/stm32h7xx_ll_sdmmc.o
                0x0000000008010e80                SDMMC_GetCmdResp3
 .text.SDMMC_GetCmdResp6
                0x0000000008010f00       0xf0 ./Drivers/STM32H7xx_HAL_Driver/Src/stm32h7xx_ll_sdmmc.o
                0x0000000008010f00                SDMMC_GetCmdResp6
 .text.SDMMC_GetCmdResp7
                0x0000000008010ff0       0x9c ./Drivers/STM32H7xx_HAL_Driver/Src/stm32h7xx_ll_sdmmc.o
                0x0000000008010ff0                SDMMC_GetCmdResp7
 .text.SDMMC_GetCmdError
                0x000000000801108c       0x5c ./Drivers/STM32H7xx_HAL_Driver/Src/stm32h7xx_ll_sdmmc.o
 .text.MX_FATFS_Init
                0x00000000080110e8       0x24 ./FATFS/App/fatfs.o
                0x00000000080110e8                MX_FATFS_Init
 .text.BSP_SD_Init
                0x000000000801110c       0x4c ./FATFS/Target/bsp_driver_sd.o
                0x000000000801110c                BSP_SD_Init
 .text.BSP_SD_ReadBlocks_DMA
                0x0000000008011158       0x34 ./FATFS/Target/bsp_driver_sd.o
                0x0000000008011158                BSP_SD_ReadBlocks_DMA
 .text.BSP_SD_WriteBlocks_DMA
                0x000000000801118c       0x34 ./FATFS/Target/bsp_driver_sd.o
                0x000000000801118c                BSP_SD_WriteBlocks_DMA
 .text.BSP_SD_GetCardState
                0x00000000080111c0       0x20 ./FATFS/Target/bsp_driver_sd.o
                0x00000000080111c0                BSP_SD_GetCardState
 .text.BSP_SD_GetCardInfo
                0x00000000080111e0       0x1c ./FATFS/Target/bsp_driver_sd.o
                0x00000000080111e0                BSP_SD_GetCardInfo
 .text.HAL_SD_TxCpltCallback
                0x00000000080111fc       0x14 ./FATFS/Target/bsp_driver_sd.o
                0x00000000080111fc                HAL_SD_TxCpltCallback
 .text.HAL_SD_RxCpltCallback
                0x0000000008011210       0x14 ./FATFS/Target/bsp_driver_sd.o
                0x0000000008011210                HAL_SD_RxCpltCallback
 .text.BSP_SD_IsDetected
                0x0000000008011224       0x1a ./FATFS/Target/bsp_driver_sd.o
                0x0000000008011224                BSP_SD_IsDetected
 .text.SD_CheckStatusWithTimeout
                0x000000000801123e       0x3a ./FATFS/Target/sd_diskio.o
 .text.SD_CheckStatus
                0x0000000008011278       0x3c ./FATFS/Target/sd_diskio.o
 .text.SD_initialize
                0x00000000080112b4       0x38 ./FATFS/Target/sd_diskio.o
                0x00000000080112b4                SD_initialize
 .text.SD_status
                0x00000000080112ec       0x1c ./FATFS/Target/sd_diskio.o
                0x00000000080112ec                SD_status
 .text.SD_read  0x0000000008011308       0xac ./FATFS/Target/sd_diskio.o
                0x0000000008011308                SD_read
 .text.SD_write
                0x00000000080113b4       0xac ./FATFS/Target/sd_diskio.o
                0x00000000080113b4                SD_write
 .text.SD_ioctl
                0x0000000008011460       0xb0 ./FATFS/Target/sd_diskio.o
                0x0000000008011460                SD_ioctl
 .text.BSP_SD_WriteCpltCallback
                0x0000000008011510       0x18 ./FATFS/Target/sd_diskio.o
                0x0000000008011510                BSP_SD_WriteCpltCallback
 .text.BSP_SD_ReadCpltCallback
                0x0000000008011528       0x18 ./FATFS/Target/sd_diskio.o
                0x0000000008011528                BSP_SD_ReadCpltCallback
 .text.disk_status
                0x0000000008011540       0x34 ./Middlewares/Third_Party/FatFs/src/diskio.o
                0x0000000008011540                disk_status
 .text.disk_initialize
                0x0000000008011574       0x4c ./Middlewares/Third_Party/FatFs/src/diskio.o
                0x0000000008011574                disk_initialize
 .text.disk_read
                0x00000000080115c0       0x40 ./Middlewares/Third_Party/FatFs/src/diskio.o
                0x00000000080115c0                disk_read
 .text.disk_write
                0x0000000008011600       0x40 ./Middlewares/Third_Party/FatFs/src/diskio.o
                0x0000000008011600                disk_write
 .text.ld_word  0x0000000008011640       0x30 ./Middlewares/Third_Party/FatFs/src/ff.o
 .text.ld_dword
                0x0000000008011670       0x46 ./Middlewares/Third_Party/FatFs/src/ff.o
 *fill*         0x00000000080116b6        0x2 
 .text.clear_lock
                0x00000000080116b8       0x48 ./Middlewares/Third_Party/FatFs/src/ff.o
 .text.sync_window
                0x0000000008011700       0x88 ./Middlewares/Third_Party/FatFs/src/ff.o
 .text.move_window
                0x0000000008011788       0x5a ./Middlewares/Third_Party/FatFs/src/ff.o
 .text.get_ldnumber
                0x00000000080117e2       0x88 ./Middlewares/Third_Party/FatFs/src/ff.o
 *fill*         0x000000000801186a        0x2 
 .text.check_fs
                0x000000000801186c       0xac ./Middlewares/Third_Party/FatFs/src/ff.o
 .text.find_volume
                0x0000000008011918      0x498 ./Middlewares/Third_Party/FatFs/src/ff.o
 .text.f_mount  0x0000000008011db0       0x8c ./Middlewares/Third_Party/FatFs/src/ff.o
                0x0000000008011db0                f_mount
 .text.FATFS_LinkDriverEx
                0x0000000008011e3c       0x98 ./Middlewares/Third_Party/FatFs/src/ff_gen_drv.o
                0x0000000008011e3c                FATFS_LinkDriverEx
 .text.FATFS_LinkDriver
                0x0000000008011ed4       0x1e ./Middlewares/Third_Party/FatFs/src/ff_gen_drv.o
                0x0000000008011ed4                FATFS_LinkDriver
 *fill*         0x0000000008011ef2        0x2 
 .text.__errno  0x0000000008011ef4        0xc c:/program files/stm32cubeide_1.10.1/stm32cubeide/plugins/com.st.stm32cube.ide.mcu.externaltools.gnu-tools-for-stm32.10.3-2021.10.win32_1.0.0.202111181127/tools/bin/../lib/gcc/arm-none-eabi/10.3.1/../../../../arm-none-eabi/lib/thumb/v7e-m+dp/hard\libc_nano.a(lib_a-errno.o)
                0x0000000008011ef4                __errno
 .text.__libc_init_array
                0x0000000008011f00       0x48 c:/program files/stm32cubeide_1.10.1/stm32cubeide/plugins/com.st.stm32cube.ide.mcu.externaltools.gnu-tools-for-stm32.10.3-2021.10.win32_1.0.0.202111181127/tools/bin/../lib/gcc/arm-none-eabi/10.3.1/../../../../arm-none-eabi/lib/thumb/v7e-m+dp/hard\libc_nano.a(lib_a-init.o)
                0x0000000008011f00                __libc_init_array
 .text.memset   0x0000000008011f48       0x10 c:/program files/stm32cubeide_1.10.1/stm32cubeide/plugins/com.st.stm32cube.ide.mcu.externaltools.gnu-tools-for-stm32.10.3-2021.10.win32_1.0.0.202111181127/tools/bin/../lib/gcc/arm-none-eabi/10.3.1/../../../../arm-none-eabi/lib/thumb/v7e-m+dp/hard\libc_nano.a(lib_a-memset.o)
                0x0000000008011f48                memset
 .text.sprintf  0x0000000008011f58       0x40 c:/program files/stm32cubeide_1.10.1/stm32cubeide/plugins/com.st.stm32cube.ide.mcu.externaltools.gnu-tools-for-stm32.10.3-2021.10.win32_1.0.0.202111181127/tools/bin/../lib/gcc/arm-none-eabi/10.3.1/../../../../arm-none-eabi/lib/thumb/v7e-m+dp/hard\libc_nano.a(lib_a-sprintf.o)
                0x0000000008011f58                siprintf
                0x0000000008011f58                sprintf
 .text.__ssputs_r
                0x0000000008011f98       0xb6 c:/program files/stm32cubeide_1.10.1/stm32cubeide/plugins/com.st.stm32cube.ide.mcu.externaltools.gnu-tools-for-stm32.10.3-2021.10.win32_1.0.0.202111181127/tools/bin/../lib/gcc/arm-none-eabi/10.3.1/../../../../arm-none-eabi/lib/thumb/v7e-m+dp/hard\libc_nano.a(lib_a-nano-svfprintf.o)
                0x0000000008011f98                __ssputs_r
 *fill*         0x000000000801204e        0x2 
 .text._svfprintf_r
                0x0000000008012050      0x200 c:/program files/stm32cubeide_1.10.1/stm32cubeide/plugins/com.st.stm32cube.ide.mcu.externaltools.gnu-tools-for-stm32.10.3-2021.10.win32_1.0.0.202111181127/tools/bin/../lib/gcc/arm-none-eabi/10.3.1/../../../../arm-none-eabi/lib/thumb/v7e-m+dp/hard\libc_nano.a(lib_a-nano-svfprintf.o)
                0x0000000008012050                _svfiprintf_r
                0x0000000008012050                _svfprintf_r
 .text._printf_common
                0x0000000008012250       0xda c:/program files/stm32cubeide_1.10.1/stm32cubeide/plugins/com.st.stm32cube.ide.mcu.externaltools.gnu-tools-for-stm32.10.3-2021.10.win32_1.0.0.202111181127/tools/bin/../lib/gcc/arm-none-eabi/10.3.1/../../../../arm-none-eabi/lib/thumb/v7e-m+dp/hard\libc_nano.a(lib_a-nano-vfprintf_i.o)
                0x0000000008012250                _printf_common
 *fill*         0x000000000801232a        0x2 
 .text._printf_i
                0x000000000801232c      0x24c c:/program files/stm32cubeide_1.10.1/stm32cubeide/plugins/com.st.stm32cube.ide.mcu.externaltools.gnu-tools-for-stm32.10.3-2021.10.win32_1.0.0.202111181127/tools/bin/../lib/gcc/arm-none-eabi/10.3.1/../../../../arm-none-eabi/lib/thumb/v7e-m+dp/hard\libc_nano.a(lib_a-nano-vfprintf_i.o)
                0x000000000801232c                _printf_i
 .text.memcpy   0x0000000008012578       0x1c c:/program files/stm32cubeide_1.10.1/stm32cubeide/plugins/com.st.stm32cube.ide.mcu.externaltools.gnu-tools-for-stm32.10.3-2021.10.win32_1.0.0.202111181127/tools/bin/../lib/gcc/arm-none-eabi/10.3.1/../../../../arm-none-eabi/lib/thumb/v7e-m+dp/hard\libc_nano.a(lib_a-memcpy-stub.o)
                0x0000000008012578                memcpy
 .text.memmove  0x0000000008012594       0x34 c:/program files/stm32cubeide_1.10.1/stm32cubeide/plugins/com.st.stm32cube.ide.mcu.externaltools.gnu-tools-for-stm32.10.3-2021.10.win32_1.0.0.202111181127/tools/bin/../lib/gcc/arm-none-eabi/10.3.1/../../../../arm-none-eabi/lib/thumb/v7e-m+dp/hard\libc_nano.a(lib_a-memmove.o)
                0x0000000008012594                memmove
 .text._free_r  0x00000000080125c8       0x98 c:/program files/stm32cubeide_1.10.1/stm32cubeide/plugins/com.st.stm32cube.ide.mcu.externaltools.gnu-tools-for-stm32.10.3-2021.10.win32_1.0.0.202111181127/tools/bin/../lib/gcc/arm-none-eabi/10.3.1/../../../../arm-none-eabi/lib/thumb/v7e-m+dp/hard\libc_nano.a(lib_a-nano-freer.o)
                0x00000000080125c8                _free_r
 .text.sbrk_aligned
                0x0000000008012660       0x40 c:/program files/stm32cubeide_1.10.1/stm32cubeide/plugins/com.st.stm32cube.ide.mcu.externaltools.gnu-tools-for-stm32.10.3-2021.10.win32_1.0.0.202111181127/tools/bin/../lib/gcc/arm-none-eabi/10.3.1/../../../../arm-none-eabi/lib/thumb/v7e-m+dp/hard\libc_nano.a(lib_a-nano-mallocr.o)
 .text._malloc_r
                0x00000000080126a0       0xe8 c:/program files/stm32cubeide_1.10.1/stm32cubeide/plugins/com.st.stm32cube.ide.mcu.externaltools.gnu-tools-for-stm32.10.3-2021.10.win32_1.0.0.202111181127/tools/bin/../lib/gcc/arm-none-eabi/10.3.1/../../../../arm-none-eabi/lib/thumb/v7e-m+dp/hard\libc_nano.a(lib_a-nano-mallocr.o)
                0x00000000080126a0                _malloc_r
 .text._realloc_r
                0x0000000008012788       0x5e c:/program files/stm32cubeide_1.10.1/stm32cubeide/plugins/com.st.stm32cube.ide.mcu.externaltools.gnu-tools-for-stm32.10.3-2021.10.win32_1.0.0.202111181127/tools/bin/../lib/gcc/arm-none-eabi/10.3.1/../../../../arm-none-eabi/lib/thumb/v7e-m+dp/hard\libc_nano.a(lib_a-nano-reallocr.o)
                0x0000000008012788                _realloc_r
 *fill*         0x00000000080127e6        0x2 
 .text._sbrk_r  0x00000000080127e8       0x20 c:/program files/stm32cubeide_1.10.1/stm32cubeide/plugins/com.st.stm32cube.ide.mcu.externaltools.gnu-tools-for-stm32.10.3-2021.10.win32_1.0.0.202111181127/tools/bin/../lib/gcc/arm-none-eabi/10.3.1/../../../../arm-none-eabi/lib/thumb/v7e-m+dp/hard\libc_nano.a(lib_a-sbrkr.o)
                0x00000000080127e8                _sbrk_r
 .text.__malloc_lock
                0x0000000008012808        0xc c:/program files/stm32cubeide_1.10.1/stm32cubeide/plugins/com.st.stm32cube.ide.mcu.externaltools.gnu-tools-for-stm32.10.3-2021.10.win32_1.0.0.202111181127/tools/bin/../lib/gcc/arm-none-eabi/10.3.1/../../../../arm-none-eabi/lib/thumb/v7e-m+dp/hard\libc_nano.a(lib_a-mlock.o)
                0x0000000008012808                __malloc_lock
 .text.__malloc_unlock
                0x0000000008012814        0xc c:/program files/stm32cubeide_1.10.1/stm32cubeide/plugins/com.st.stm32cube.ide.mcu.externaltools.gnu-tools-for-stm32.10.3-2021.10.win32_1.0.0.202111181127/tools/bin/../lib/gcc/arm-none-eabi/10.3.1/../../../../arm-none-eabi/lib/thumb/v7e-m+dp/hard\libc_nano.a(lib_a-mlock.o)
                0x0000000008012814                __malloc_unlock
 .text._malloc_usable_size_r
                0x0000000008012820       0x10 c:/program files/stm32cubeide_1.10.1/stm32cubeide/plugins/com.st.stm32cube.ide.mcu.externaltools.gnu-tools-for-stm32.10.3-2021.10.win32_1.0.0.202111181127/tools/bin/../lib/gcc/arm-none-eabi/10.3.1/../../../../arm-none-eabi/lib/thumb/v7e-m+dp/hard\libc_nano.a(lib_a-nano-msizer.o)
                0x0000000008012820                _malloc_usable_size_r
 .text.__retarget_lock_acquire_recursive
                0x0000000008012830        0x2 c:/program files/stm32cubeide_1.10.1/stm32cubeide/plugins/com.st.stm32cube.ide.mcu.externaltools.gnu-tools-for-stm32.10.3-2021.10.win32_1.0.0.202111181127/tools/bin/../lib/gcc/arm-none-eabi/10.3.1/../../../../arm-none-eabi/lib/thumb/v7e-m+dp/hard\libc_nano.a(lib_a-lock.o)
                0x0000000008012830                __retarget_lock_acquire_recursive
 .text.__retarget_lock_release_recursive
                0x0000000008012832        0x2 c:/program files/stm32cubeide_1.10.1/stm32cubeide/plugins/com.st.stm32cube.ide.mcu.externaltools.gnu-tools-for-stm32.10.3-2021.10.win32_1.0.0.202111181127/tools/bin/../lib/gcc/arm-none-eabi/10.3.1/../../../../arm-none-eabi/lib/thumb/v7e-m+dp/hard\libc_nano.a(lib_a-lock.o)
                0x0000000008012832                __retarget_lock_release_recursive
 *(.glue_7)
 .glue_7        0x0000000008012834        0x0 linker stubs
 *(.glue_7t)
 .glue_7t       0x0000000008012834        0x0 linker stubs
 *(.eh_frame)
 .eh_frame      0x0000000008012834        0x0 c:/program files/stm32cubeide_1.10.1/stm32cubeide/plugins/com.st.stm32cube.ide.mcu.externaltools.gnu-tools-for-stm32.10.3-2021.10.win32_1.0.0.202111181127/tools/bin/../lib/gcc/arm-none-eabi/10.3.1/thumb/v7e-m+dp/hard/crtbegin.o
 *(.init)
 .init          0x0000000008012834        0x4 c:/program files/stm32cubeide_1.10.1/stm32cubeide/plugins/com.st.stm32cube.ide.mcu.externaltools.gnu-tools-for-stm32.10.3-2021.10.win32_1.0.0.202111181127/tools/bin/../lib/gcc/arm-none-eabi/10.3.1/thumb/v7e-m+dp/hard/crti.o
                0x0000000008012834                _init
 .init          0x0000000008012838        0x8 c:/program files/stm32cubeide_1.10.1/stm32cubeide/plugins/com.st.stm32cube.ide.mcu.externaltools.gnu-tools-for-stm32.10.3-2021.10.win32_1.0.0.202111181127/tools/bin/../lib/gcc/arm-none-eabi/10.3.1/thumb/v7e-m+dp/hard/crtn.o
 *(.fini)
 .fini          0x0000000008012840        0x4 c:/program files/stm32cubeide_1.10.1/stm32cubeide/plugins/com.st.stm32cube.ide.mcu.externaltools.gnu-tools-for-stm32.10.3-2021.10.win32_1.0.0.202111181127/tools/bin/../lib/gcc/arm-none-eabi/10.3.1/thumb/v7e-m+dp/hard/crti.o
                0x0000000008012840                _fini
 .fini          0x0000000008012844        0x8 c:/program files/stm32cubeide_1.10.1/stm32cubeide/plugins/com.st.stm32cube.ide.mcu.externaltools.gnu-tools-for-stm32.10.3-2021.10.win32_1.0.0.202111181127/tools/bin/../lib/gcc/arm-none-eabi/10.3.1/thumb/v7e-m+dp/hard/crtn.o
                0x000000000801284c                . = ALIGN (0x4)
                0x000000000801284c                _etext = .

.vfp11_veneer   0x000000000801284c        0x0
 .vfp11_veneer  0x000000000801284c        0x0 linker stubs

.v4_bx          0x000000000801284c        0x0
 .v4_bx         0x000000000801284c        0x0 linker stubs

.iplt           0x000000000801284c        0x0
 .iplt          0x000000000801284c        0x0 c:/program files/stm32cubeide_1.10.1/stm32cubeide/plugins/com.st.stm32cube.ide.mcu.externaltools.gnu-tools-for-stm32.10.3-2021.10.win32_1.0.0.202111181127/tools/bin/../lib/gcc/arm-none-eabi/10.3.1/thumb/v7e-m+dp/hard/crtbegin.o

.rodata         0x000000000801284c       0xd8
                0x000000000801284c                . = ALIGN (0x4)
 *(.rodata)
 .rodata        0x000000000801284c       0x4f ./Core/Src/spi_adc.o
 *(.rodata*)
 *fill*         0x000000000801289b        0x1 
 .rodata.D1CorePrescTable
                0x000000000801289c       0x10 ./Core/Src/system_stm32h7xx.o
                0x000000000801289c                D1CorePrescTable
 .rodata.flagBitshiftOffset.0
                0x00000000080128ac        0x8 ./Drivers/STM32H7xx_HAL_Driver/Src/stm32h7xx_hal_dma.o
 .rodata.UARTPrescTable
                0x00000000080128b4       0x18 ./Drivers/STM32H7xx_HAL_Driver/Src/stm32h7xx_hal_uart.o
                0x00000000080128b4                UARTPrescTable
 .rodata.numerator.1
                0x00000000080128cc        0x8 ./Drivers/STM32H7xx_HAL_Driver/Src/stm32h7xx_hal_uart_ex.o
 .rodata.denominator.0
                0x00000000080128d4        0x8 ./Drivers/STM32H7xx_HAL_Driver/Src/stm32h7xx_hal_uart_ex.o
 .rodata.SD_Driver
                0x00000000080128dc       0x14 ./FATFS/Target/sd_diskio.o
                0x00000000080128dc                SD_Driver
 .rodata._svfprintf_r.str1.1
                0x00000000080128f0       0x11 c:/program files/stm32cubeide_1.10.1/stm32cubeide/plugins/com.st.stm32cube.ide.mcu.externaltools.gnu-tools-for-stm32.10.3-2021.10.win32_1.0.0.202111181127/tools/bin/../lib/gcc/arm-none-eabi/10.3.1/../../../../arm-none-eabi/lib/thumb/v7e-m+dp/hard\libc_nano.a(lib_a-nano-svfprintf.o)
 .rodata._printf_i.str1.1
                0x0000000008012901       0x22 c:/program files/stm32cubeide_1.10.1/stm32cubeide/plugins/com.st.stm32cube.ide.mcu.externaltools.gnu-tools-for-stm32.10.3-2021.10.win32_1.0.0.202111181127/tools/bin/../lib/gcc/arm-none-eabi/10.3.1/../../../../arm-none-eabi/lib/thumb/v7e-m+dp/hard\libc_nano.a(lib_a-nano-vfprintf_i.o)
                0x0000000008012924                . = ALIGN (0x4)
 *fill*         0x0000000008012923        0x1 

.ARM.extab
 *(.ARM.extab* .gnu.linkonce.armextab.*)

.ARM            0x0000000008012924        0x8
                0x0000000008012924                __exidx_start = .
 *(.ARM.exidx*)
 .ARM.exidx     0x0000000008012924        0x8 c:/program files/stm32cubeide_1.10.1/stm32cubeide/plugins/com.st.stm32cube.ide.mcu.externaltools.gnu-tools-for-stm32.10.3-2021.10.win32_1.0.0.202111181127/tools/bin/../lib/gcc/arm-none-eabi/10.3.1/thumb/v7e-m+dp/hard\libgcc.a(_udivmoddi4.o)
                0x000000000801292c                __exidx_end = .

.rel.dyn        0x000000000801292c        0x0
 .rel.iplt      0x000000000801292c        0x0 c:/program files/stm32cubeide_1.10.1/stm32cubeide/plugins/com.st.stm32cube.ide.mcu.externaltools.gnu-tools-for-stm32.10.3-2021.10.win32_1.0.0.202111181127/tools/bin/../lib/gcc/arm-none-eabi/10.3.1/thumb/v7e-m+dp/hard/crtbegin.o

.preinit_array  0x000000000801292c        0x0
                0x000000000801292c                PROVIDE (__preinit_array_start = .)
 *(.preinit_array*)
                0x000000000801292c                PROVIDE (__preinit_array_end = .)

.init_array     0x000000000801292c        0x4
                0x000000000801292c                PROVIDE (__init_array_start = .)
 *(SORT_BY_NAME(.init_array.*))
 *(.init_array*)
 .init_array    0x000000000801292c        0x4 c:/program files/stm32cubeide_1.10.1/stm32cubeide/plugins/com.st.stm32cube.ide.mcu.externaltools.gnu-tools-for-stm32.10.3-2021.10.win32_1.0.0.202111181127/tools/bin/../lib/gcc/arm-none-eabi/10.3.1/thumb/v7e-m+dp/hard/crtbegin.o
                0x0000000008012930                PROVIDE (__init_array_end = .)

.fini_array     0x0000000008012930        0x4
                [!provide]                        PROVIDE (__fini_array_start = .)
 *(SORT_BY_NAME(.fini_array.*))
 *(.fini_array*)
 .fini_array    0x0000000008012930        0x4 c:/program files/stm32cubeide_1.10.1/stm32cubeide/plugins/com.st.stm32cube.ide.mcu.externaltools.gnu-tools-for-stm32.10.3-2021.10.win32_1.0.0.202111181127/tools/bin/../lib/gcc/arm-none-eabi/10.3.1/thumb/v7e-m+dp/hard/crtbegin.o
                [!provide]                        PROVIDE (__fini_array_end = .)
                0x0000000008012934                _sidata = LOADADDR (.data)

.data           0x0000000024000000       0x7c load address 0x0000000008012934
                0x0000000024000000                . = ALIGN (0x4)
                0x0000000024000000                _sdata = .
 *(.data)
 *(.data*)
 .data.SPS_VALUE_5
                0x0000000024000000        0x1 ./Core/Src/main.o
                0x0000000024000000                SPS_VALUE_5
 .data.SPS_VALUE_20
                0x0000000024000001        0x1 ./Core/Src/main.o
                0x0000000024000001                SPS_VALUE_20
 .data.SPS_VALUE_100
                0x0000000024000002        0x1 ./Core/Src/main.o
                0x0000000024000002                SPS_VALUE_100
 .data.SPS_VALUE_500
                0x0000000024000003        0x1 ./Core/Src/main.o
                0x0000000024000003                SPS_VALUE_500
 .data.SPS_VALUE_1000
                0x0000000024000004        0x1 ./Core/Src/main.o
                0x0000000024000004                SPS_VALUE_1000
 *fill*         0x0000000024000005        0x3 
 .data.SystemCoreClock
                0x0000000024000008        0x4 ./Core/Src/system_stm32h7xx.o
                0x0000000024000008                SystemCoreClock
 .data.SystemD2Clock
                0x000000002400000c        0x4 ./Core/Src/system_stm32h7xx.o
                0x000000002400000c                SystemD2Clock
 .data.uwTickPrio
                0x0000000024000010        0x4 ./Drivers/STM32H7xx_HAL_Driver/Src/stm32h7xx_hal.o
                0x0000000024000010                uwTickPrio
 .data.uwTickFreq
                0x0000000024000014        0x1 ./Drivers/STM32H7xx_HAL_Driver/Src/stm32h7xx_hal.o
                0x0000000024000014                uwTickFreq
 .data.Stat     0x0000000024000015        0x1 ./FATFS/Target/sd_diskio.o
 *fill*         0x0000000024000016        0x2 
 .data._impure_ptr
                0x0000000024000018        0x4 c:/program files/stm32cubeide_1.10.1/stm32cubeide/plugins/com.st.stm32cube.ide.mcu.externaltools.gnu-tools-for-stm32.10.3-2021.10.win32_1.0.0.202111181127/tools/bin/../lib/gcc/arm-none-eabi/10.3.1/../../../../arm-none-eabi/lib/thumb/v7e-m+dp/hard\libc_nano.a(lib_a-impure.o)
                0x0000000024000018                _impure_ptr
 .data.impure_data
                0x000000002400001c       0x60 c:/program files/stm32cubeide_1.10.1/stm32cubeide/plugins/com.st.stm32cube.ide.mcu.externaltools.gnu-tools-for-stm32.10.3-2021.10.win32_1.0.0.202111181127/tools/bin/../lib/gcc/arm-none-eabi/10.3.1/../../../../arm-none-eabi/lib/thumb/v7e-m+dp/hard\libc_nano.a(lib_a-impure.o)
 *(.RamFunc)
 *(.RamFunc*)
                0x000000002400007c                . = ALIGN (0x4)
                0x000000002400007c                _edata = .

.igot.plt       0x000000002400007c        0x0 load address 0x00000000080129b0
 .igot.plt      0x000000002400007c        0x0 c:/program files/stm32cubeide_1.10.1/stm32cubeide/plugins/com.st.stm32cube.ide.mcu.externaltools.gnu-tools-for-stm32.10.3-2021.10.win32_1.0.0.202111181127/tools/bin/../lib/gcc/arm-none-eabi/10.3.1/thumb/v7e-m+dp/hard/crtbegin.o
                0x000000002400007c                . = ALIGN (0x4)

.bss            0x000000002400007c     0x89f0 load address 0x00000000080129b0
                0x000000002400007c                _sbss = .
                0x000000002400007c                __bss_start__ = _sbss
 *(.bss)
 .bss           0x000000002400007c       0x1c c:/program files/stm32cubeide_1.10.1/stm32cubeide/plugins/com.st.stm32cube.ide.mcu.externaltools.gnu-tools-for-stm32.10.3-2021.10.win32_1.0.0.202111181127/tools/bin/../lib/gcc/arm-none-eabi/10.3.1/thumb/v7e-m+dp/hard/crtbegin.o
 *(.bss*)
 .bss.aTxBuffer
                0x0000000024000098     0x4000 ./Core/Src/fmc_sdram.o
                0x0000000024000098                aTxBuffer
 .bss.aRxBuffer
                0x0000000024004098     0x4000 ./Core/Src/fmc_sdram.o
                0x0000000024004098                aRxBuffer
 .bss.uwIndex   0x0000000024008098        0x4 ./Core/Src/fmc_sdram.o
                0x0000000024008098                uwIndex
 .bss.uwWriteReadStatus
                0x000000002400809c        0x4 ./Core/Src/fmc_sdram.o
                0x000000002400809c                uwWriteReadStatus
 .bss.hsd1      0x00000000240080a0       0x7c ./Core/Src/main.o
                0x00000000240080a0                hsd1
 .bss.hspi1     0x000000002400811c       0x88 ./Core/Src/main.o
                0x000000002400811c                hspi1
 .bss.hspi2     0x00000000240081a4       0x88 ./Core/Src/main.o
                0x00000000240081a4                hspi2
 .bss.hspi4     0x000000002400822c       0x88 ./Core/Src/main.o
                0x000000002400822c                hspi4
 .bss.hdma_spi1_rx
                0x00000000240082b4       0x78 ./Core/Src/main.o
                0x00000000240082b4                hdma_spi1_rx
 .bss.hdma_spi1_tx
                0x000000002400832c       0x78 ./Core/Src/main.o
                0x000000002400832c                hdma_spi1_tx
 .bss.hdma_spi2_rx
                0x00000000240083a4       0x78 ./Core/Src/main.o
                0x00000000240083a4                hdma_spi2_rx
 .bss.hdma_spi2_tx
                0x000000002400841c       0x78 ./Core/Src/main.o
                0x000000002400841c                hdma_spi2_tx
 .bss.hdma_spi4_rx
                0x0000000024008494       0x78 ./Core/Src/main.o
                0x0000000024008494                hdma_spi4_rx
 .bss.hdma_spi4_tx
                0x000000002400850c       0x78 ./Core/Src/main.o
                0x000000002400850c                hdma_spi4_tx
 .bss.htim1     0x0000000024008584       0x4c ./Core/Src/main.o
                0x0000000024008584                htim1
 .bss.htim2     0x00000000240085d0       0x4c ./Core/Src/main.o
                0x00000000240085d0                htim2
 .bss.htim16    0x000000002400861c       0x4c ./Core/Src/main.o
                0x000000002400861c                htim16
 .bss.huart4    0x0000000024008668       0x90 ./Core/Src/main.o
                0x0000000024008668                huart4
 .bss.hdma_uart4_tx
                0x00000000240086f8       0x78 ./Core/Src/main.o
                0x00000000240086f8                hdma_uart4_tx
 .bss.hsdram1   0x0000000024008770       0x34 ./Core/Src/main.o
                0x0000000024008770                hsdram1
 .bss.fmc_command
                0x00000000240087a4       0x10 ./Core/Src/main.o
                0x00000000240087a4                fmc_command
 .bss.sd_card_write_values_enable
                0x00000000240087b4        0x1 ./Core/Src/main.o
                0x00000000240087b4                sd_card_write_values_enable
 *fill*         0x00000000240087b5        0x3 
 .bss.pTxData   0x00000000240087b8        0x4 ./Core/Src/main.o
                0x00000000240087b8                pTxData
 .bss.spi1ValuesBufferCounter
                0x00000000240087bc        0x4 ./Core/Src/main.o
                0x00000000240087bc                spi1ValuesBufferCounter
 .bss.spi2ValuesBufferCounter
                0x00000000240087c0        0x4 ./Core/Src/main.o
                0x00000000240087c0                spi2ValuesBufferCounter
 .bss.spi4ValuesBufferCounter
                0x00000000240087c4        0x4 ./Core/Src/main.o
                0x00000000240087c4                spi4ValuesBufferCounter
 .bss.spiCommonBufferCounter
                0x00000000240087c8        0x4 ./Core/Src/main.o
                0x00000000240087c8                spiCommonBufferCounter
 .bss.spi1Buffer
                0x00000000240087cc        0x4 ./Core/Src/main.o
                0x00000000240087cc                spi1Buffer
 .bss.spi2Buffer
                0x00000000240087d0        0x4 ./Core/Src/main.o
                0x00000000240087d0                spi2Buffer
 .bss.spi4Buffer
                0x00000000240087d4        0x4 ./Core/Src/main.o
                0x00000000240087d4                spi4Buffer
 .bss.rxUart4Buffer
                0x00000000240087d8        0x1 ./Core/Src/main.o
                0x00000000240087d8                rxUart4Buffer
 .bss.uartCommand
                0x00000000240087d9        0x1 ./Core/Src/main.o
                0x00000000240087d9                uartCommand
 .bss.uartNewCommand
                0x00000000240087da        0x1 ./Core/Src/main.o
                0x00000000240087da                uartNewCommand
 .bss.res       0x00000000240087db        0x1 ./Core/Src/sd_card.o
                0x00000000240087db                res
 .bss.FMC_Initialized
                0x00000000240087dc        0x4 ./Core/Src/stm32h7xx_hal_msp.o
 .bss.__sbrk_heap_end
                0x00000000240087e0        0x4 ./Core/Src/sysmem.o
 .bss.uwTick    0x00000000240087e4        0x4 ./Drivers/STM32H7xx_HAL_Driver/Src/stm32h7xx_hal.o
                0x00000000240087e4                uwTick
 .bss.retSD     0x00000000240087e8        0x1 ./FATFS/App/fatfs.o
                0x00000000240087e8                retSD
 *fill*         0x00000000240087e9        0x3 
 .bss.SDPath    0x00000000240087ec        0x4 ./FATFS/App/fatfs.o
                0x00000000240087ec                SDPath
 .bss.SDFatFS   0x00000000240087f0      0x230 ./FATFS/App/fatfs.o
                0x00000000240087f0                SDFatFS
 .bss.WriteStatus
                0x0000000024008a20        0x4 ./FATFS/Target/sd_diskio.o
 .bss.ReadStatus
                0x0000000024008a24        0x4 ./FATFS/Target/sd_diskio.o
 .bss.FatFs     0x0000000024008a28        0x4 ./Middlewares/Third_Party/FatFs/src/ff.o
 .bss.Fsid      0x0000000024008a2c        0x2 ./Middlewares/Third_Party/FatFs/src/ff.o
 *fill*         0x0000000024008a2e        0x2 
 .bss.Files     0x0000000024008a30       0x20 ./Middlewares/Third_Party/FatFs/src/ff.o
 .bss.disk      0x0000000024008a50        0xc ./Middlewares/Third_Party/FatFs/src/ff_gen_drv.o
                0x0000000024008a50                disk
 .bss.__malloc_free_list
                0x0000000024008a5c        0x4 c:/program files/stm32cubeide_1.10.1/stm32cubeide/plugins/com.st.stm32cube.ide.mcu.externaltools.gnu-tools-for-stm32.10.3-2021.10.win32_1.0.0.202111181127/tools/bin/../lib/gcc/arm-none-eabi/10.3.1/../../../../arm-none-eabi/lib/thumb/v7e-m+dp/hard\libc_nano.a(lib_a-nano-mallocr.o)
                0x0000000024008a5c                __malloc_free_list
 .bss.__malloc_sbrk_start
                0x0000000024008a60        0x4 c:/program files/stm32cubeide_1.10.1/stm32cubeide/plugins/com.st.stm32cube.ide.mcu.externaltools.gnu-tools-for-stm32.10.3-2021.10.win32_1.0.0.202111181127/tools/bin/../lib/gcc/arm-none-eabi/10.3.1/../../../../arm-none-eabi/lib/thumb/v7e-m+dp/hard\libc_nano.a(lib_a-nano-mallocr.o)
                0x0000000024008a60                __malloc_sbrk_start
 .bss.errno     0x0000000024008a64        0x4 c:/program files/stm32cubeide_1.10.1/stm32cubeide/plugins/com.st.stm32cube.ide.mcu.externaltools.gnu-tools-for-stm32.10.3-2021.10.win32_1.0.0.202111181127/tools/bin/../lib/gcc/arm-none-eabi/10.3.1/../../../../arm-none-eabi/lib/thumb/v7e-m+dp/hard\libc_nano.a(lib_a-reent.o)
                0x0000000024008a64                errno
 .bss.__lock___malloc_recursive_mutex
                0x0000000024008a68        0x1 c:/program files/stm32cubeide_1.10.1/stm32cubeide/plugins/com.st.stm32cube.ide.mcu.externaltools.gnu-tools-for-stm32.10.3-2021.10.win32_1.0.0.202111181127/tools/bin/../lib/gcc/arm-none-eabi/10.3.1/../../../../arm-none-eabi/lib/thumb/v7e-m+dp/hard\libc_nano.a(lib_a-lock.o)
                0x0000000024008a68                __lock___malloc_recursive_mutex
 *(COMMON)
                0x0000000024008a6c                . = ALIGN (0x4)
 *fill*         0x0000000024008a69        0x3 
                0x0000000024008a6c                _ebss = .
                0x0000000024008a6c                __bss_end__ = _ebss
