../Core/Src/main.c:376:6:SystemClock_Config	120	static,ignoring_inline_asm
../Core/Src/main.c:442:6:PeriphCommonClock_Config	192	static,ignoring_inline_asm
../Core/Src/main.c:174:5:main	160	static,ignoring_inline_asm
../Core/Src/main.c:1027:6:HAL_GPIO_EXTI_Callback	8	static,ignoring_inline_asm
../Core/Src/main.c:1060:6:HAL_SPI_TxRxCpltCallback	8	static,ignoring_inline_asm
../Core/Src/main.c:1087:6:HAL_UART_RxCpltCallback	8	static
../Core/Src/main.c:1101:6:HAL_TIM_PeriodElapsedCallback	0	static
../Core/Src/main.c:1112:6:Error_Handler	0	static,ignoring_inline_asm
