../Core/Src/main.c:1130:6:setColorLED.part.0	8	static
../Core/Src/main.c:380:6:SystemClock_Config	120	static,ignoring_inline_asm
../Core/Src/main.c:446:6:PeriphCommonClock_Config	192	static,ignoring_inline_asm
../Core/Src/main.c:1074:6:HAL_SPI_TxRxCpltCallback	8	static
../Core/Src/main.c:1098:6:HAL_UART_RxCpltCallback	8	static
../Core/Src/main.c:1113:6:HAL_TIM_PeriodElapsedCallback	0	static
../Core/Src/main.c:1119:10:findMin	0	static
../Core/Src/main.c:1130:6:setColorLED	8	static
../Core/Src/main.c:1031:6:HAL_GPIO_EXTI_Callback	16	static,ignoring_inline_asm
../Core/Src/main.c:1146:6:readConfigFile	152	static
../Core/Src/main.c:1211:6:initialSetupADC	8	static
../Core/Src/main.c:189:5:main	184	static,ignoring_inline_asm
../Core/Src/main.c:1257:6:Error_Handler	0	static,ignoring_inline_asm
