../Core/Src/spi_adc.c:38:6:spi1_adc_init	72	static
../Core/Src/spi_adc.c:110:6:spi2_adc_init	72	static
../Core/Src/spi_adc.c:182:6:spi4_adc_init	80	static
../Core/Src/spi_adc.c:255:6:run_all_adc	8	static
../Core/Src/spi_adc.c:265:6:spi1_read_send_default	48	static,ignoring_inline_asm
../Core/Src/spi_adc.c:294:6:spi2_read_send_default	48	static,ignoring_inline_asm
../Core/Src/spi_adc.c:325:6:spi1_read_write_continuous_conversion_mode	48	static,ignoring_inline_asm
../Core/Src/spi_adc.c:355:6:spi1_read_2k_samples	40	static
../Core/Src/spi_adc.c:373:6:spi1_compute_and_send_values	48	static
../Core/Src/spi_adc.c:395:6:spi1_soft_reset	16	static
../Core/Src/spi_adc.c:402:6:spi2_soft_reset	16	static
../Core/Src/spi_adc.c:409:6:spi4_soft_reset	16	static
../Core/Src/spi_adc.c:417:6:spi1_read_register	48	static,ignoring_inline_asm
../Core/Src/spi_adc.c:436:6:spi1_read_it_mode	40	static,ignoring_inline_asm
../Core/Src/spi_adc.c:461:6:spi_it_convert_and_send	56	static
../Core/Src/spi_adc.c:487:6:spi_send_all_three_values	112	static
../Core/Src/spi_adc.c:540:6:spi1_set_exti	32	static
../Core/Src/spi_adc.c:553:6:spi2_set_exti	32	static
../Core/Src/spi_adc.c:565:6:setNewSPStoAllADCs	8	static
../Core/Src/spi_adc.c:578:6:readRegister	24	static,ignoring_inline_asm
