../Core/Src/spi_adc.c:37:6:spi1_adc_init	72	static
../Core/Src/spi_adc.c:109:6:spi2_adc_init	72	static
../Core/Src/spi_adc.c:181:6:spi4_adc_init	72	static
../Core/Src/spi_adc.c:254:6:run_all_adc	8	static
../Core/Src/spi_adc.c:264:6:spi1_read_send_default	48	static,ignoring_inline_asm
../Core/Src/spi_adc.c:293:6:spi2_read_send_default	48	static,ignoring_inline_asm
../Core/Src/spi_adc.c:324:6:spi1_read_write_continuous_conversion_mode	48	static,ignoring_inline_asm
../Core/Src/spi_adc.c:354:6:spi1_read_2k_samples	40	static
../Core/Src/spi_adc.c:372:6:spi1_compute_and_send_values	48	static
../Core/Src/spi_adc.c:394:6:spi1_soft_reset	16	static
../Core/Src/spi_adc.c:401:6:spi2_soft_reset	16	static
../Core/Src/spi_adc.c:408:6:spi4_soft_reset	16	static
../Core/Src/spi_adc.c:416:6:spi1_read_register	48	static,ignoring_inline_asm
../Core/Src/spi_adc.c:435:6:spi1_read_it_mode	40	static,ignoring_inline_asm
../Core/Src/spi_adc.c:460:6:spi_it_convert_and_send	56	static
../Core/Src/spi_adc.c:486:6:getStringFromValues	72	static
../Core/Src/spi_adc.c:538:6:spi1_set_exti	32	static
../Core/Src/spi_adc.c:551:6:spi2_set_exti	32	static
../Core/Src/spi_adc.c:563:6:setNewSPStoAllADCs	8	static
../Core/Src/spi_adc.c:584:6:readRegister	24	static,ignoring_inline_asm
../Core/Src/spi_adc.c:593:6:formatFloatString	16	static
../Core/Src/spi_adc.c:500:6:getStringFromValuesFloat	96	static
