../Core/Src/main.c:189:5:main	80	static
../Core/Src/main.c:380:6:SystemClock_Config	120	static
../Core/Src/main.c:446:6:PeriphCommonClock_Config	192	static
../Core/Src/main.c:476:13:MX_SDMMC1_SD_Init	4	static
../Core/Src/main.c:503:13:MX_SPI1_Init	8	static
../Core/Src/main.c:551:13:MX_SPI2_Init	8	static
../Core/Src/main.c:599:13:MX_SPI4_Init	8	static
../Core/Src/main.c:647:13:MX_TIM1_Init	120	static
../Core/Src/main.c:727:13:MX_TIM2_Init	56	static
../Core/Src/main.c:786:13:MX_TIM16_Init	8	static
../Core/Src/main.c:818:13:MX_UART4_Init	8	static
../Core/Src/main.c:864:13:MX_DMA_Init	16	static
../Core/Src/main.c:897:13:MX_FMC_Init	40	static
../Core/Src/main.c:948:13:MX_GPIO_Init	64	static
../Core/Src/main.c:1031:6:HAL_GPIO_EXTI_Callback	16	static,ignoring_inline_asm
../Core/Src/main.c:1074:6:HAL_SPI_TxRxCpltCallback	16	static
../Core/Src/main.c:1098:6:HAL_UART_RxCpltCallback	16	static
../Core/Src/main.c:1113:6:HAL_TIM_PeriodElapsedCallback	16	static
../Core/Src/main.c:1119:10:findMin	32	static
../Core/Src/main.c:1130:6:setColorLED	16	static
../Core/Src/main.c:1146:6:readConfigFile	64	dynamic
../Core/Src/main.c:1211:6:initialSetupADC	16	static
../Core/Src/main.c:1257:6:Error_Handler	4	static,ignoring_inline_asm
