../Core/Src/main.c:193:5:main	80	static
../Core/Src/main.c:401:6:SystemClock_Config	120	static
../Core/Src/main.c:467:6:PeriphCommonClock_Config	192	static
../Core/Src/main.c:497:13:MX_SDMMC1_SD_Init	4	static
../Core/Src/main.c:524:13:MX_SPI1_Init	8	static
../Core/Src/main.c:572:13:MX_SPI2_Init	8	static
../Core/Src/main.c:620:13:MX_SPI4_Init	8	static
../Core/Src/main.c:668:13:MX_TIM1_Init	120	static
../Core/Src/main.c:748:13:MX_TIM2_Init	56	static
../Core/Src/main.c:807:13:MX_TIM16_Init	8	static
../Core/Src/main.c:839:13:MX_UART4_Init	8	static
../Core/Src/main.c:887:13:MX_UART5_Init	8	static
../Core/Src/main.c:933:13:MX_DMA_Init	16	static
../Core/Src/main.c:966:13:MX_FMC_Init	40	static
../Core/Src/main.c:1017:13:MX_GPIO_Init	64	static
../Core/Src/main.c:1100:6:HAL_GPIO_EXTI_Callback	16	static,ignoring_inline_asm
../Core/Src/main.c:1143:6:HAL_SPI_TxRxCpltCallback	16	static
../Core/Src/main.c:1167:6:HAL_UART_RxCpltCallback	16	static
../Core/Src/main.c:1182:6:HAL_TIM_PeriodElapsedCallback	16	static
../Core/Src/main.c:1188:10:findMin	32	static
../Core/Src/main.c:1199:6:setColorLED	16	static
../Core/Src/main.c:1215:6:readConfigFile	64	dynamic
../Core/Src/main.c:1280:6:initialSetupADC	16	static
../Core/Src/main.c:1321:6:print_help_uart	504	static
../Core/Src/main.c:1349:6:Error_Handler	4	static,ignoring_inline_asm
