../Core/Src/main.c:174:5:main	8	static
../Core/Src/main.c:376:6:SystemClock_Config	120	static
../Core/Src/main.c:442:6:PeriphCommonClock_Config	192	static
../Core/Src/main.c:472:13:MX_SDMMC1_SD_Init	4	static
../Core/Src/main.c:499:13:MX_SPI1_Init	8	static
../Core/Src/main.c:547:13:MX_SPI2_Init	8	static
../Core/Src/main.c:595:13:MX_SPI4_Init	8	static
../Core/Src/main.c:643:13:MX_TIM1_Init	120	static
../Core/Src/main.c:723:13:MX_TIM2_Init	56	static
../Core/Src/main.c:782:13:MX_TIM16_Init	8	static
../Core/Src/main.c:814:13:MX_UART4_Init	8	static
../Core/Src/main.c:860:13:MX_DMA_Init	16	static
../Core/Src/main.c:893:13:MX_FMC_Init	40	static
../Core/Src/main.c:944:13:MX_GPIO_Init	64	static
../Core/Src/main.c:1027:6:HAL_GPIO_EXTI_Callback	16	static,ignoring_inline_asm
../Core/Src/main.c:1060:6:HAL_SPI_TxRxCpltCallback	24	static,ignoring_inline_asm
../Core/Src/main.c:1087:6:HAL_UART_RxCpltCallback	16	static
../Core/Src/main.c:1101:6:HAL_TIM_PeriodElapsedCallback	16	static
../Core/Src/main.c:1112:6:Error_Handler	4	static,ignoring_inline_asm
