../Core/Src/main.c:169:5:main	8	static
../Core/Src/main.c:409:6:SystemClock_Config	120	static
../Core/Src/main.c:475:6:PeriphCommonClock_Config	192	static
../Core/Src/main.c:505:13:MX_SDMMC1_SD_Init	4	static
../Core/Src/main.c:532:13:MX_SPI1_Init	8	static
../Core/Src/main.c:580:13:MX_SPI2_Init	8	static
../Core/Src/main.c:628:13:MX_SPI4_Init	8	static
../Core/Src/main.c:676:13:MX_TIM1_Init	120	static
../Core/Src/main.c:756:13:MX_TIM2_Init	56	static
../Core/Src/main.c:815:13:MX_UART4_Init	8	static
../Core/Src/main.c:861:13:MX_DMA_Init	16	static
../Core/Src/main.c:894:13:MX_FMC_Init	40	static
../Core/Src/main.c:945:13:MX_GPIO_Init	64	static
../Core/Src/main.c:1028:6:HAL_GPIO_EXTI_Callback	16	static,ignoring_inline_asm
../Core/Src/main.c:1066:6:HAL_SPI_TxRxCpltCallback	24	static,ignoring_inline_asm
../Core/Src/main.c:1089:6:HAL_UART_RxCpltCallback	16	static
../Core/Src/main.c:1110:6:Error_Handler	4	static,ignoring_inline_asm
