../Core/Src/main.c:189:5:main	80	static
../Core/Src/main.c:371:6:SystemClock_Config	120	static
../Core/Src/main.c:437:6:PeriphCommonClock_Config	192	static
../Core/Src/main.c:467:13:MX_SDMMC1_SD_Init	4	static
../Core/Src/main.c:494:13:MX_SPI1_Init	8	static
../Core/Src/main.c:542:13:MX_SPI2_Init	8	static
../Core/Src/main.c:590:13:MX_SPI4_Init	8	static
../Core/Src/main.c:638:13:MX_TIM1_Init	120	static
../Core/Src/main.c:718:13:MX_TIM2_Init	56	static
../Core/Src/main.c:777:13:MX_TIM16_Init	8	static
../Core/Src/main.c:809:13:MX_UART4_Init	8	static
../Core/Src/main.c:855:13:MX_DMA_Init	16	static
../Core/Src/main.c:888:13:MX_FMC_Init	40	static
../Core/Src/main.c:939:13:MX_GPIO_Init	64	static
../Core/Src/main.c:1022:6:HAL_GPIO_EXTI_Callback	16	static,ignoring_inline_asm
../Core/Src/main.c:1065:6:HAL_SPI_TxRxCpltCallback	16	static
../Core/Src/main.c:1089:6:HAL_UART_RxCpltCallback	16	static
../Core/Src/main.c:1104:6:HAL_TIM_PeriodElapsedCallback	16	static
../Core/Src/main.c:1110:10:findMin	32	static
../Core/Src/main.c:1121:6:setColorLED	16	static
../Core/Src/main.c:1137:6:readConfigFile	64	dynamic
../Core/Src/main.c:1202:6:initialSetupADC	16	static
../Core/Src/main.c:1248:6:Error_Handler	4	static,ignoring_inline_asm
