../Core/Src/main.c:191:5:main	80	static
../Core/Src/main.c:396:6:SystemClock_Config	120	static
../Core/Src/main.c:462:6:PeriphCommonClock_Config	192	static
../Core/Src/main.c:492:13:MX_SDMMC1_SD_Init	4	static
../Core/Src/main.c:519:13:MX_SPI1_Init	8	static
../Core/Src/main.c:567:13:MX_SPI2_Init	8	static
../Core/Src/main.c:615:13:MX_SPI4_Init	8	static
../Core/Src/main.c:663:13:MX_TIM1_Init	120	static
../Core/Src/main.c:743:13:MX_TIM2_Init	56	static
../Core/Src/main.c:802:13:MX_TIM16_Init	8	static
../Core/Src/main.c:834:13:MX_UART4_Init	8	static
../Core/Src/main.c:880:13:MX_DMA_Init	16	static
../Core/Src/main.c:913:13:MX_FMC_Init	40	static
../Core/Src/main.c:964:13:MX_GPIO_Init	64	static
../Core/Src/main.c:1047:6:HAL_GPIO_EXTI_Callback	16	static,ignoring_inline_asm
../Core/Src/main.c:1090:6:HAL_SPI_TxRxCpltCallback	16	static
../Core/Src/main.c:1114:6:HAL_UART_RxCpltCallback	16	static
../Core/Src/main.c:1129:6:HAL_TIM_PeriodElapsedCallback	16	static
../Core/Src/main.c:1135:10:findMin	32	static
../Core/Src/main.c:1146:6:setColorLED	16	static
../Core/Src/main.c:1162:6:readConfigFile	64	dynamic
../Core/Src/main.c:1227:6:initialSetupADC	16	static
../Core/Src/main.c:1268:6:print_help_uart	504	static
../Core/Src/main.c:1296:6:Error_Handler	4	static,ignoring_inline_asm
