../Core/Src/main.c:167:5:main	8	static
../Core/Src/main.c:337:6:SystemClock_Config	120	static
../Core/Src/main.c:403:6:PeriphCommonClock_Config	192	static
../Core/Src/main.c:433:13:MX_SDMMC1_SD_Init	4	static
../Core/Src/main.c:460:13:MX_SPI1_Init	8	static
../Core/Src/main.c:508:13:MX_SPI2_Init	8	static
../Core/Src/main.c:556:13:MX_SPI4_Init	8	static
../Core/Src/main.c:604:13:MX_TIM1_Init	120	static
../Core/Src/main.c:684:13:MX_TIM2_Init	56	static
../Core/Src/main.c:743:13:MX_TIM16_Init	8	static
../Core/Src/main.c:775:13:MX_UART4_Init	8	static
../Core/Src/main.c:821:13:MX_DMA_Init	16	static
../Core/Src/main.c:854:13:MX_FMC_Init	40	static
../Core/Src/main.c:905:13:MX_GPIO_Init	64	static
../Core/Src/main.c:988:6:HAL_GPIO_EXTI_Callback	16	static,ignoring_inline_asm
../Core/Src/main.c:1020:6:HAL_SPI_TxRxCpltCallback	16	static
../Core/Src/main.c:1044:6:HAL_UART_RxCpltCallback	16	static
../Core/Src/main.c:1058:6:HAL_TIM_PeriodElapsedCallback	16	static
../Core/Src/main.c:1064:10:findMin	32	static
../Core/Src/main.c:1083:6:Error_Handler	4	static,ignoring_inline_asm
