../Core/Src/main.c:161:5:main	8	static
../Core/Src/main.c:355:6:SystemClock_Config	120	static
../Core/Src/main.c:421:6:PeriphCommonClock_Config	192	static
../Core/Src/main.c:451:13:MX_SDMMC1_SD_Init	4	static
../Core/Src/main.c:478:13:MX_SPI1_Init	8	static
../Core/Src/main.c:526:13:MX_SPI2_Init	8	static
../Core/Src/main.c:574:13:MX_SPI4_Init	8	static
../Core/Src/main.c:622:13:MX_TIM1_Init	120	static
../Core/Src/main.c:702:13:MX_TIM2_Init	56	static
../Core/Src/main.c:761:13:MX_TIM16_Init	8	static
../Core/Src/main.c:793:13:MX_UART4_Init	8	static
../Core/Src/main.c:839:13:MX_DMA_Init	16	static
../Core/Src/main.c:872:13:MX_FMC_Init	40	static
../Core/Src/main.c:923:13:MX_GPIO_Init	64	static
../Core/Src/main.c:1006:6:HAL_GPIO_EXTI_Callback	16	static,ignoring_inline_asm
../Core/Src/main.c:1039:6:HAL_SPI_TxRxCpltCallback	24	static,ignoring_inline_asm
../Core/Src/main.c:1066:6:HAL_UART_RxCpltCallback	16	static
../Core/Src/main.c:1080:6:HAL_TIM_PeriodElapsedCallback	16	static
../Core/Src/main.c:1091:6:Error_Handler	4	static,ignoring_inline_asm
