../Core/Src/stm32h7xx_it.c:82:6:NMI_Handler	4	static
../Core/Src/stm32h7xx_it.c:97:6:HardFault_Handler	4	static
../Core/Src/stm32h7xx_it.c:112:6:MemManage_Handler	4	static
../Core/Src/stm32h7xx_it.c:127:6:BusFault_Handler	4	static
../Core/Src/stm32h7xx_it.c:142:6:UsageFault_Handler	4	static
../Core/Src/stm32h7xx_it.c:157:6:SVC_Handler	4	static
../Core/Src/stm32h7xx_it.c:170:6:DebugMon_Handler	4	static
../Core/Src/stm32h7xx_it.c:183:6:PendSV_Handler	4	static
../Core/Src/stm32h7xx_it.c:196:6:SysTick_Handler	8	static
../Core/Src/stm32h7xx_it.c:217:6:DMA1_Stream0_IRQHandler	8	static
../Core/Src/stm32h7xx_it.c:231:6:DMA1_Stream1_IRQHandler	8	static
../Core/Src/stm32h7xx_it.c:245:6:DMA1_Stream2_IRQHandler	8	static
../Core/Src/stm32h7xx_it.c:259:6:DMA1_Stream3_IRQHandler	8	static
../Core/Src/stm32h7xx_it.c:273:6:DMA1_Stream4_IRQHandler	8	static
../Core/Src/stm32h7xx_it.c:287:6:SPI1_IRQHandler	8	static
../Core/Src/stm32h7xx_it.c:301:6:SPI2_IRQHandler	8	static
../Core/Src/stm32h7xx_it.c:315:6:DMA1_Stream7_IRQHandler	8	static
../Core/Src/stm32h7xx_it.c:329:6:SDMMC1_IRQHandler	8	static
../Core/Src/stm32h7xx_it.c:343:6:UART4_IRQHandler	8	static
../Core/Src/stm32h7xx_it.c:357:6:UART5_IRQHandler	8	static
../Core/Src/stm32h7xx_it.c:371:6:DMA2_Stream0_IRQHandler	8	static
../Core/Src/stm32h7xx_it.c:385:6:SPI4_IRQHandler	8	static
../Core/Src/stm32h7xx_it.c:399:6:TIM16_IRQHandler	8	static
../Core/Src/stm32h7xx_it.c:411:6:EXTI9_5_IRQHandler	8	static
../Core/Src/stm32h7xx_it.c:424:6:EXTI15_10_IRQHandler	8	static
