Archive member included to satisfy reference by file (symbol)

c:/program files/stm32cubeide_1.10.1/stm32cubeide/plugins/com.st.stm32cube.ide.mcu.externaltools.gnu-tools-for-stm32.10.3-2021.10.win32_1.0.0.202111181127/tools/bin/../lib/gcc/arm-none-eabi/10.3.1/../../../../arm-none-eabi/lib/thumb/v7e-m+dp/hard\libc_nano.a(lib_a-errno.o)
                              ./Core/Src/syscalls.o (__errno)
c:/program files/stm32cubeide_1.10.1/stm32cubeide/plugins/com.st.stm32cube.ide.mcu.externaltools.gnu-tools-for-stm32.10.3-2021.10.win32_1.0.0.202111181127/tools/bin/../lib/gcc/arm-none-eabi/10.3.1/../../../../arm-none-eabi/lib/thumb/v7e-m+dp/hard\libc_nano.a(lib_a-exit.o)
                              c:/program files/stm32cubeide_1.10.1/stm32cubeide/plugins/com.st.stm32cube.ide.mcu.externaltools.gnu-tools-for-stm32.10.3-2021.10.win32_1.0.0.202111181127/tools/bin/../lib/gcc/arm-none-eabi/10.3.1/../../../../arm-none-eabi/lib/thumb/v7e-m+dp/hard/crt0.o (exit)
c:/program files/stm32cubeide_1.10.1/stm32cubeide/plugins/com.st.stm32cube.ide.mcu.externaltools.gnu-tools-for-stm32.10.3-2021.10.win32_1.0.0.202111181127/tools/bin/../lib/gcc/arm-none-eabi/10.3.1/../../../../arm-none-eabi/lib/thumb/v7e-m+dp/hard\libc_nano.a(lib_a-impure.o)
                              c:/program files/stm32cubeide_1.10.1/stm32cubeide/plugins/com.st.stm32cube.ide.mcu.externaltools.gnu-tools-for-stm32.10.3-2021.10.win32_1.0.0.202111181127/tools/bin/../lib/gcc/arm-none-eabi/10.3.1/../../../../arm-none-eabi/lib/thumb/v7e-m+dp/hard\libc_nano.a(lib_a-exit.o) (_global_impure_ptr)
c:/program files/stm32cubeide_1.10.1/stm32cubeide/plugins/com.st.stm32cube.ide.mcu.externaltools.gnu-tools-for-stm32.10.3-2021.10.win32_1.0.0.202111181127/tools/bin/../lib/gcc/arm-none-eabi/10.3.1/../../../../arm-none-eabi/lib/thumb/v7e-m+dp/hard\libc_nano.a(lib_a-init.o)
                              c:/program files/stm32cubeide_1.10.1/stm32cubeide/plugins/com.st.stm32cube.ide.mcu.externaltools.gnu-tools-for-stm32.10.3-2021.10.win32_1.0.0.202111181127/tools/bin/../lib/gcc/arm-none-eabi/10.3.1/../../../../arm-none-eabi/lib/thumb/v7e-m+dp/hard/crt0.o (__libc_init_array)
c:/program files/stm32cubeide_1.10.1/stm32cubeide/plugins/com.st.stm32cube.ide.mcu.externaltools.gnu-tools-for-stm32.10.3-2021.10.win32_1.0.0.202111181127/tools/bin/../lib/gcc/arm-none-eabi/10.3.1/../../../../arm-none-eabi/lib/thumb/v7e-m+dp/hard\libc_nano.a(lib_a-memset.o)
                              c:/program files/stm32cubeide_1.10.1/stm32cubeide/plugins/com.st.stm32cube.ide.mcu.externaltools.gnu-tools-for-stm32.10.3-2021.10.win32_1.0.0.202111181127/tools/bin/../lib/gcc/arm-none-eabi/10.3.1/../../../../arm-none-eabi/lib/thumb/v7e-m+dp/hard/crt0.o (memset)
c:/program files/stm32cubeide_1.10.1/stm32cubeide/plugins/com.st.stm32cube.ide.mcu.externaltools.gnu-tools-for-stm32.10.3-2021.10.win32_1.0.0.202111181127/tools/bin/../lib/gcc/arm-none-eabi/10.3.1/../../../../arm-none-eabi/lib/thumb/v7e-m+dp/hard\libc_nano.a(lib_a-sprintf.o)
                              ./Core/Src/sd_card.o (sprintf)
c:/program files/stm32cubeide_1.10.1/stm32cubeide/plugins/com.st.stm32cube.ide.mcu.externaltools.gnu-tools-for-stm32.10.3-2021.10.win32_1.0.0.202111181127/tools/bin/../lib/gcc/arm-none-eabi/10.3.1/../../../../arm-none-eabi/lib/thumb/v7e-m+dp/hard\libc_nano.a(lib_a-strlen.o)
                              ./Core/Src/sd_card.o (strlen)
c:/program files/stm32cubeide_1.10.1/stm32cubeide/plugins/com.st.stm32cube.ide.mcu.externaltools.gnu-tools-for-stm32.10.3-2021.10.win32_1.0.0.202111181127/tools/bin/../lib/gcc/arm-none-eabi/10.3.1/../../../../arm-none-eabi/lib/thumb/v7e-m+dp/hard\libc_nano.a(lib_a-nano-svfprintf.o)
                              c:/program files/stm32cubeide_1.10.1/stm32cubeide/plugins/com.st.stm32cube.ide.mcu.externaltools.gnu-tools-for-stm32.10.3-2021.10.win32_1.0.0.202111181127/tools/bin/../lib/gcc/arm-none-eabi/10.3.1/../../../../arm-none-eabi/lib/thumb/v7e-m+dp/hard\libc_nano.a(lib_a-sprintf.o) (_svfprintf_r)
c:/program files/stm32cubeide_1.10.1/stm32cubeide/plugins/com.st.stm32cube.ide.mcu.externaltools.gnu-tools-for-stm32.10.3-2021.10.win32_1.0.0.202111181127/tools/bin/../lib/gcc/arm-none-eabi/10.3.1/../../../../arm-none-eabi/lib/thumb/v7e-m+dp/hard\libc_nano.a(lib_a-nano-vfprintf_i.o)
                              c:/program files/stm32cubeide_1.10.1/stm32cubeide/plugins/com.st.stm32cube.ide.mcu.externaltools.gnu-tools-for-stm32.10.3-2021.10.win32_1.0.0.202111181127/tools/bin/../lib/gcc/arm-none-eabi/10.3.1/../../../../arm-none-eabi/lib/thumb/v7e-m+dp/hard\libc_nano.a(lib_a-nano-svfprintf.o) (_printf_i)
c:/program files/stm32cubeide_1.10.1/stm32cubeide/plugins/com.st.stm32cube.ide.mcu.externaltools.gnu-tools-for-stm32.10.3-2021.10.win32_1.0.0.202111181127/tools/bin/../lib/gcc/arm-none-eabi/10.3.1/../../../../arm-none-eabi/lib/thumb/v7e-m+dp/hard\libc_nano.a(lib_a-memchr.o)
[...]
Memory Configuration

Name             Origin             Length             Attributes
ITCMRAM          0x0000000000000000 0x0000000000010000 xrw
FLASH            0x0000000008000000 0x0000000000200000 xr
DTCMRAM1         0x0000000020000000 0x0000000000010000 xrw
DTCMRAM2         0x0000000020010000 0x0000000000010000 xrw
RAM              0x0000000024000000 0x0000000000100000 xrw
RAM_CD           0x0000000030000000 0x0000000000020000 xrw
RAM_SRD          0x0000000038000000 0x0000000000008000 xrw
SDRAM            0x00000000c0000000 0x0000000002000000 xrw
*default*        0x0000000000000000 0xffffffffffffffff

Linker script and memory map

LOAD c:/program files/stm32cubeide_1.10.1/stm32cubeide/plugins/com.st.stm32cube.ide.mcu.externaltools.gnu-tools-for-stm32.10.3-2021.10.win32_1.0.0.202111181127/tools/bin/../lib/gcc/arm-none-eabi/10.3.1/thumb/v7e-m+dp/hard/crti.o
LOAD c:/program files/stm32cubeide_1.10.1/stm32cubeide/plugins/com.st.stm32cube.ide.mcu.externaltools.gnu-tools-for-stm32.10.3-2021.10.win32_1.0.0.202111181127/tools/bin/../lib/gcc/arm-none-eabi/10.3.1/thumb/v7e-m+dp/hard/crtbegin.o
LOAD c:/program files/stm32cubeide_1.10.1/stm32cubeide/plugins/com.st.stm32cube.ide.mcu.externaltools.gnu-tools-for-stm32.10.3-2021.10.win32_1.0.0.202111181127/tools/bin/../lib/gcc/arm-none-eabi/10.3.1/../../../../arm-none-eabi/lib/thumb/v7e-m+dp/hard/crt0.o
LOAD ./Core/Src/fmc_sdram.o
LOAD ./Core/Src/main.o
LOAD ./Core/Src/sd_card.o
LOAD ./Core/Src/spi_adc.o
LOAD ./Core/Src/stm32h7xx_hal_msp.o
LOAD ./Core/Src/stm32h7xx_it.o
LOAD ./Core/Src/syscalls.o
LOAD ./Core/Src/sysmem.o
LOAD ./Core/Src/system_stm32h7xx.o
LOAD ./Core/Startup/startup_stm32h7a3zitx.o
LOAD ./Drivers/STM32H7xx_HAL_Driver/Src/stm32h7xx_hal.o
LOAD ./Drivers/STM32H7xx_HAL_Driver/Src/stm32h7xx_hal_cortex.o
LOAD ./Drivers/STM32H7xx_HAL_Driver/Src/stm32h7xx_hal_dma.o
LOAD ./Drivers/STM32H7xx_HAL_Driver/Src/stm32h7xx_hal_dma_ex.o
LOAD ./Drivers/STM32H7xx_HAL_Driver/Src/stm32h7xx_hal_exti.o
LOAD ./Drivers/STM32H7xx_HAL_Driver/Src/stm32h7xx_hal_flash.o
LOAD ./Drivers/STM32H7xx_HAL_Driver/Src/stm32h7xx_hal_flash_ex.o
LOAD ./Drivers/STM32H7xx_HAL_Driver/Src/stm32h7xx_hal_gpio.o
LOAD ./Drivers/STM32H7xx_HAL_Driver/Src/stm32h7xx_hal_hsem.o
LOAD ./Drivers/STM32H7xx_HAL_Driver/Src/stm32h7xx_hal_i2c.o
LOAD ./Drivers/STM32H7xx_HAL_Driver/Src/stm32h7xx_hal_i2c_ex.o
LOAD ./Drivers/STM32H7xx_HAL_Driver/Src/stm32h7xx_hal_mdma.o
LOAD ./Drivers/STM32H7xx_HAL_Driver/Src/stm32h7xx_hal_pwr.o
LOAD ./Drivers/STM32H7xx_HAL_Driver/Src/stm32h7xx_hal_pwr_ex.o
LOAD ./Drivers/STM32H7xx_HAL_Driver/Src/stm32h7xx_hal_rcc.o
LOAD ./Drivers/STM32H7xx_HAL_Driver/Src/stm32h7xx_hal_rcc_ex.o
LOAD ./Drivers/STM32H7xx_HAL_Driver/Src/stm32h7xx_hal_sd.o
LOAD ./Drivers/STM32H7xx_HAL_Driver/Src/stm32h7xx_hal_sd_ex.o
LOAD ./Drivers/STM32H7xx_HAL_Driver/Src/stm32h7xx_hal_sdram.o
LOAD ./Drivers/STM32H7xx_HAL_Driver/Src/stm32h7xx_hal_spi.o
LOAD ./Drivers/STM32H7xx_HAL_Driver/Src/stm32h7xx_hal_spi_ex.o
LOAD ./Drivers/STM32H7xx_HAL_Driver/Src/stm32h7xx_hal_tim.o
LOAD ./Drivers/STM32H7xx_HAL_Driver/Src/stm32h7xx_hal_tim_ex.o
LOAD ./Drivers/STM32H7xx_HAL_Driver/Src/stm32h7xx_hal_uart.o
LOAD ./Drivers/STM32H7xx_HAL_Driver/Src/stm32h7xx_hal_uart_ex.o
LOAD ./Drivers/STM32H7xx_HAL_Driver/Src/stm32h7xx_ll_delayblock.o
LOAD ./Drivers/STM32H7xx_HAL_Driver/Src/stm32h7xx_ll_fmc.o
LOAD ./Drivers/STM32H7xx_HAL_Driver/Src/stm32h7xx_ll_sdmmc.o
LOAD ./FATFS/App/fatfs.o
LOAD ./FATFS/Target/bsp_driver_sd.o
LOAD ./FATFS/Target/sd_diskio.o
LOAD ./Middlewares/Third_Party/FatFs/src/diskio.o
LOAD ./Middlewares/Third_Party/FatFs/src/ff.o
LOAD ./Middlewares/Third_Party/FatFs/src/ff_gen_drv.o
LOAD ./Middlewares/Third_Party/FatFs/src/option/syscall.o
START GROUP
LOAD c:/program files/stm32cubeide_1.10.1/stm32cubeide/plugins/com.st.stm32cube.ide.mcu.externaltools.gnu-tools-for-stm32.10.3-2021.10.win32_1.0.0.202111181127/tools/bin/../lib/gcc/arm-none-eabi/10.3.1/../../../../arm-none-eabi/lib/thumb/v7e-m+dp/hard\libc_nano.a
LOAD c:/program files/stm32cubeide_1.10.1/stm32cubeide/plugins/com.st.stm32cube.ide.mcu.externaltools.gnu-tools-for-stm32.10.3-2021.10.win32_1.0.0.202111181127/tools/bin/../lib/gcc/arm-none-eabi/10.3.1/../../../../arm-none-eabi/lib/thumb/v7e-m+dp/hard\libm.a
END GROUP
START GROUP
LOAD c:/program files/stm32cubeide_1.10.1/stm32cubeide/plugins/com.st.stm32cube.ide.mcu.externaltools.gnu-tools-for-stm32.10.3-2021.10.win32_1.0.0.202111181127/tools/bin/../lib/gcc/arm-none-eabi/10.3.1/thumb/v7e-m+dp/hard\libgcc.a
LOAD c:/program files/stm32cubeide_1.10.1/stm32cubeide/plugins/com.st.stm32cube.ide.mcu.externaltools.gnu-tools-for-stm32.10.3-2021.10.win32_1.0.0.202111181127/tools/bin/../lib/gcc/arm-none-eabi/10.3.1/../../../../arm-none-eabi/lib/thumb/v7e-m+dp/hard\libc_nano.a
END GROUP
START GROUP
LOAD c:/program files/stm32cubeide_1.10.1/stm32cubeide/plugins/com.st.stm32cube.ide.mcu.externaltools.gnu-tools-for-stm32.10.3-2021.10.win32_1.0.0.202111181127/tools/bin/../lib/gcc/arm-none-eabi/10.3.1/thumb/v7e-m+dp/hard\libgcc.a
LOAD c:/program files/stm32cubeide_1.10.1/stm32cubeide/plugins/com.st.stm32cube.ide.mcu.externaltools.gnu-tools-for-stm32.10.3-2021.10.win32_1.0.0.202111181127/tools/bin/../lib/gcc/arm-none-eabi/10.3.1/../../../../arm-none-eabi/lib/thumb/v7e-m+dp/hard\libc_nano.a
LOAD c:/program files/stm32cubeide_1.10.1/stm32cubeide/plugins/com.st.stm32cube.ide.mcu.externaltools.gnu-tools-for-stm32.10.3-2021.10.win32_1.0.0.202111181127/tools/bin/../lib/gcc/arm-none-eabi/10.3.1/../../../../arm-none-eabi/lib/thumb/v7e-m+dp/hard\libnosys.a
END GROUP
START GROUP
LOAD c:/program files/stm32cubeide_1.10.1/stm32cubeide/plugins/com.st.stm32cube.ide.mcu.externaltools.gnu-tools-for-stm32.10.3-2021.10.win32_1.0.0.202111181127/tools/bin/../lib/gcc/arm-none-eabi/10.3.1/thumb/v7e-m+dp/hard\libgcc.a
LOAD c:/program files/stm32cubeide_1.10.1/stm32cubeide/plugins/com.st.stm32cube.ide.mcu.externaltools.gnu-tools-for-stm32.10.3-2021.10.win32_1.0.0.202111181127/tools/bin/../lib/gcc/arm-none-eabi/10.3.1/../../../../arm-none-eabi/lib/thumb/v7e-m+dp/hard\libc_nano.a
LOAD c:/program files/stm32cubeide_1.10.1/stm32cubeide/plugins/com.st.stm32cube.ide.mcu.externaltools.gnu-tools-for-stm32.10.3-2021.10.win32_1.0.0.202111181127/tools/bin/../lib/gcc/arm-none-eabi/10.3.1/../../../../arm-none-eabi/lib/thumb/v7e-m+dp/hard\libnosys.a
END GROUP
LOAD c:/program files/stm32cubeide_1.10.1/stm32cubeide/plugins/com.st.stm32cube.ide.mcu.externaltools.gnu-tools-for-stm32.10.3-2021.10.win32_1.0.0.202111181127/tools/bin/../lib/gcc/arm-none-eabi/10.3.1/thumb/v7e-m+dp/hard/crtend.o
LOAD c:/program files/stm32cubeide_1.10.1/stm32cubeide/plugins/com.st.stm32cube.ide.mcu.externaltools.gnu-tools-for-stm32.10.3-2021.10.win32_1.0.0.202111181127/tools/bin/../lib/gcc/arm-none-eabi/10.3.1/thumb/v7e-m+dp/hard/crtn.o
                0x0000000024100000                _estack = (ORIGIN (RAM) + LENGTH (RAM))
                0x0000000000000400                _Min_Heap_Size = 0x400
                0x0000000000000800                _Min_Stack_Size = 0x800

.isr_vector     0x0000000008000000      0x2ac
                0x0000000008000000                . = ALIGN (0x4)
 *(.isr_vector)
 .isr_vector    0x0000000008000000      0x2ac ./Core/Startup/startup_stm32h7a3zitx.o
                0x0000000008000000                g_pfnVectors
                0x00000000080002ac                . = ALIGN (0x4)

.text           0x00000000080002b0     0xa000
                0x00000000080002b0                . = ALIGN (0x4)
 *(.text)
 .text          0x00000000080002b0       0x40 c:/program files/stm32cubeide_1.10.1/stm32cubeide/plugins/com.st.stm32cube.ide.mcu.externaltools.gnu-tools-for-stm32.10.3-2021.10.win32_1.0.0.202111181127/tools/bin/../lib/gcc/arm-none-eabi/10.3.1/thumb/v7e-m+dp/hard/crtbegin.o
 .text          0x00000000080002f0       0xa0 c:/program files/stm32cubeide_1.10.1/stm32cubeide/plugins/com.st.stm32cube.ide.mcu.externaltools.gnu-tools-for-stm32.10.3-2021.10.win32_1.0.0.202111181127/tools/bin/../lib/gcc/arm-none-eabi/10.3.1/../../../../arm-none-eabi/lib/thumb/v7e-m+dp/hard\libc_nano.a(lib_a-memchr.o)
                0x00000000080002f0                memchr
 .text          0x0000000008000390       0x30 c:/program files/stm32cubeide_1.10.1/stm32cubeide/plugins/com.st.stm32cube.ide.mcu.externaltools.gnu-tools-for-stm32.10.3-2021.10.win32_1.0.0.202111181127/tools/bin/../lib/gcc/arm-none-eabi/10.3.1/thumb/v7e-m+dp/hard\libgcc.a(_aeabi_uldivmod.o)
                0x0000000008000390                __aeabi_uldivmod
 .text          0x00000000080003c0      0x2d0 c:/program files/stm32cubeide_1.10.1/stm32cubeide/plugins/com.st.stm32cube.ide.mcu.externaltools.gnu-tools-for-stm32.10.3-2021.10.win32_1.0.0.202111181127/tools/bin/../lib/gcc/arm-none-eabi/10.3.1/thumb/v7e-m+dp/hard\libgcc.a(_udivmoddi4.o)
                0x00000000080003c0                __udivmoddi4
 .text          0x0000000008000690        0x4 c:/program files/stm32cubeide_1.10.1/stm32cubeide/plugins/com.st.stm32cube.ide.mcu.externaltools.gnu-tools-for-stm32.10.3-2021.10.win32_1.0.0.202111181127/tools/bin/../lib/gcc/arm-none-eabi/10.3.1/thumb/v7e-m+dp/hard\libgcc.a(_dvmd_tls.o)
                0x0000000008000690                __aeabi_idiv0
                0x0000000008000690                __aeabi_ldiv0
 *(.text*)
 .text.SDRAM_Initialization_Sequence
                0x0000000008000694       0x84 ./Core/Src/fmc_sdram.o
                0x0000000008000694                SDRAM_Initialization_Sequence
 .text.Fill_Buffer
                0x0000000008000718       0x14 ./Core/Src/fmc_sdram.o
                0x0000000008000718                Fill_Buffer
 .text.SDRAM_Startup_Sequence
                0x000000000800072c       0xb0 ./Core/Src/fmc_sdram.o
                0x000000000800072c                SDRAM_Startup_Sequence
 .text.SystemClock_Config
                0x00000000080007dc       0xb4 ./Core/Src/main.o
                0x00000000080007dc                SystemClock_Config
 .text.PeriphCommonClock_Config
                0x0000000008000890       0x44 ./Core/Src/main.o
                0x0000000008000890                PeriphCommonClock_Config
 .text.startup.main
                0x00000000080008d4      0x818 ./Core/Src/main.o
                0x00000000080008d4                main
 .text.HAL_GPIO_EXTI_Callback
                0x00000000080010ec       0x84 ./Core/Src/main.o
                0x00000000080010ec                HAL_GPIO_EXTI_Callback
 .text.HAL_SPI_TxRxCpltCallback
                0x0000000008001170       0xa0 ./Core/Src/main.o
                0x0000000008001170                HAL_SPI_TxRxCpltCallback
 .text.HAL_UART_RxCpltCallback
                0x0000000008001210       0x34 ./Core/Src/main.o
                0x0000000008001210                HAL_UART_RxCpltCallback
 .text.HAL_TIM_PeriodElapsedCallback
                0x0000000008001244       0x1c ./Core/Src/main.o
                0x0000000008001244                HAL_TIM_PeriodElapsedCallback
 .text.Error_Handler
                0x0000000008001260        0x4 ./Core/Src/main.o
                0x0000000008001260                Error_Handler
 .text.sd_card_init
                0x0000000008001264       0x24 ./Core/Src/sd_card.o
                0x0000000008001264                sd_card_init
 .text.spi1_adc_init
                0x0000000008001288      0x1a4 ./Core/Src/spi_adc.o
                0x0000000008001288                spi1_adc_init
 .text.spi2_adc_init
                0x000000000800142c      0x1a4 ./Core/Src/spi_adc.o
                0x000000000800142c                spi2_adc_init
 .text.spi4_adc_init
                0x00000000080015d0      0x190 ./Core/Src/spi_adc.o
                0x00000000080015d0                spi4_adc_init
 .text.run_all_adc
                0x0000000008001760       0x34 ./Core/Src/spi_adc.o
                0x0000000008001760                run_all_adc
 .text.spi1_soft_reset
                0x0000000008001794       0x44 ./Core/Src/spi_adc.o
                0x0000000008001794                spi1_soft_reset
 .text.spi2_soft_reset
                0x00000000080017d8       0x44 ./Core/Src/spi_adc.o
                0x00000000080017d8                spi2_soft_reset
 .text.spi4_soft_reset
                0x000000000800181c       0x40 ./Core/Src/spi_adc.o
                0x000000000800181c                spi4_soft_reset
 .text.spi_send_all_three_values
                0x000000000800185c       0x5c ./Core/Src/spi_adc.o
                0x000000000800185c                spi_send_all_three_values
 .text.setNewSPStoAllADCs
                0x00000000080018b8       0x90 ./Core/Src/spi_adc.o
                0x00000000080018b8                setNewSPStoAllADCs
 .text.HAL_MspInit
                0x0000000008001948       0x24 ./Core/Src/stm32h7xx_hal_msp.o
                0x0000000008001948                HAL_MspInit
 .text.HAL_SD_MspInit
                0x000000000800196c       0xec ./Core/Src/stm32h7xx_hal_msp.o
                0x000000000800196c                HAL_SD_MspInit
 .text.HAL_SPI_MspInit
                0x0000000008001a58      0x3bc ./Core/Src/stm32h7xx_hal_msp.o
                0x0000000008001a58                HAL_SPI_MspInit
 .text.HAL_TIM_Base_MspInit
                0x0000000008001e14       0xcc ./Core/Src/stm32h7xx_hal_msp.o
                0x0000000008001e14                HAL_TIM_Base_MspInit
 .text.HAL_TIM_MspPostInit
                0x0000000008001ee0       0x58 ./Core/Src/stm32h7xx_hal_msp.o
                0x0000000008001ee0                HAL_TIM_MspPostInit
 .text.HAL_UART_MspInit
                0x0000000008001f38       0xd4 ./Core/Src/stm32h7xx_hal_msp.o
                0x0000000008001f38                HAL_UART_MspInit
 .text.HAL_SDRAM_MspInit
                0x000000000800200c       0xc0 ./Core/Src/stm32h7xx_hal_msp.o
                0x000000000800200c                HAL_SDRAM_MspInit
 .text.NMI_Handler
                0x00000000080020cc        0x2 ./Core/Src/stm32h7xx_it.o
                0x00000000080020cc                NMI_Handler
 .text.HardFault_Handler
                0x00000000080020ce        0x2 ./Core/Src/stm32h7xx_it.o
                0x00000000080020ce                HardFault_Handler
 .text.MemManage_Handler
                0x00000000080020d0        0x2 ./Core/Src/stm32h7xx_it.o
                0x00000000080020d0                MemManage_Handler
 .text.BusFault_Handler
                0x00000000080020d2        0x2 ./Core/Src/stm32h7xx_it.o
                0x00000000080020d2                BusFault_Handler
 .text.UsageFault_Handler
                0x00000000080020d4        0x2 ./Core/Src/stm32h7xx_it.o
                0x00000000080020d4                UsageFault_Handler
 .text.SVC_Handler
                0x00000000080020d6        0x2 ./Core/Src/stm32h7xx_it.o
                0x00000000080020d6                SVC_Handler
 .text.DebugMon_Handler
                0x00000000080020d8        0x2 ./Core/Src/stm32h7xx_it.o
                0x00000000080020d8                DebugMon_Handler
 .text.PendSV_Handler
                0x00000000080020da        0x2 ./Core/Src/stm32h7xx_it.o
                0x00000000080020da                PendSV_Handler
 .text.SysTick_Handler
                0x00000000080020dc        0x4 ./Core/Src/stm32h7xx_it.o
                0x00000000080020dc                SysTick_Handler
 .text.DMA1_Stream0_IRQHandler
                0x00000000080020e0        0xc ./Core/Src/stm32h7xx_it.o
                0x00000000080020e0                DMA1_Stream0_IRQHandler
 .text.DMA1_Stream1_IRQHandler
                0x00000000080020ec        0xc ./Core/Src/stm32h7xx_it.o
                0x00000000080020ec                DMA1_Stream1_IRQHandler
 .text.DMA1_Stream2_IRQHandler
                0x00000000080020f8        0xc ./Core/Src/stm32h7xx_it.o
                0x00000000080020f8                DMA1_Stream2_IRQHandler
 .text.DMA1_Stream3_IRQHandler
                0x0000000008002104        0xc ./Core/Src/stm32h7xx_it.o
                0x0000000008002104                DMA1_Stream3_IRQHandler
 .text.DMA1_Stream4_IRQHandler
                0x0000000008002110        0xc ./Core/Src/stm32h7xx_it.o
                0x0000000008002110                DMA1_Stream4_IRQHandler
 .text.SPI1_IRQHandler
                0x000000000800211c        0xc ./Core/Src/stm32h7xx_it.o
                0x000000000800211c                SPI1_IRQHandler
 .text.SPI2_IRQHandler
                0x0000000008002128        0xc ./Core/Src/stm32h7xx_it.o
                0x0000000008002128                SPI2_IRQHandler
 .text.DMA1_Stream7_IRQHandler
                0x0000000008002134        0xc ./Core/Src/stm32h7xx_it.o
                0x0000000008002134                DMA1_Stream7_IRQHandler
 .text.SDMMC1_IRQHandler
                0x0000000008002140        0xc ./Core/Src/stm32h7xx_it.o
                0x0000000008002140                SDMMC1_IRQHandler
 .text.UART4_IRQHandler
                0x000000000800214c        0xc ./Core/Src/stm32h7xx_it.o
                0x000000000800214c                UART4_IRQHandler
 .text.DMA2_Stream0_IRQHandler
                0x0000000008002158        0xc ./Core/Src/stm32h7xx_it.o
                0x0000000008002158                DMA2_Stream0_IRQHandler
 .text.SPI4_IRQHandler
                0x0000000008002164        0xc ./Core/Src/stm32h7xx_it.o
                0x0000000008002164                SPI4_IRQHandler
 .text.TIM16_IRQHandler
                0x0000000008002170        0xc ./Core/Src/stm32h7xx_it.o
                0x0000000008002170                TIM16_IRQHandler
 .text.EXTI9_5_IRQHandler
                0x000000000800217c       0x20 ./Core/Src/stm32h7xx_it.o
                0x000000000800217c                EXTI9_5_IRQHandler
 .text.EXTI15_10_IRQHandler
                0x000000000800219c        0x8 ./Core/Src/stm32h7xx_it.o
                0x000000000800219c                EXTI15_10_IRQHandler
 .text._sbrk    0x00000000080021a4       0x40 ./Core/Src/sysmem.o
                0x00000000080021a4                _sbrk
 .text.SystemInit
                0x00000000080021e4       0xa4 ./Core/Src/system_stm32h7xx.o
                0x00000000080021e4                SystemInit
 .text.Reset_Handler
                0x0000000008002288       0x50 ./Core/Startup/startup_stm32h7a3zitx.o
                0x0000000008002288                Reset_Handler
 .text.Default_Handler
                0x00000000080022d8        0x2 ./Core/Startup/startup_stm32h7a3zitx.o
                0x00000000080022d8                RTC_Alarm_IRQHandler
                0x00000000080022d8                EXTI2_IRQHandler
                0x00000000080022d8                TIM8_CC_IRQHandler
                0x00000000080022d8                UART8_IRQHandler
                0x00000000080022d8                BDMA2_Channel1_IRQHandler
                0x00000000080022d8                BDMA2_Channel0_IRQHandler
                0x00000000080022d8                TIM1_CC_IRQHandler
                0x00000000080022d8                DMA2_Stream5_IRQHandler
                0x00000000080022d8                JPEG_IRQHandler
                0x00000000080022d8                DMA1_Stream5_IRQHandler
                0x00000000080022d8                EXTI3_IRQHandler
                0x00000000080022d8                LPTIM4_IRQHandler
                0x00000000080022d8                TIM8_TRG_COM_TIM14_IRQHandler
                0x00000000080022d8                LPTIM2_IRQHandler
                0x00000000080022d8                DFSDM1_FLT1_IRQHandler
                0x00000000080022d8                DMAMUX2_OVR_IRQHandler
                0x00000000080022d8                GFXMMU_IRQHandler
                0x00000000080022d8                TIM8_UP_TIM13_IRQHandler
                0x00000000080022d8                I2C3_ER_IRQHandler
                0x00000000080022d8                DFSDM1_FLT2_IRQHandler
                0x00000000080022d8                USART10_IRQHandler
                0x00000000080022d8                MDMA_IRQHandler
                0x00000000080022d8                LPTIM3_IRQHandler
                0x00000000080022d8                BDMA2_Channel3_IRQHandler
                0x00000000080022d8                HSEM1_IRQHandler
                0x00000000080022d8                EXTI0_IRQHandler
                0x00000000080022d8                I2C2_EV_IRQHandler
                0x00000000080022d8                DAC2_IRQHandler
                0x00000000080022d8                FPU_IRQHandler
                0x00000000080022d8                OTG_HS_WKUP_IRQHandler
                0x00000000080022d8                FDCAN1_IT1_IRQHandler
                0x00000000080022d8                LTDC_ER_IRQHandler
                0x00000000080022d8                DMA2_Stream2_IRQHandler
                0x00000000080022d8                OCTOSPI1_IRQHandler
                0x00000000080022d8                TIM6_DAC_IRQHandler
                0x00000000080022d8                BDMA2_Channel6_IRQHandler
                0x00000000080022d8                DMA2_Stream3_IRQHandler
                0x00000000080022d8                OCTOSPI2_IRQHandler
                0x00000000080022d8                SAI2_IRQHandler
                0x00000000080022d8                BDMA1_IRQHandler
                0x00000000080022d8                DFSDM1_FLT3_IRQHandler
                0x00000000080022d8                USART6_IRQHandler
                0x00000000080022d8                TIM17_IRQHandler
                0x00000000080022d8                USART3_IRQHandler
                0x00000000080022d8                LPTIM5_IRQHandler
                0x00000000080022d8                UART5_IRQHandler
                0x00000000080022d8                TIM4_IRQHandler
                0x00000000080022d8                I2C1_EV_IRQHandler
                0x00000000080022d8                DMA1_Stream6_IRQHandler
                0x00000000080022d8                DMAMUX1_OVR_IRQHandler
                0x00000000080022d8                TIM3_IRQHandler
                0x00000000080022d8                RCC_IRQHandler
                0x00000000080022d8                UART9_IRQHandler
                0x00000000080022d8                TIM8_BRK_TIM12_IRQHandler
                0x00000000080022d8                TIM1_TRG_COM_IRQHandler
                0x00000000080022d8                Default_Handler
                0x00000000080022d8                ECC_IRQHandler
                0x00000000080022d8                BDMA2_Channel2_IRQHandler
                0x00000000080022d8                CEC_IRQHandler
                0x00000000080022d8                DFSDM1_FLT4_IRQHandler
                0x00000000080022d8                ADC_IRQHandler
                0x00000000080022d8                SPI5_IRQHandler
                0x00000000080022d8                TIM7_IRQHandler
                0x00000000080022d8                TIM5_IRQHandler
                0x00000000080022d8                DMA2_Stream7_IRQHandler
                0x00000000080022d8                TIM15_IRQHandler
                0x00000000080022d8                I2C3_EV_IRQHandler
                0x00000000080022d8                DFSDM2_IRQHandler
                0x00000000080022d8                RTC_WKUP_IRQHandler
                0x00000000080022d8                LTDC_IRQHandler
                0x00000000080022d8                SPDIF_RX_IRQHandler
                0x00000000080022d8                PVD_PVM_IRQHandler
                0x00000000080022d8                OTG_HS_EP1_IN_IRQHandler
                0x00000000080022d8                DFSDM1_FLT5_IRQHandler
                0x00000000080022d8                CRS_IRQHandler
                0x00000000080022d8                EXTI4_IRQHandler
                0x00000000080022d8                DFSDM1_FLT6_IRQHandler
                0x00000000080022d8                RNG_IRQHandler
                0x00000000080022d8                FDCAN2_IT1_IRQHandler
                0x00000000080022d8                COMP_IRQHandler
                0x00000000080022d8                TIM1_UP_IRQHandler
                0x00000000080022d8                OTG_HS_EP1_OUT_IRQHandler
                0x00000000080022d8                WWDG_IRQHandler
                0x00000000080022d8                SPI6_IRQHandler
                0x00000000080022d8                MDIOS_IRQHandler
                0x00000000080022d8                I2C4_EV_IRQHandler
                0x00000000080022d8                FDCAN2_IT0_IRQHandler
                0x00000000080022d8                LPUART1_IRQHandler
                0x00000000080022d8                FDCAN1_IT0_IRQHandler
                0x00000000080022d8                TIM2_IRQHandler
                0x00000000080022d8                BDMA2_Channel5_IRQHandler
                0x00000000080022d8                OTG_HS_IRQHandler
                0x00000000080022d8                DMA2D_IRQHandler
                0x00000000080022d8                TIM1_BRK_IRQHandler
                0x00000000080022d8                EXTI1_IRQHandler
                0x00000000080022d8                SDMMC2_IRQHandler
                0x00000000080022d8                DTS_IRQHandler
                0x00000000080022d8                UART7_IRQHandler
                0x00000000080022d8                MDIOS_WKUP_IRQHandler
                0x00000000080022d8                USART2_IRQHandler
                0x00000000080022d8                DFSDM1_FLT0_IRQHandler
                0x00000000080022d8                I2C2_ER_IRQHandler
                0x00000000080022d8                DMA2_Stream1_IRQHandler
                0x00000000080022d8                DFSDM1_FLT7_IRQHandler
                0x00000000080022d8                FLASH_IRQHandler
                0x00000000080022d8                DMA2_Stream4_IRQHandler
                0x00000000080022d8                USART1_IRQHandler
                0x00000000080022d8                SPI3_IRQHandler
                0x00000000080022d8                WAKEUP_PIN_IRQHandler
                0x00000000080022d8                I2C1_ER_IRQHandler
                0x00000000080022d8                FMC_IRQHandler
                0x00000000080022d8                BDMA2_Channel7_IRQHandler
                0x00000000080022d8                FDCAN_CAL_IRQHandler
                0x00000000080022d8                SWPMI1_IRQHandler
                0x00000000080022d8                LPTIM1_IRQHandler
                0x00000000080022d8                DCMI_PSSI_IRQHandler
                0x00000000080022d8                I2C4_ER_IRQHandler
                0x00000000080022d8                DMA2_Stream6_IRQHandler
                0x00000000080022d8                SAI1_IRQHandler
                0x00000000080022d8                RTC_TAMP_STAMP_CSS_LSE_IRQHandler
                0x00000000080022d8                BDMA2_Channel4_IRQHandler
 *fill*         0x00000000080022da        0x2 
 .text.HAL_InitTick
                0x00000000080022dc       0x4c ./Drivers/STM32H7xx_HAL_Driver/Src/stm32h7xx_hal.o
                0x00000000080022dc                HAL_InitTick
 .text.HAL_Init
                0x0000000008002328       0x5c ./Drivers/STM32H7xx_HAL_Driver/Src/stm32h7xx_hal.o
                0x0000000008002328                HAL_Init
 .text.HAL_IncTick
                0x0000000008002384       0x18 ./Drivers/STM32H7xx_HAL_Driver/Src/stm32h7xx_hal.o
                0x0000000008002384                HAL_IncTick
 .text.HAL_GetTick
                0x000000000800239c        0xc ./Drivers/STM32H7xx_HAL_Driver/Src/stm32h7xx_hal.o
                0x000000000800239c                HAL_GetTick
 .text.HAL_Delay
                0x00000000080023a8       0x24 ./Drivers/STM32H7xx_HAL_Driver/Src/stm32h7xx_hal.o
                0x00000000080023a8                HAL_Delay
 .text.HAL_NVIC_SetPriorityGrouping
                0x00000000080023cc       0x24 ./Drivers/STM32H7xx_HAL_Driver/Src/stm32h7xx_hal_cortex.o
                0x00000000080023cc                HAL_NVIC_SetPriorityGrouping
 .text.HAL_NVIC_SetPriority
                0x00000000080023f0       0x64 ./Drivers/STM32H7xx_HAL_Driver/Src/stm32h7xx_hal_cortex.o
                0x00000000080023f0                HAL_NVIC_SetPriority
 .text.HAL_NVIC_EnableIRQ
                0x0000000008002454       0x1c ./Drivers/STM32H7xx_HAL_Driver/Src/stm32h7xx_hal_cortex.o
                0x0000000008002454                HAL_NVIC_EnableIRQ
 .text.HAL_NVIC_DisableIRQ
                0x0000000008002470       0x28 ./Drivers/STM32H7xx_HAL_Driver/Src/stm32h7xx_hal_cortex.o
                0x0000000008002470                HAL_NVIC_DisableIRQ
 .text.HAL_SYSTICK_Config
                0x0000000008002498       0x28 ./Drivers/STM32H7xx_HAL_Driver/Src/stm32h7xx_hal_cortex.o
                0x0000000008002498                HAL_SYSTICK_Config
 .text.DMA_SetConfig
                0x00000000080024c0      0x1b8 ./Drivers/STM32H7xx_HAL_Driver/Src/stm32h7xx_hal_dma.o
 .text.DMA_CalcBaseAndBitshift
                0x0000000008002678       0x9c ./Drivers/STM32H7xx_HAL_Driver/Src/stm32h7xx_hal_dma.o
 .text.DMA_CalcDMAMUXChannelBaseAndMask
                0x0000000008002714       0x90 ./Drivers/STM32H7xx_HAL_Driver/Src/stm32h7xx_hal_dma.o
 .text.DMA_CalcDMAMUXRequestGenBaseAndMask
                0x00000000080027a4       0x70 ./Drivers/STM32H7xx_HAL_Driver/Src/stm32h7xx_hal_dma.o
 .text.HAL_DMA_Init
                0x0000000008002814      0x3bc ./Drivers/STM32H7xx_HAL_Driver/Src/stm32h7xx_hal_dma.o
                0x0000000008002814                HAL_DMA_Init
 .text.HAL_DMA_Start_IT
                0x0000000008002bd0      0x238 ./Drivers/STM32H7xx_HAL_Driver/Src/stm32h7xx_hal_dma.o
                0x0000000008002bd0                HAL_DMA_Start_IT
 .text.HAL_DMA_Abort
                0x0000000008002e08      0x34c ./Drivers/STM32H7xx_HAL_Driver/Src/stm32h7xx_hal_dma.o
                0x0000000008002e08                HAL_DMA_Abort
 .text.HAL_DMA_Abort_IT
                0x0000000008003154      0x168 ./Drivers/STM32H7xx_HAL_Driver/Src/stm32h7xx_hal_dma.o
                0x0000000008003154                HAL_DMA_Abort_IT
 .text.HAL_DMA_IRQHandler
                0x00000000080032bc      0x594 ./Drivers/STM32H7xx_HAL_Driver/Src/stm32h7xx_hal_dma.o
                0x00000000080032bc                HAL_DMA_IRQHandler
 .text.HAL_DMA_GetError
                0x0000000008003850        0x4 ./Drivers/STM32H7xx_HAL_Driver/Src/stm32h7xx_hal_dma.o
                0x0000000008003850                HAL_DMA_GetError
 .text.HAL_GPIO_Init
                0x0000000008003854      0x1d8 ./Drivers/STM32H7xx_HAL_Driver/Src/stm32h7xx_hal_gpio.o
                0x0000000008003854                HAL_GPIO_Init
 .text.HAL_GPIO_WritePin
                0x0000000008003a2c        0xa ./Drivers/STM32H7xx_HAL_Driver/Src/stm32h7xx_hal_gpio.o
                0x0000000008003a2c                HAL_GPIO_WritePin
 .text.HAL_GPIO_TogglePin
                0x0000000008003a36       0x12 ./Drivers/STM32H7xx_HAL_Driver/Src/stm32h7xx_hal_gpio.o
                0x0000000008003a36                HAL_GPIO_TogglePin
 .text.HAL_GPIO_EXTI_IRQHandler
                0x0000000008003a48       0x18 ./Drivers/STM32H7xx_HAL_Driver/Src/stm32h7xx_hal_gpio.o
                0x0000000008003a48                HAL_GPIO_EXTI_IRQHandler
 .text.HAL_PWREx_ConfigSupply
                0x0000000008003a60       0x48 ./Drivers/STM32H7xx_HAL_Driver/Src/stm32h7xx_hal_pwr_ex.o
                0x0000000008003a60                HAL_PWREx_ConfigSupply
 .text.HAL_RCC_OscConfig
                0x0000000008003aa8      0x51c ./Drivers/STM32H7xx_HAL_Driver/Src/stm32h7xx_hal_rcc.o
                0x0000000008003aa8                HAL_RCC_OscConfig
 .text.HAL_RCC_GetSysClockFreq
                0x0000000008003fc4      0x140 ./Drivers/STM32H7xx_HAL_Driver/Src/stm32h7xx_hal_rcc.o
                0x0000000008003fc4                HAL_RCC_GetSysClockFreq
 .text.HAL_RCC_ClockConfig
                0x0000000008004104      0x24c ./Drivers/STM32H7xx_HAL_Driver/Src/stm32h7xx_hal_rcc.o
                0x0000000008004104                HAL_RCC_ClockConfig
 .text.HAL_RCC_GetHCLKFreq
                0x0000000008004350       0x44 ./Drivers/STM32H7xx_HAL_Driver/Src/stm32h7xx_hal_rcc.o
                0x0000000008004350                HAL_RCC_GetHCLKFreq
 .text.HAL_RCC_GetPCLK1Freq
                0x0000000008004394       0x24 ./Drivers/STM32H7xx_HAL_Driver/Src/stm32h7xx_hal_rcc.o
                0x0000000008004394                HAL_RCC_GetPCLK1Freq
 .text.HAL_RCC_GetPCLK2Freq
                0x00000000080043b8       0x24 ./Drivers/STM32H7xx_HAL_Driver/Src/stm32h7xx_hal_rcc.o
                0x00000000080043b8                HAL_RCC_GetPCLK2Freq
 .text.RCCEx_PLL2_Config
                0x00000000080043dc       0xf0 ./Drivers/STM32H7xx_HAL_Driver/Src/stm32h7xx_hal_rcc_ex.o
 .text.RCCEx_PLL3_Config
                0x00000000080044cc       0xf0 ./Drivers/STM32H7xx_HAL_Driver/Src/stm32h7xx_hal_rcc_ex.o
 .text.HAL_RCCEx_PeriphCLKConfig
                0x00000000080045bc      0x908 ./Drivers/STM32H7xx_HAL_Driver/Src/stm32h7xx_hal_rcc_ex.o
                0x00000000080045bc                HAL_RCCEx_PeriphCLKConfig
 .text.HAL_RCCEx_GetD3PCLK1Freq
                0x0000000008004ec4       0x24 ./Drivers/STM32H7xx_HAL_Driver/Src/stm32h7xx_hal_rcc_ex.o
                0x0000000008004ec4                HAL_RCCEx_GetD3PCLK1Freq
 .text.HAL_RCCEx_GetPLL2ClockFreq
                0x0000000008004ee8      0x150 ./Drivers/STM32H7xx_HAL_Driver/Src/stm32h7xx_hal_rcc_ex.o
                0x0000000008004ee8                HAL_RCCEx_GetPLL2ClockFreq
 .text.HAL_RCCEx_GetPLL3ClockFreq
                0x0000000008005038      0x150 ./Drivers/STM32H7xx_HAL_Driver/Src/stm32h7xx_hal_rcc_ex.o
                0x0000000008005038                HAL_RCCEx_GetPLL3ClockFreq
 .text.HAL_RCCEx_GetPLL1ClockFreq
                0x0000000008005188      0x150 ./Drivers/STM32H7xx_HAL_Driver/Src/stm32h7xx_hal_rcc_ex.o
                0x0000000008005188                HAL_RCCEx_GetPLL1ClockFreq
 .text.HAL_RCCEx_GetPeriphCLKFreq
                0x00000000080052d8      0x278 ./Drivers/STM32H7xx_HAL_Driver/Src/stm32h7xx_hal_rcc_ex.o
                0x00000000080052d8                HAL_RCCEx_GetPeriphCLKFreq
 .text.SD_FindSCR
                0x0000000008005550       0xcc ./Drivers/STM32H7xx_HAL_Driver/Src/stm32h7xx_hal_sd.o
 .text.HAL_SD_ReadBlocks_DMA
                0x000000000800561c       0xd4 ./Drivers/STM32H7xx_HAL_Driver/Src/stm32h7xx_hal_sd.o
                0x000000000800561c                HAL_SD_ReadBlocks_DMA
 .text.HAL_SD_WriteBlocks_DMA
                0x00000000080056f0       0xd4 ./Drivers/STM32H7xx_HAL_Driver/Src/stm32h7xx_hal_sd.o
                0x00000000080056f0                HAL_SD_WriteBlocks_DMA
 .text.HAL_SD_ErrorCallback
                0x00000000080057c4        0x2 ./Drivers/STM32H7xx_HAL_Driver/Src/stm32h7xx_hal_sd.o
                0x00000000080057c4                HAL_SD_ErrorCallback
 *fill*         0x00000000080057c6        0x2 
 .text.HAL_SD_GetCardCSD
                0x00000000080057c8      0x16c ./Drivers/STM32H7xx_HAL_Driver/Src/stm32h7xx_hal_sd.o
                0x00000000080057c8                HAL_SD_GetCardCSD
 .text.HAL_SD_InitCard
                0x0000000008005934      0x224 ./Drivers/STM32H7xx_HAL_Driver/Src/stm32h7xx_hal_sd.o
                0x0000000008005934                HAL_SD_InitCard
 .text.HAL_SD_GetCardStatus
                0x0000000008005b58      0x18c ./Drivers/STM32H7xx_HAL_Driver/Src/stm32h7xx_hal_sd.o
                0x0000000008005b58                HAL_SD_GetCardStatus
 .text.HAL_SD_GetCardInfo
                0x0000000008005ce4       0x24 ./Drivers/STM32H7xx_HAL_Driver/Src/stm32h7xx_hal_sd.o
                0x0000000008005ce4                HAL_SD_GetCardInfo
 .text.HAL_SD_ConfigWideBusOperation
                0x0000000008005d08      0x180 ./Drivers/STM32H7xx_HAL_Driver/Src/stm32h7xx_hal_sd.o
                0x0000000008005d08                HAL_SD_ConfigWideBusOperation
 .text.HAL_SD_GetCardState
                0x0000000008005e88       0x28 ./Drivers/STM32H7xx_HAL_Driver/Src/stm32h7xx_hal_sd.o
                0x0000000008005e88                HAL_SD_GetCardState
 .text.HAL_SD_Init
                0x0000000008005eb0       0xa6 ./Drivers/STM32H7xx_HAL_Driver/Src/stm32h7xx_hal_sd.o
                0x0000000008005eb0                HAL_SD_Init
 .text.HAL_SDEx_Read_DMADoubleBuf0CpltCallback
                0x0000000008005f56        0x2 ./Drivers/STM32H7xx_HAL_Driver/Src/stm32h7xx_hal_sd.o
                0x0000000008005f56                HAL_SDEx_Read_DMADoubleBuf0CpltCallback
 .text.HAL_SDEx_Read_DMADoubleBuf1CpltCallback
                0x0000000008005f58        0x2 ./Drivers/STM32H7xx_HAL_Driver/Src/stm32h7xx_hal_sd.o
                0x0000000008005f58                HAL_SDEx_Read_DMADoubleBuf1CpltCallback
 .text.HAL_SDEx_Write_DMADoubleBuf0CpltCallback
                0x0000000008005f5a        0x2 ./Drivers/STM32H7xx_HAL_Driver/Src/stm32h7xx_hal_sd.o
                0x0000000008005f5a                HAL_SDEx_Write_DMADoubleBuf0CpltCallback
 .text.HAL_SDEx_Write_DMADoubleBuf1CpltCallback
                0x0000000008005f5c        0x2 ./Drivers/STM32H7xx_HAL_Driver/Src/stm32h7xx_hal_sd.o
                0x0000000008005f5c                HAL_SDEx_Write_DMADoubleBuf1CpltCallback
 *fill*         0x0000000008005f5e        0x2 
 .text.HAL_SD_IRQHandler
                0x0000000008005f60      0x244 ./Drivers/STM32H7xx_HAL_Driver/Src/stm32h7xx_hal_sd.o
                0x0000000008005f60                HAL_SD_IRQHandler
 .text.HAL_SDRAM_Init
                0x00000000080061a4       0x50 ./Drivers/STM32H7xx_HAL_Driver/Src/stm32h7xx_hal_sdram.o
                0x00000000080061a4                HAL_SDRAM_Init
 .text.HAL_SDRAM_SendCommand
                0x00000000080061f4       0x3e ./Drivers/STM32H7xx_HAL_Driver/Src/stm32h7xx_hal_sdram.o
                0x00000000080061f4                HAL_SDRAM_SendCommand
 .text.HAL_SDRAM_ProgramRefreshRate
                0x0000000008006232       0x30 ./Drivers/STM32H7xx_HAL_Driver/Src/stm32h7xx_hal_sdram.o
                0x0000000008006232                HAL_SDRAM_ProgramRefreshRate
 .text.SPI_CloseTransfer
                0x0000000008006262       0xac ./Drivers/STM32H7xx_HAL_Driver/Src/stm32h7xx_hal_spi.o
 *fill*         0x000000000800630e        0x2 
 .text.HAL_SPI_Init
                0x0000000008006310      0x12c ./Drivers/STM32H7xx_HAL_Driver/Src/stm32h7xx_hal_spi.o
                0x0000000008006310                HAL_SPI_Init
 .text.HAL_SPI_Transmit
                0x000000000800643c      0x23e ./Drivers/STM32H7xx_HAL_Driver/Src/stm32h7xx_hal_spi.o
                0x000000000800643c                HAL_SPI_Transmit
 *fill*         0x000000000800667a        0x2 
 .text.HAL_SPI_TransmitReceive_DMA
                0x000000000800667c      0x1fc ./Drivers/STM32H7xx_HAL_Driver/Src/stm32h7xx_hal_spi.o
                0x000000000800667c                HAL_SPI_TransmitReceive_DMA
 .text.HAL_SPI_TxCpltCallback
                0x0000000008006878        0x2 ./Drivers/STM32H7xx_HAL_Driver/Src/stm32h7xx_hal_spi.o
                0x0000000008006878                HAL_SPI_TxCpltCallback
 .text.HAL_SPI_RxCpltCallback
                0x000000000800687a        0x2 ./Drivers/STM32H7xx_HAL_Driver/Src/stm32h7xx_hal_spi.o
                0x000000000800687a                HAL_SPI_RxCpltCallback
 .text.SPI_DMAReceiveCplt
                0x000000000800687c       0x28 ./Drivers/STM32H7xx_HAL_Driver/Src/stm32h7xx_hal_spi.o
 .text.SPI_DMATransmitReceiveCplt
                0x00000000080068a4       0x28 ./Drivers/STM32H7xx_HAL_Driver/Src/stm32h7xx_hal_spi.o
 .text.HAL_SPI_RxHalfCpltCallback
                0x00000000080068cc        0x2 ./Drivers/STM32H7xx_HAL_Driver/Src/stm32h7xx_hal_spi.o
                0x00000000080068cc                HAL_SPI_RxHalfCpltCallback
 .text.SPI_DMAHalfReceiveCplt
                0x00000000080068ce        0xa ./Drivers/STM32H7xx_HAL_Driver/Src/stm32h7xx_hal_spi.o
 .text.HAL_SPI_TxRxHalfCpltCallback
                0x00000000080068d8        0x2 ./Drivers/STM32H7xx_HAL_Driver/Src/stm32h7xx_hal_spi.o
                0x00000000080068d8                HAL_SPI_TxRxHalfCpltCallback
 .text.SPI_DMAHalfTransmitReceiveCplt
                0x00000000080068da        0xa ./Drivers/STM32H7xx_HAL_Driver/Src/stm32h7xx_hal_spi.o
 .text.HAL_SPI_ErrorCallback
                0x00000000080068e4        0x2 ./Drivers/STM32H7xx_HAL_Driver/Src/stm32h7xx_hal_spi.o
                0x00000000080068e4                HAL_SPI_ErrorCallback
 .text.SPI_DMAError
                0x00000000080068e6       0x2a ./Drivers/STM32H7xx_HAL_Driver/Src/stm32h7xx_hal_spi.o
 .text.HAL_SPI_IRQHandler
                0x0000000008006910      0x214 ./Drivers/STM32H7xx_HAL_Driver/Src/stm32h7xx_hal_spi.o
                0x0000000008006910                HAL_SPI_IRQHandler
 .text.SPI_DMAAbortOnError
                0x0000000008006b24       0x1a ./Drivers/STM32H7xx_HAL_Driver/Src/stm32h7xx_hal_spi.o
 *fill*         0x0000000008006b3e        0x2 
 .text.TIM_OC1_SetConfig
                0x0000000008006b40       0x98 ./Drivers/STM32H7xx_HAL_Driver/Src/stm32h7xx_hal_tim.o
 .text.TIM_OC3_SetConfig
                0x0000000008006bd8       0x88 ./Drivers/STM32H7xx_HAL_Driver/Src/stm32h7xx_hal_tim.o
 .text.TIM_OC4_SetConfig
                0x0000000008006c60       0x68 ./Drivers/STM32H7xx_HAL_Driver/Src/stm32h7xx_hal_tim.o
 .text.TIM_OC5_SetConfig
                0x0000000008006cc8       0x68 ./Drivers/STM32H7xx_HAL_Driver/Src/stm32h7xx_hal_tim.o
 .text.TIM_OC6_SetConfig
                0x0000000008006d30       0x68 ./Drivers/STM32H7xx_HAL_Driver/Src/stm32h7xx_hal_tim.o
 .text.HAL_TIM_Base_Start_IT
                0x0000000008006d98       0x7c ./Drivers/STM32H7xx_HAL_Driver/Src/stm32h7xx_hal_tim.o
                0x0000000008006d98                HAL_TIM_Base_Start_IT
 .text.HAL_TIM_PWM_MspInit
                0x0000000008006e14        0x2 ./Drivers/STM32H7xx_HAL_Driver/Src/stm32h7xx_hal_tim.o
                0x0000000008006e14                HAL_TIM_PWM_MspInit
 .text.HAL_TIM_IC_MspInit
                0x0000000008006e16        0x2 ./Drivers/STM32H7xx_HAL_Driver/Src/stm32h7xx_hal_tim.o
                0x0000000008006e16                HAL_TIM_IC_MspInit
 .text.HAL_TIM_OC_DelayElapsedCallback
                0x0000000008006e18        0x2 ./Drivers/STM32H7xx_HAL_Driver/Src/stm32h7xx_hal_tim.o
                0x0000000008006e18                HAL_TIM_OC_DelayElapsedCallback
 .text.HAL_TIM_IC_CaptureCallback
                0x0000000008006e1a        0x2 ./Drivers/STM32H7xx_HAL_Driver/Src/stm32h7xx_hal_tim.o
                0x0000000008006e1a                HAL_TIM_IC_CaptureCallback
 .text.HAL_TIM_PWM_PulseFinishedCallback
                0x0000000008006e1c        0x2 ./Drivers/STM32H7xx_HAL_Driver/Src/stm32h7xx_hal_tim.o
                0x0000000008006e1c                HAL_TIM_PWM_PulseFinishedCallback
 .text.HAL_TIM_TriggerCallback
                0x0000000008006e1e        0x2 ./Drivers/STM32H7xx_HAL_Driver/Src/stm32h7xx_hal_tim.o
                0x0000000008006e1e                HAL_TIM_TriggerCallback
 .text.HAL_TIM_IRQHandler
                0x0000000008006e20      0x160 ./Drivers/STM32H7xx_HAL_Driver/Src/stm32h7xx_hal_tim.o
                0x0000000008006e20                HAL_TIM_IRQHandler
 .text.TIM_Base_SetConfig
                0x0000000008006f80       0xcc ./Drivers/STM32H7xx_HAL_Driver/Src/stm32h7xx_hal_tim.o
                0x0000000008006f80                TIM_Base_SetConfig
 .text.HAL_TIM_Base_Init
                0x000000000800704c       0x60 ./Drivers/STM32H7xx_HAL_Driver/Src/stm32h7xx_hal_tim.o
                0x000000000800704c                HAL_TIM_Base_Init
 .text.HAL_TIM_PWM_Init
                0x00000000080070ac       0x60 ./Drivers/STM32H7xx_HAL_Driver/Src/stm32h7xx_hal_tim.o
                0x00000000080070ac                HAL_TIM_PWM_Init
 .text.HAL_TIM_IC_Init
                0x000000000800710c       0x60 ./Drivers/STM32H7xx_HAL_Driver/Src/stm32h7xx_hal_tim.o
                0x000000000800710c                HAL_TIM_IC_Init
 .text.TIM_OC2_SetConfig
                0x000000000800716c       0x8c ./Drivers/STM32H7xx_HAL_Driver/Src/stm32h7xx_hal_tim.o
                0x000000000800716c                TIM_OC2_SetConfig
 .text.HAL_TIM_PWM_ConfigChannel
                0x00000000080071f8      0x104 ./Drivers/STM32H7xx_HAL_Driver/Src/stm32h7xx_hal_tim.o
                0x00000000080071f8                HAL_TIM_PWM_ConfigChannel
 .text.TIM_TI1_SetConfig
                0x00000000080072fc       0x74 ./Drivers/STM32H7xx_HAL_Driver/Src/stm32h7xx_hal_tim.o
                0x00000000080072fc                TIM_TI1_SetConfig
 .text.HAL_TIM_IC_ConfigChannel
                0x0000000008007370      0x126 ./Drivers/STM32H7xx_HAL_Driver/Src/stm32h7xx_hal_tim.o
                0x0000000008007370                HAL_TIM_IC_ConfigChannel
 .text.TIM_ETR_SetConfig
                0x0000000008007496       0x14 ./Drivers/STM32H7xx_HAL_Driver/Src/stm32h7xx_hal_tim.o
                0x0000000008007496                TIM_ETR_SetConfig
 *fill*         0x00000000080074aa        0x2 
 .text.HAL_TIM_ConfigClockSource
                0x00000000080074ac      0x180 ./Drivers/STM32H7xx_HAL_Driver/Src/stm32h7xx_hal_tim.o
                0x00000000080074ac                HAL_TIM_ConfigClockSource
 .text.TIM_SlaveTimer_SetConfig
                0x000000000800762c      0x124 ./Drivers/STM32H7xx_HAL_Driver/Src/stm32h7xx_hal_tim.o
 .text.HAL_TIM_SlaveConfigSynchro
                0x0000000008007750       0x4e ./Drivers/STM32H7xx_HAL_Driver/Src/stm32h7xx_hal_tim.o
                0x0000000008007750                HAL_TIM_SlaveConfigSynchro
 *fill*         0x000000000800779e        0x2 
 .text.HAL_TIMEx_MasterConfigSynchronization
                0x00000000080077a0       0x94 ./Drivers/STM32H7xx_HAL_Driver/Src/stm32h7xx_hal_tim_ex.o
                0x00000000080077a0                HAL_TIMEx_MasterConfigSynchronization
 .text.HAL_TIMEx_ConfigBreakDeadTime
                0x0000000008007834       0xb0 ./Drivers/STM32H7xx_HAL_Driver/Src/stm32h7xx_hal_tim_ex.o
                0x0000000008007834                HAL_TIMEx_ConfigBreakDeadTime
 .text.HAL_TIMEx_CommutCallback
                0x00000000080078e4        0x2 ./Drivers/STM32H7xx_HAL_Driver/Src/stm32h7xx_hal_tim_ex.o
                0x00000000080078e4                HAL_TIMEx_CommutCallback
 .text.HAL_TIMEx_BreakCallback
                0x00000000080078e6        0x2 ./Drivers/STM32H7xx_HAL_Driver/Src/stm32h7xx_hal_tim_ex.o
                0x00000000080078e6                HAL_TIMEx_BreakCallback
 .text.HAL_TIMEx_Break2Callback
                0x00000000080078e8        0x2 ./Drivers/STM32H7xx_HAL_Driver/Src/stm32h7xx_hal_tim_ex.o
                0x00000000080078e8                HAL_TIMEx_Break2Callback
 *fill*         0x00000000080078ea        0x2 
 .text.UART_EndRxTransfer
                0x00000000080078ec       0x58 ./Drivers/STM32H7xx_HAL_Driver/Src/stm32h7xx_hal_uart.o
 .text.HAL_UART_TxCpltCallback
                0x0000000008007944        0x2 ./Drivers/STM32H7xx_HAL_Driver/Src/stm32h7xx_hal_uart.o
                0x0000000008007944                HAL_UART_TxCpltCallback
 .text.HAL_UART_ErrorCallback
                0x0000000008007946        0x2 ./Drivers/STM32H7xx_HAL_Driver/Src/stm32h7xx_hal_uart.o
                0x0000000008007946                HAL_UART_ErrorCallback
 .text.UART_DMAAbortOnError
                0x0000000008007948       0x14 ./Drivers/STM32H7xx_HAL_Driver/Src/stm32h7xx_hal_uart.o
 .text.HAL_UARTEx_RxEventCallback
                0x000000000800795c        0x2 ./Drivers/STM32H7xx_HAL_Driver/Src/stm32h7xx_hal_uart.o
                0x000000000800795c                HAL_UARTEx_RxEventCallback
 *fill*         0x000000000800795e        0x2 
 .text.HAL_UART_IRQHandler
                0x0000000008007960      0x338 ./Drivers/STM32H7xx_HAL_Driver/Src/stm32h7xx_hal_uart.o
                0x0000000008007960                HAL_UART_IRQHandler
 .text.UART_RxISR_8BIT
                0x0000000008007c98       0xa2 ./Drivers/STM32H7xx_HAL_Driver/Src/stm32h7xx_hal_uart.o
 .text.UART_RxISR_16BIT
                0x0000000008007d3a       0x9c ./Drivers/STM32H7xx_HAL_Driver/Src/stm32h7xx_hal_uart.o
 *fill*         0x0000000008007dd6        0x2 
 .text.UART_RxISR_8BIT_FIFOEN
                0x0000000008007dd8      0x17c ./Drivers/STM32H7xx_HAL_Driver/Src/stm32h7xx_hal_uart.o
 .text.UART_RxISR_16BIT_FIFOEN
                0x0000000008007f54      0x178 ./Drivers/STM32H7xx_HAL_Driver/Src/stm32h7xx_hal_uart.o
 .text.UART_SetConfig
                0x00000000080080cc      0x3d0 ./Drivers/STM32H7xx_HAL_Driver/Src/stm32h7xx_hal_uart.o
                0x00000000080080cc                UART_SetConfig
 .text.UART_AdvFeatureConfig
                0x000000000800849c       0xaa ./Drivers/STM32H7xx_HAL_Driver/Src/stm32h7xx_hal_uart.o
                0x000000000800849c                UART_AdvFeatureConfig
 .text.UART_WaitOnFlagUntilTimeout
                0x0000000008008546       0xc4 ./Drivers/STM32H7xx_HAL_Driver/Src/stm32h7xx_hal_uart.o
                0x0000000008008546                UART_WaitOnFlagUntilTimeout
 .text.HAL_UART_Transmit
                0x000000000800860a       0xba ./Drivers/STM32H7xx_HAL_Driver/Src/stm32h7xx_hal_uart.o
                0x000000000800860a                HAL_UART_Transmit
 .text.UART_CheckIdleState
                0x00000000080086c4       0x6a ./Drivers/STM32H7xx_HAL_Driver/Src/stm32h7xx_hal_uart.o
                0x00000000080086c4                UART_CheckIdleState
 .text.HAL_UART_Init
                0x000000000800872e       0x60 ./Drivers/STM32H7xx_HAL_Driver/Src/stm32h7xx_hal_uart.o
                0x000000000800872e                HAL_UART_Init
 *fill*         0x000000000800878e        0x2 
 .text.UART_Start_Receive_IT
                0x0000000008008790      0x124 ./Drivers/STM32H7xx_HAL_Driver/Src/stm32h7xx_hal_uart.o
                0x0000000008008790                UART_Start_Receive_IT
 .text.HAL_UART_Receive_IT
                0x00000000080088b4       0x54 ./Drivers/STM32H7xx_HAL_Driver/Src/stm32h7xx_hal_uart.o
                0x00000000080088b4                HAL_UART_Receive_IT
 .text.UARTEx_SetNbDataToProcess
                0x0000000008008908       0x44 ./Drivers/STM32H7xx_HAL_Driver/Src/stm32h7xx_hal_uart_ex.o
 .text.HAL_UARTEx_WakeupCallback
                0x000000000800894c        0x2 ./Drivers/STM32H7xx_HAL_Driver/Src/stm32h7xx_hal_uart_ex.o
                0x000000000800894c                HAL_UARTEx_WakeupCallback
 .text.HAL_UARTEx_RxFifoFullCallback
                0x000000000800894e        0x2 ./Drivers/STM32H7xx_HAL_Driver/Src/stm32h7xx_hal_uart_ex.o
                0x000000000800894e                HAL_UARTEx_RxFifoFullCallback
 .text.HAL_UARTEx_TxFifoEmptyCallback
                0x0000000008008950        0x2 ./Drivers/STM32H7xx_HAL_Driver/Src/stm32h7xx_hal_uart_ex.o
                0x0000000008008950                HAL_UARTEx_TxFifoEmptyCallback
 .text.HAL_UARTEx_DisableFifoMode
                0x0000000008008952       0x36 ./Drivers/STM32H7xx_HAL_Driver/Src/stm32h7xx_hal_uart_ex.o
                0x0000000008008952                HAL_UARTEx_DisableFifoMode
 .text.HAL_UARTEx_SetTxFifoThreshold
                0x0000000008008988       0x48 ./Drivers/STM32H7xx_HAL_Driver/Src/stm32h7xx_hal_uart_ex.o
                0x0000000008008988                HAL_UARTEx_SetTxFifoThreshold
 .text.HAL_UARTEx_SetRxFifoThreshold
                0x00000000080089d0       0x48 ./Drivers/STM32H7xx_HAL_Driver/Src/stm32h7xx_hal_uart_ex.o
                0x00000000080089d0                HAL_UARTEx_SetRxFifoThreshold
 .text.FMC_SDRAM_Init
                0x0000000008008a18       0x76 ./Drivers/STM32H7xx_HAL_Driver/Src/stm32h7xx_ll_fmc.o
                0x0000000008008a18                FMC_SDRAM_Init
 .text.FMC_SDRAM_Timing_Init
                0x0000000008008a8e       0x6c ./Drivers/STM32H7xx_HAL_Driver/Src/stm32h7xx_ll_fmc.o
                0x0000000008008a8e                FMC_SDRAM_Timing_Init
 .text.FMC_SDRAM_SendCommand
                0x0000000008008afa       0x24 ./Drivers/STM32H7xx_HAL_Driver/Src/stm32h7xx_ll_fmc.o
                0x0000000008008afa                FMC_SDRAM_SendCommand
 .text.FMC_SDRAM_ProgramRefreshRate
                0x0000000008008b1e       0x14 ./Drivers/STM32H7xx_HAL_Driver/Src/stm32h7xx_ll_fmc.o
                0x0000000008008b1e                FMC_SDRAM_ProgramRefreshRate
 *fill*         0x0000000008008b32        0x2 
 .text.SDMMC_Init
                0x0000000008008b34       0x34 ./Drivers/STM32H7xx_HAL_Driver/Src/stm32h7xx_ll_sdmmc.o
                0x0000000008008b34                SDMMC_Init
 .text.SDMMC_ReadFIFO
                0x0000000008008b68        0x6 ./Drivers/STM32H7xx_HAL_Driver/Src/stm32h7xx_ll_sdmmc.o
                0x0000000008008b68                SDMMC_ReadFIFO
 .text.SDMMC_WriteFIFO
                0x0000000008008b6e        0xa ./Drivers/STM32H7xx_HAL_Driver/Src/stm32h7xx_ll_sdmmc.o
                0x0000000008008b6e                SDMMC_WriteFIFO
 .text.SDMMC_PowerState_ON
                0x0000000008008b78        0xc ./Drivers/STM32H7xx_HAL_Driver/Src/stm32h7xx_ll_sdmmc.o
                0x0000000008008b78                SDMMC_PowerState_ON
 .text.SDMMC_GetPowerState
                0x0000000008008b84        0x8 ./Drivers/STM32H7xx_HAL_Driver/Src/stm32h7xx_ll_sdmmc.o
                0x0000000008008b84                SDMMC_GetPowerState
 .text.SDMMC_SendCommand
                0x0000000008008b8c       0x28 ./Drivers/STM32H7xx_HAL_Driver/Src/stm32h7xx_ll_sdmmc.o
                0x0000000008008b8c                SDMMC_SendCommand
 .text.SDMMC_GetResponse
                0x0000000008008bb4        0x6 ./Drivers/STM32H7xx_HAL_Driver/Src/stm32h7xx_ll_sdmmc.o
                0x0000000008008bb4                SDMMC_GetResponse
 .text.SDMMC_ConfigData
                0x0000000008008bba       0x26 ./Drivers/STM32H7xx_HAL_Driver/Src/stm32h7xx_ll_sdmmc.o
                0x0000000008008bba                SDMMC_ConfigData
 .text.SDMMC_CmdGoIdleState
                0x0000000008008be0       0x50 ./Drivers/STM32H7xx_HAL_Driver/Src/stm32h7xx_ll_sdmmc.o
                0x0000000008008be0                SDMMC_CmdGoIdleState
 .text.SDMMC_GetCmdResp1
                0x0000000008008c30      0x128 ./Drivers/STM32H7xx_HAL_Driver/Src/stm32h7xx_ll_sdmmc.o
                0x0000000008008c30                SDMMC_GetCmdResp1
 .text.SDMMC_CmdBlockLength
                0x0000000008008d58       0x32 ./Drivers/STM32H7xx_HAL_Driver/Src/stm32h7xx_ll_sdmmc.o
                0x0000000008008d58                SDMMC_CmdBlockLength
 .text.SDMMC_CmdReadSingleBlock
                0x0000000008008d8a       0x32 ./Drivers/STM32H7xx_HAL_Driver/Src/stm32h7xx_ll_sdmmc.o
                0x0000000008008d8a                SDMMC_CmdReadSingleBlock
 .text.SDMMC_CmdReadMultiBlock
                0x0000000008008dbc       0x32 ./Drivers/STM32H7xx_HAL_Driver/Src/stm32h7xx_ll_sdmmc.o
                0x0000000008008dbc                SDMMC_CmdReadMultiBlock
 .text.SDMMC_CmdWriteSingleBlock
                0x0000000008008dee       0x32 ./Drivers/STM32H7xx_HAL_Driver/Src/stm32h7xx_ll_sdmmc.o
                0x0000000008008dee                SDMMC_CmdWriteSingleBlock
 .text.SDMMC_CmdWriteMultiBlock
                0x0000000008008e20       0x32 ./Drivers/STM32H7xx_HAL_Driver/Src/stm32h7xx_ll_sdmmc.o
                0x0000000008008e20                SDMMC_CmdWriteMultiBlock
 *fill*         0x0000000008008e52        0x2 
 .text.SDMMC_CmdStopTransfer
                0x0000000008008e54       0x54 ./Drivers/STM32H7xx_HAL_Driver/Src/stm32h7xx_ll_sdmmc.o
                0x0000000008008e54                SDMMC_CmdStopTransfer
 .text.SDMMC_CmdSelDesel
                0x0000000008008ea8       0x32 ./Drivers/STM32H7xx_HAL_Driver/Src/stm32h7xx_ll_sdmmc.o
                0x0000000008008ea8                SDMMC_CmdSelDesel
 .text.SDMMC_CmdAppCommand
                0x0000000008008eda       0x32 ./Drivers/STM32H7xx_HAL_Driver/Src/stm32h7xx_ll_sdmmc.o
                0x0000000008008eda                SDMMC_CmdAppCommand
 .text.SDMMC_CmdBusWidth
                0x0000000008008f0c       0x32 ./Drivers/STM32H7xx_HAL_Driver/Src/stm32h7xx_ll_sdmmc.o
                0x0000000008008f0c                SDMMC_CmdBusWidth
 .text.SDMMC_CmdSendSCR
                0x0000000008008f3e       0x32 ./Drivers/STM32H7xx_HAL_Driver/Src/stm32h7xx_ll_sdmmc.o
                0x0000000008008f3e                SDMMC_CmdSendSCR
 .text.SDMMC_CmdSendStatus
                0x0000000008008f70       0x32 ./Drivers/STM32H7xx_HAL_Driver/Src/stm32h7xx_ll_sdmmc.o
                0x0000000008008f70                SDMMC_CmdSendStatus
 .text.SDMMC_CmdStatusRegister
                0x0000000008008fa2       0x32 ./Drivers/STM32H7xx_HAL_Driver/Src/stm32h7xx_ll_sdmmc.o
                0x0000000008008fa2                SDMMC_CmdStatusRegister
 .text.SDMMC_GetCmdResp2
                0x0000000008008fd4       0x50 ./Drivers/STM32H7xx_HAL_Driver/Src/stm32h7xx_ll_sdmmc.o
                0x0000000008008fd4                SDMMC_GetCmdResp2
 .text.SDMMC_CmdSendCID
                0x0000000008009024       0x2c ./Drivers/STM32H7xx_HAL_Driver/Src/stm32h7xx_ll_sdmmc.o
                0x0000000008009024                SDMMC_CmdSendCID
 .text.SDMMC_CmdSendCSD
                0x0000000008009050       0x2c ./Drivers/STM32H7xx_HAL_Driver/Src/stm32h7xx_ll_sdmmc.o
                0x0000000008009050                SDMMC_CmdSendCSD
 .text.SDMMC_GetCmdResp3
                0x000000000800907c       0x48 ./Drivers/STM32H7xx_HAL_Driver/Src/stm32h7xx_ll_sdmmc.o
                0x000000000800907c                SDMMC_GetCmdResp3
 .text.SDMMC_CmdAppOperCommand
                0x00000000080090c4       0x2c ./Drivers/STM32H7xx_HAL_Driver/Src/stm32h7xx_ll_sdmmc.o
                0x00000000080090c4                SDMMC_CmdAppOperCommand
 .text.SDMMC_GetCmdResp6
                0x00000000080090f0       0x88 ./Drivers/STM32H7xx_HAL_Driver/Src/stm32h7xx_ll_sdmmc.o
                0x00000000080090f0                SDMMC_GetCmdResp6
 .text.SDMMC_CmdSetRelAdd
                0x0000000008009178       0x32 ./Drivers/STM32H7xx_HAL_Driver/Src/stm32h7xx_ll_sdmmc.o
                0x0000000008009178                SDMMC_CmdSetRelAdd
 *fill*         0x00000000080091aa        0x2 
 .text.SDMMC_GetCmdResp7
                0x00000000080091ac       0x54 ./Drivers/STM32H7xx_HAL_Driver/Src/stm32h7xx_ll_sdmmc.o
                0x00000000080091ac                SDMMC_GetCmdResp7
 .text.SDMMC_CmdOperCond
                0x0000000008009200       0x30 ./Drivers/STM32H7xx_HAL_Driver/Src/stm32h7xx_ll_sdmmc.o
                0x0000000008009200                SDMMC_CmdOperCond
 .text.MX_FATFS_Init
                0x0000000008009230       0x1c ./FATFS/App/fatfs.o
                0x0000000008009230                MX_FATFS_Init
 .text.BSP_SD_ReadBlocks_DMA
                0x000000000800924c       0x1c ./FATFS/Target/bsp_driver_sd.o
                0x000000000800924c                BSP_SD_ReadBlocks_DMA
 .text.BSP_SD_WriteBlocks_DMA
                0x0000000008009268       0x1c ./FATFS/Target/bsp_driver_sd.o
                0x0000000008009268                BSP_SD_WriteBlocks_DMA
 .text.BSP_SD_GetCardState
                0x0000000008009284       0x14 ./FATFS/Target/bsp_driver_sd.o
                0x0000000008009284                BSP_SD_GetCardState
 .text.BSP_SD_GetCardInfo
                0x0000000008009298        0xc ./FATFS/Target/bsp_driver_sd.o
                0x0000000008009298                BSP_SD_GetCardInfo
 .text.HAL_SD_TxCpltCallback
                0x00000000080092a4        0x8 ./FATFS/Target/bsp_driver_sd.o
                0x00000000080092a4                HAL_SD_TxCpltCallback
 .text.HAL_SD_RxCpltCallback
                0x00000000080092ac        0x8 ./FATFS/Target/bsp_driver_sd.o
                0x00000000080092ac                HAL_SD_RxCpltCallback
 .text.BSP_SD_IsDetected
                0x00000000080092b4       0x10 ./FATFS/Target/bsp_driver_sd.o
                0x00000000080092b4                BSP_SD_IsDetected
 .text.BSP_SD_Init
                0x00000000080092c4       0x2c ./FATFS/Target/bsp_driver_sd.o
                0x00000000080092c4                BSP_SD_Init
 .text.SD_ioctl
                0x00000000080092f0       0x54 ./FATFS/Target/sd_diskio.o
                0x00000000080092f0                SD_ioctl
 .text.SD_status
                0x0000000008009344       0x20 ./FATFS/Target/sd_diskio.o
                0x0000000008009344                SD_status
 .text.SD_CheckStatusWithTimeout.constprop.0
                0x0000000008009364       0x26 ./FATFS/Target/sd_diskio.o
 *fill*         0x000000000800938a        0x2 
 .text.SD_write
                0x000000000800938c       0x70 ./FATFS/Target/sd_diskio.o
                0x000000000800938c                SD_write
 .text.SD_read  0x00000000080093fc       0x6c ./FATFS/Target/sd_diskio.o
                0x00000000080093fc                SD_read
 .text.SD_initialize
                0x0000000008009468       0x2c ./FATFS/Target/sd_diskio.o
                0x0000000008009468                SD_initialize
 .text.BSP_SD_WriteCpltCallback
                0x0000000008009494        0xc ./FATFS/Target/sd_diskio.o
                0x0000000008009494                BSP_SD_WriteCpltCallback
 .text.BSP_SD_ReadCpltCallback
                0x00000000080094a0        0xc ./FATFS/Target/sd_diskio.o
                0x00000000080094a0                BSP_SD_ReadCpltCallback
 .text.disk_status
                0x00000000080094ac       0x14 ./Middlewares/Third_Party/FatFs/src/diskio.o
                0x00000000080094ac                disk_status
 .text.disk_initialize
                0x00000000080094c0       0x20 ./Middlewares/Third_Party/FatFs/src/diskio.o
                0x00000000080094c0                disk_initialize
 .text.disk_read
                0x00000000080094e0       0x1c ./Middlewares/Third_Party/FatFs/src/diskio.o
                0x00000000080094e0                disk_read
 .text.disk_write
                0x00000000080094fc       0x1c ./Middlewares/Third_Party/FatFs/src/diskio.o
                0x00000000080094fc                disk_write
 .text.ld_dword
                0x0000000008009518        0x4 ./Middlewares/Third_Party/FatFs/src/ff.o
 .text.clear_lock
                0x000000000800951c       0x1c ./Middlewares/Third_Party/FatFs/src/ff.o
 .text.get_ldnumber
                0x0000000008009538       0x30 ./Middlewares/Third_Party/FatFs/src/ff.o
 .text.sync_window.part.0
                0x0000000008009568       0x4c ./Middlewares/Third_Party/FatFs/src/ff.o
 .text.sync_window
                0x00000000080095b4        0xc ./Middlewares/Third_Party/FatFs/src/ff.o
 .text.move_window
                0x00000000080095c0       0x32 ./Middlewares/Third_Party/FatFs/src/ff.o
 *fill*         0x00000000080095f2        0x2 
 .text.check_fs
                0x00000000080095f4       0x74 ./Middlewares/Third_Party/FatFs/src/ff.o
 .text.find_volume
                0x0000000008009668      0x254 ./Middlewares/Third_Party/FatFs/src/ff.o
 .text.f_mount  0x00000000080098bc       0x54 ./Middlewares/Third_Party/FatFs/src/ff.o
                0x00000000080098bc                f_mount
 .text.FATFS_LinkDriverEx
                0x0000000008009910       0x40 ./Middlewares/Third_Party/FatFs/src/ff_gen_drv.o
                0x0000000008009910                FATFS_LinkDriverEx
 .text.FATFS_LinkDriver
                0x0000000008009950        0x6 ./Middlewares/Third_Party/FatFs/src/ff_gen_drv.o
                0x0000000008009950                FATFS_LinkDriver
 *fill*         0x0000000008009956        0x2 
 .text.__errno  0x0000000008009958        0xc c:/program files/stm32cubeide_1.10.1/stm32cubeide/plugins/com.st.stm32cube.ide.mcu.externaltools.gnu-tools-for-stm32.10.3-2021.10.win32_1.0.0.202111181127/tools/bin/../lib/gcc/arm-none-eabi/10.3.1/../../../../arm-none-eabi/lib/thumb/v7e-m+dp/hard\libc_nano.a(lib_a-errno.o)
                0x0000000008009958                __errno
 .text.__libc_init_array
                0x0000000008009964       0x48 c:/program files/stm32cubeide_1.10.1/stm32cubeide/plugins/com.st.stm32cube.ide.mcu.externaltools.gnu-tools-for-stm32.10.3-2021.10.win32_1.0.0.202111181127/tools/bin/../lib/gcc/arm-none-eabi/10.3.1/../../../../arm-none-eabi/lib/thumb/v7e-m+dp/hard\libc_nano.a(lib_a-init.o)
                0x0000000008009964                __libc_init_array
 .text.memset   0x00000000080099ac       0x10 c:/program files/stm32cubeide_1.10.1/stm32cubeide/plugins/com.st.stm32cube.ide.mcu.externaltools.gnu-tools-for-stm32.10.3-2021.10.win32_1.0.0.202111181127/tools/bin/../lib/gcc/arm-none-eabi/10.3.1/../../../../arm-none-eabi/lib/thumb/v7e-m+dp/hard\libc_nano.a(lib_a-memset.o)
                0x00000000080099ac                memset
 .text.sprintf  0x00000000080099bc       0x40 c:/program files/stm32cubeide_1.10.1/stm32cubeide/plugins/com.st.stm32cube.ide.mcu.externaltools.gnu-tools-for-stm32.10.3-2021.10.win32_1.0.0.202111181127/tools/bin/../lib/gcc/arm-none-eabi/10.3.1/../../../../arm-none-eabi/lib/thumb/v7e-m+dp/hard\libc_nano.a(lib_a-sprintf.o)
                0x00000000080099bc                siprintf
                0x00000000080099bc                sprintf
 .text.__ssputs_r
                0x00000000080099fc       0xb6 c:/program files/stm32cubeide_1.10.1/stm32cubeide/plugins/com.st.stm32cube.ide.mcu.externaltools.gnu-tools-for-stm32.10.3-2021.10.win32_1.0.0.202111181127/tools/bin/../lib/gcc/arm-none-eabi/10.3.1/../../../../arm-none-eabi/lib/thumb/v7e-m+dp/hard\libc_nano.a(lib_a-nano-svfprintf.o)
                0x00000000080099fc                __ssputs_r
 *fill*         0x0000000008009ab2        0x2 
 .text._svfprintf_r
                0x0000000008009ab4      0x200 c:/program files/stm32cubeide_1.10.1/stm32cubeide/plugins/com.st.stm32cube.ide.mcu.externaltools.gnu-tools-for-stm32.10.3-2021.10.win32_1.0.0.202111181127/tools/bin/../lib/gcc/arm-none-eabi/10.3.1/../../../../arm-none-eabi/lib/thumb/v7e-m+dp/hard\libc_nano.a(lib_a-nano-svfprintf.o)
                0x0000000008009ab4                _svfiprintf_r
                0x0000000008009ab4                _svfprintf_r
 .text._printf_common
                0x0000000008009cb4       0xda c:/program files/stm32cubeide_1.10.1/stm32cubeide/plugins/com.st.stm32cube.ide.mcu.externaltools.gnu-tools-for-stm32.10.3-2021.10.win32_1.0.0.202111181127/tools/bin/../lib/gcc/arm-none-eabi/10.3.1/../../../../arm-none-eabi/lib/thumb/v7e-m+dp/hard\libc_nano.a(lib_a-nano-vfprintf_i.o)
                0x0000000008009cb4                _printf_common
 *fill*         0x0000000008009d8e        0x2 
 .text._printf_i
                0x0000000008009d90      0x24c c:/program files/stm32cubeide_1.10.1/stm32cubeide/plugins/com.st.stm32cube.ide.mcu.externaltools.gnu-tools-for-stm32.10.3-2021.10.win32_1.0.0.202111181127/tools/bin/../lib/gcc/arm-none-eabi/10.3.1/../../../../arm-none-eabi/lib/thumb/v7e-m+dp/hard\libc_nano.a(lib_a-nano-vfprintf_i.o)
                0x0000000008009d90                _printf_i
 .text.memcpy   0x0000000008009fdc       0x1c c:/program files/stm32cubeide_1.10.1/stm32cubeide/plugins/com.st.stm32cube.ide.mcu.externaltools.gnu-tools-for-stm32.10.3-2021.10.win32_1.0.0.202111181127/tools/bin/../lib/gcc/arm-none-eabi/10.3.1/../../../../arm-none-eabi/lib/thumb/v7e-m+dp/hard\libc_nano.a(lib_a-memcpy-stub.o)
                0x0000000008009fdc                memcpy
 .text.memmove  0x0000000008009ff8       0x34 c:/program files/stm32cubeide_1.10.1/stm32cubeide/plugins/com.st.stm32cube.ide.mcu.externaltools.gnu-tools-for-stm32.10.3-2021.10.win32_1.0.0.202111181127/tools/bin/../lib/gcc/arm-none-eabi/10.3.1/../../../../arm-none-eabi/lib/thumb/v7e-m+dp/hard\libc_nano.a(lib_a-memmove.o)
                0x0000000008009ff8                memmove
 .text._free_r  0x000000000800a02c       0x98 c:/program files/stm32cubeide_1.10.1/stm32cubeide/plugins/com.st.stm32cube.ide.mcu.externaltools.gnu-tools-for-stm32.10.3-2021.10.win32_1.0.0.202111181127/tools/bin/../lib/gcc/arm-none-eabi/10.3.1/../../../../arm-none-eabi/lib/thumb/v7e-m+dp/hard\libc_nano.a(lib_a-nano-freer.o)
                0x000000000800a02c                _free_r
 .text.sbrk_aligned
                0x000000000800a0c4       0x40 c:/program files/stm32cubeide_1.10.1/stm32cubeide/plugins/com.st.stm32cube.ide.mcu.externaltools.gnu-tools-for-stm32.10.3-2021.10.win32_1.0.0.202111181127/tools/bin/../lib/gcc/arm-none-eabi/10.3.1/../../../../arm-none-eabi/lib/thumb/v7e-m+dp/hard\libc_nano.a(lib_a-nano-mallocr.o)
 .text._malloc_r
                0x000000000800a104       0xe8 c:/program files/stm32cubeide_1.10.1/stm32cubeide/plugins/com.st.stm32cube.ide.mcu.externaltools.gnu-tools-for-stm32.10.3-2021.10.win32_1.0.0.202111181127/tools/bin/../lib/gcc/arm-none-eabi/10.3.1/../../../../arm-none-eabi/lib/thumb/v7e-m+dp/hard\libc_nano.a(lib_a-nano-mallocr.o)
                0x000000000800a104                _malloc_r
 .text._realloc_r
                0x000000000800a1ec       0x5e c:/program files/stm32cubeide_1.10.1/stm32cubeide/plugins/com.st.stm32cube.ide.mcu.externaltools.gnu-tools-for-stm32.10.3-2021.10.win32_1.0.0.202111181127/tools/bin/../lib/gcc/arm-none-eabi/10.3.1/../../../../arm-none-eabi/lib/thumb/v7e-m+dp/hard\libc_nano.a(lib_a-nano-reallocr.o)
                0x000000000800a1ec                _realloc_r
 *fill*         0x000000000800a24a        0x2 
 .text._sbrk_r  0x000000000800a24c       0x20 c:/program files/stm32cubeide_1.10.1/stm32cubeide/plugins/com.st.stm32cube.ide.mcu.externaltools.gnu-tools-for-stm32.10.3-2021.10.win32_1.0.0.202111181127/tools/bin/../lib/gcc/arm-none-eabi/10.3.1/../../../../arm-none-eabi/lib/thumb/v7e-m+dp/hard\libc_nano.a(lib_a-sbrkr.o)
                0x000000000800a24c                _sbrk_r
 .text.__malloc_lock
                0x000000000800a26c        0xc c:/program files/stm32cubeide_1.10.1/stm32cubeide/plugins/com.st.stm32cube.ide.mcu.externaltools.gnu-tools-for-stm32.10.3-2021.10.win32_1.0.0.202111181127/tools/bin/../lib/gcc/arm-none-eabi/10.3.1/../../../../arm-none-eabi/lib/thumb/v7e-m+dp/hard\libc_nano.a(lib_a-mlock.o)
                0x000000000800a26c                __malloc_lock
 .text.__malloc_unlock
                0x000000000800a278        0xc c:/program files/stm32cubeide_1.10.1/stm32cubeide/plugins/com.st.stm32cube.ide.mcu.externaltools.gnu-tools-for-stm32.10.3-2021.10.win32_1.0.0.202111181127/tools/bin/../lib/gcc/arm-none-eabi/10.3.1/../../../../arm-none-eabi/lib/thumb/v7e-m+dp/hard\libc_nano.a(lib_a-mlock.o)
                0x000000000800a278                __malloc_unlock
 .text._malloc_usable_size_r
                0x000000000800a284       0x10 c:/program files/stm32cubeide_1.10.1/stm32cubeide/plugins/com.st.stm32cube.ide.mcu.externaltools.gnu-tools-for-stm32.10.3-2021.10.win32_1.0.0.202111181127/tools/bin/../lib/gcc/arm-none-eabi/10.3.1/../../../../arm-none-eabi/lib/thumb/v7e-m+dp/hard\libc_nano.a(lib_a-nano-msizer.o)
                0x000000000800a284                _malloc_usable_size_r
 .text.__retarget_lock_acquire_recursive
                0x000000000800a294        0x2 c:/program files/stm32cubeide_1.10.1/stm32cubeide/plugins/com.st.stm32cube.ide.mcu.externaltools.gnu-tools-for-stm32.10.3-2021.10.win32_1.0.0.202111181127/tools/bin/../lib/gcc/arm-none-eabi/10.3.1/../../../../arm-none-eabi/lib/thumb/v7e-m+dp/hard\libc_nano.a(lib_a-lock.o)
                0x000000000800a294                __retarget_lock_acquire_recursive
 .text.__retarget_lock_release_recursive
                0x000000000800a296        0x2 c:/program files/stm32cubeide_1.10.1/stm32cubeide/plugins/com.st.stm32cube.ide.mcu.externaltools.gnu-tools-for-stm32.10.3-2021.10.win32_1.0.0.202111181127/tools/bin/../lib/gcc/arm-none-eabi/10.3.1/../../../../arm-none-eabi/lib/thumb/v7e-m+dp/hard\libc_nano.a(lib_a-lock.o)
                0x000000000800a296                __retarget_lock_release_recursive
 *(.glue_7)
 .glue_7        0x000000000800a298        0x0 linker stubs
 *(.glue_7t)
 .glue_7t       0x000000000800a298        0x0 linker stubs
 *(.eh_frame)
 .eh_frame      0x000000000800a298        0x0 c:/program files/stm32cubeide_1.10.1/stm32cubeide/plugins/com.st.stm32cube.ide.mcu.externaltools.gnu-tools-for-stm32.10.3-2021.10.win32_1.0.0.202111181127/tools/bin/../lib/gcc/arm-none-eabi/10.3.1/thumb/v7e-m+dp/hard/crtbegin.o
 *(.init)
 .init          0x000000000800a298        0x4 c:/program files/stm32cubeide_1.10.1/stm32cubeide/plugins/com.st.stm32cube.ide.mcu.externaltools.gnu-tools-for-stm32.10.3-2021.10.win32_1.0.0.202111181127/tools/bin/../lib/gcc/arm-none-eabi/10.3.1/thumb/v7e-m+dp/hard/crti.o
                0x000000000800a298                _init
 .init          0x000000000800a29c        0x8 c:/program files/stm32cubeide_1.10.1/stm32cubeide/plugins/com.st.stm32cube.ide.mcu.externaltools.gnu-tools-for-stm32.10.3-2021.10.win32_1.0.0.202111181127/tools/bin/../lib/gcc/arm-none-eabi/10.3.1/thumb/v7e-m+dp/hard/crtn.o
 *(.fini)
 .fini          0x000000000800a2a4        0x4 c:/program files/stm32cubeide_1.10.1/stm32cubeide/plugins/com.st.stm32cube.ide.mcu.externaltools.gnu-tools-for-stm32.10.3-2021.10.win32_1.0.0.202111181127/tools/bin/../lib/gcc/arm-none-eabi/10.3.1/thumb/v7e-m+dp/hard/crti.o
                0x000000000800a2a4                _fini
 .fini          0x000000000800a2a8        0x8 c:/program files/stm32cubeide_1.10.1/stm32cubeide/plugins/com.st.stm32cube.ide.mcu.externaltools.gnu-tools-for-stm32.10.3-2021.10.win32_1.0.0.202111181127/tools/bin/../lib/gcc/arm-none-eabi/10.3.1/thumb/v7e-m+dp/hard/crtn.o
                0x000000000800a2b0                . = ALIGN (0x4)
                0x000000000800a2b0                _etext = .

.vfp11_veneer   0x000000000800a2b0        0x0
 .vfp11_veneer  0x000000000800a2b0        0x0 linker stubs

.v4_bx          0x000000000800a2b0        0x0
 .v4_bx         0x000000000800a2b0        0x0 linker stubs

.iplt           0x000000000800a2b0        0x0
 .iplt          0x000000000800a2b0        0x0 c:/program files/stm32cubeide_1.10.1/stm32cubeide/plugins/com.st.stm32cube.ide.mcu.externaltools.gnu-tools-for-stm32.10.3-2021.10.win32_1.0.0.202111181127/tools/bin/../lib/gcc/arm-none-eabi/10.3.1/thumb/v7e-m+dp/hard/crtbegin.o

.rodata         0x000000000800a2b0       0xd8
                0x000000000800a2b0                . = ALIGN (0x4)
 *(.rodata)
 *(.rodata*)
 .rodata.spi1_soft_reset.str1.1
                0x000000000800a2b0        0x9 ./Core/Src/spi_adc.o
 .rodata.spi_send_all_three_values.str1.1
                0x000000000800a2b9       0x10 ./Core/Src/spi_adc.o
 .rodata.D1CorePrescTable
                0x000000000800a2c9       0x10 ./Core/Src/system_stm32h7xx.o
                0x000000000800a2c9                D1CorePrescTable
 .rodata.flagBitshiftOffset.0
                0x000000000800a2d9        0x8 ./Drivers/STM32H7xx_HAL_Driver/Src/stm32h7xx_hal_dma.o
 .rodata.CSWTCH.61
                0x000000000800a2e1       0x29 ./Drivers/STM32H7xx_HAL_Driver/Src/stm32h7xx_hal_uart.o
 .rodata.CSWTCH.62
                0x000000000800a30a        0x6 ./Drivers/STM32H7xx_HAL_Driver/Src/stm32h7xx_hal_uart.o
 .rodata.CSWTCH.71
                0x000000000800a310        0x6 ./Drivers/STM32H7xx_HAL_Driver/Src/stm32h7xx_hal_uart.o
 .rodata.UARTPrescTable
                0x000000000800a316       0x18 ./Drivers/STM32H7xx_HAL_Driver/Src/stm32h7xx_hal_uart.o
                0x000000000800a316                UARTPrescTable
 .rodata.denominator.0
                0x000000000800a32e        0x8 ./Drivers/STM32H7xx_HAL_Driver/Src/stm32h7xx_hal_uart_ex.o
 .rodata.numerator.1
                0x000000000800a336        0x8 ./Drivers/STM32H7xx_HAL_Driver/Src/stm32h7xx_hal_uart_ex.o
 *fill*         0x000000000800a33e        0x2 
 .rodata.SD_Driver
                0x000000000800a340       0x14 ./FATFS/Target/sd_diskio.o
                0x000000000800a340                SD_Driver
 .rodata._svfprintf_r.str1.1
                0x000000000800a354       0x11 c:/program files/stm32cubeide_1.10.1/stm32cubeide/plugins/com.st.stm32cube.ide.mcu.externaltools.gnu-tools-for-stm32.10.3-2021.10.win32_1.0.0.202111181127/tools/bin/../lib/gcc/arm-none-eabi/10.3.1/../../../../arm-none-eabi/lib/thumb/v7e-m+dp/hard\libc_nano.a(lib_a-nano-svfprintf.o)
 .rodata._printf_i.str1.1
                0x000000000800a365       0x22 c:/program files/stm32cubeide_1.10.1/stm32cubeide/plugins/com.st.stm32cube.ide.mcu.externaltools.gnu-tools-for-stm32.10.3-2021.10.win32_1.0.0.202111181127/tools/bin/../lib/gcc/arm-none-eabi/10.3.1/../../../../arm-none-eabi/lib/thumb/v7e-m+dp/hard\libc_nano.a(lib_a-nano-vfprintf_i.o)
                0x000000000800a388                . = ALIGN (0x4)
 *fill*         0x000000000800a387        0x1 

.ARM.extab
 *(.ARM.extab* .gnu.linkonce.armextab.*)

.ARM            0x000000000800a388        0x8
                0x000000000800a388                __exidx_start = .
 *(.ARM.exidx*)
 .ARM.exidx     0x000000000800a388        0x8 c:/program files/stm32cubeide_1.10.1/stm32cubeide/plugins/com.st.stm32cube.ide.mcu.externaltools.gnu-tools-for-stm32.10.3-2021.10.win32_1.0.0.202111181127/tools/bin/../lib/gcc/arm-none-eabi/10.3.1/thumb/v7e-m+dp/hard\libgcc.a(_udivmoddi4.o)
                0x000000000800a390                __exidx_end = .

.rel.dyn        0x000000000800a390        0x0
 .rel.iplt      0x000000000800a390        0x0 c:/program files/stm32cubeide_1.10.1/stm32cubeide/plugins/com.st.stm32cube.ide.mcu.externaltools.gnu-tools-for-stm32.10.3-2021.10.win32_1.0.0.202111181127/tools/bin/../lib/gcc/arm-none-eabi/10.3.1/thumb/v7e-m+dp/hard/crtbegin.o

.preinit_array  0x000000000800a390        0x0
                0x000000000800a390                PROVIDE (__preinit_array_start = .)
 *(.preinit_array*)
                0x000000000800a390                PROVIDE (__preinit_array_end = .)

.init_array     0x000000000800a390        0x4
                0x000000000800a390                PROVIDE (__init_array_start = .)
 *(SORT_BY_NAME(.init_array.*))
 *(.init_array*)
 .init_array    0x000000000800a390        0x4 c:/program files/stm32cubeide_1.10.1/stm32cubeide/plugins/com.st.stm32cube.ide.mcu.externaltools.gnu-tools-for-stm32.10.3-2021.10.win32_1.0.0.202111181127/tools/bin/../lib/gcc/arm-none-eabi/10.3.1/thumb/v7e-m+dp/hard/crtbegin.o
                0x000000000800a394                PROVIDE (__init_array_end = .)

.fini_array     0x000000000800a394        0x4
                [!provide]                        PROVIDE (__fini_array_start = .)
 *(SORT_BY_NAME(.fini_array.*))
 *(.fini_array*)
 .fini_array    0x000000000800a394        0x4 c:/program files/stm32cubeide_1.10.1/stm32cubeide/plugins/com.st.stm32cube.ide.mcu.externaltools.gnu-tools-for-stm32.10.3-2021.10.win32_1.0.0.202111181127/tools/bin/../lib/gcc/arm-none-eabi/10.3.1/thumb/v7e-m+dp/hard/crtbegin.o
                [!provide]                        PROVIDE (__fini_array_end = .)
                0x000000000800a398                _sidata = LOADADDR (.data)

.data           0x0000000024000000       0x80 load address 0x000000000800a398
                0x0000000024000000                . = ALIGN (0x4)
                0x0000000024000000                _sdata = .
 *(.data)
 *(.data*)
 .data.SPS_VALUE_100
                0x0000000024000000        0x1 ./Core/Src/main.o
                0x0000000024000000                SPS_VALUE_100
 .data.SPS_VALUE_1000
                0x0000000024000001        0x1 ./Core/Src/main.o
                0x0000000024000001                SPS_VALUE_1000
 .data.SPS_VALUE_20
                0x0000000024000002        0x1 ./Core/Src/main.o
                0x0000000024000002                SPS_VALUE_20
 .data.SPS_VALUE_5
                0x0000000024000003        0x1 ./Core/Src/main.o
                0x0000000024000003                SPS_VALUE_5
 .data.SPS_VALUE_500
                0x0000000024000004        0x1 ./Core/Src/main.o
                0x0000000024000004                SPS_VALUE_500
 *fill*         0x0000000024000005        0x3 
 .data.SystemCoreClock
                0x0000000024000008        0x4 ./Core/Src/system_stm32h7xx.o
                0x0000000024000008                SystemCoreClock
 .data.SystemD2Clock
                0x000000002400000c        0x4 ./Core/Src/system_stm32h7xx.o
                0x000000002400000c                SystemD2Clock
 .data.uwTickFreq
                0x0000000024000010        0x1 ./Drivers/STM32H7xx_HAL_Driver/Src/stm32h7xx_hal.o
                0x0000000024000010                uwTickFreq
 *fill*         0x0000000024000011        0x3 
 .data.uwTickPrio
                0x0000000024000014        0x4 ./Drivers/STM32H7xx_HAL_Driver/Src/stm32h7xx_hal.o
                0x0000000024000014                uwTickPrio
 .data.Stat     0x0000000024000018        0x1 ./FATFS/Target/sd_diskio.o
 *fill*         0x0000000024000019        0x3 
 .data._impure_ptr
                0x000000002400001c        0x4 c:/program files/stm32cubeide_1.10.1/stm32cubeide/plugins/com.st.stm32cube.ide.mcu.externaltools.gnu-tools-for-stm32.10.3-2021.10.win32_1.0.0.202111181127/tools/bin/../lib/gcc/arm-none-eabi/10.3.1/../../../../arm-none-eabi/lib/thumb/v7e-m+dp/hard\libc_nano.a(lib_a-impure.o)
                0x000000002400001c                _impure_ptr
 .data.impure_data
                0x0000000024000020       0x60 c:/program files/stm32cubeide_1.10.1/stm32cubeide/plugins/com.st.stm32cube.ide.mcu.externaltools.gnu-tools-for-stm32.10.3-2021.10.win32_1.0.0.202111181127/tools/bin/../lib/gcc/arm-none-eabi/10.3.1/../../../../arm-none-eabi/lib/thumb/v7e-m+dp/hard\libc_nano.a(lib_a-impure.o)
 *(.RamFunc)
 *(.RamFunc*)
                0x0000000024000080                . = ALIGN (0x4)
                0x0000000024000080                _edata = .

.igot.plt       0x0000000024000080        0x0 load address 0x000000000800a418
 .igot.plt      0x0000000024000080        0x0 c:/program files/stm32cubeide_1.10.1/stm32cubeide/plugins/com.st.stm32cube.ide.mcu.externaltools.gnu-tools-for-stm32.10.3-2021.10.win32_1.0.0.202111181127/tools/bin/../lib/gcc/arm-none-eabi/10.3.1/thumb/v7e-m+dp/hard/crtbegin.o
                0x0000000024000080                . = ALIGN (0x4)

.bss            0x0000000024000080     0x89f8 load address 0x000000000800a418
                0x0000000024000080                _sbss = .
                0x0000000024000080                __bss_start__ = _sbss
 *(.bss)
 .bss           0x0000000024000080       0x1c c:/program files/stm32cubeide_1.10.1/stm32cubeide/plugins/com.st.stm32cube.ide.mcu.externaltools.gnu-tools-for-stm32.10.3-2021.10.win32_1.0.0.202111181127/tools/bin/../lib/gcc/arm-none-eabi/10.3.1/thumb/v7e-m+dp/hard/crtbegin.o
 *(.bss*)
 .bss.aRxBuffer
                0x000000002400009c     0x4000 ./Core/Src/fmc_sdram.o
                0x000000002400009c                aRxBuffer
 .bss.aTxBuffer
                0x000000002400409c     0x4000 ./Core/Src/fmc_sdram.o
                0x000000002400409c                aTxBuffer
 .bss.uwIndex   0x000000002400809c        0x4 ./Core/Src/fmc_sdram.o
                0x000000002400809c                uwIndex
 .bss.uwWriteReadStatus
                0x00000000240080a0        0x4 ./Core/Src/fmc_sdram.o
                0x00000000240080a0                uwWriteReadStatus
 .bss.counterSPI1_EXTI
                0x00000000240080a4        0x4 ./Core/Src/main.o
                0x00000000240080a4                counterSPI1_EXTI
 .bss.counterSPI2_EXTI
                0x00000000240080a8        0x4 ./Core/Src/main.o
                0x00000000240080a8                counterSPI2_EXTI
 .bss.enableSPI1Interrupt
                0x00000000240080ac        0x1 ./Core/Src/main.o
                0x00000000240080ac                enableSPI1Interrupt
 .bss.enableSPI2Interrupt
                0x00000000240080ad        0x1 ./Core/Src/main.o
                0x00000000240080ad                enableSPI2Interrupt
 .bss.enableSPI4Interrupt
                0x00000000240080ae        0x1 ./Core/Src/main.o
                0x00000000240080ae                enableSPI4Interrupt
 *fill*         0x00000000240080af        0x1 
 .bss.fmc_command
                0x00000000240080b0       0x10 ./Core/Src/main.o
                0x00000000240080b0                fmc_command
 .bss.hdma_spi1_rx
                0x00000000240080c0       0x78 ./Core/Src/main.o
                0x00000000240080c0                hdma_spi1_rx
 .bss.hdma_spi1_tx
                0x0000000024008138       0x78 ./Core/Src/main.o
                0x0000000024008138                hdma_spi1_tx
 .bss.hdma_spi2_rx
                0x00000000240081b0       0x78 ./Core/Src/main.o
                0x00000000240081b0                hdma_spi2_rx
 .bss.hdma_spi2_tx
                0x0000000024008228       0x78 ./Core/Src/main.o
                0x0000000024008228                hdma_spi2_tx
 .bss.hdma_spi4_rx
                0x00000000240082a0       0x78 ./Core/Src/main.o
                0x00000000240082a0                hdma_spi4_rx
 .bss.hdma_spi4_tx
                0x0000000024008318       0x78 ./Core/Src/main.o
                0x0000000024008318                hdma_spi4_tx
 .bss.hdma_uart4_tx
                0x0000000024008390       0x78 ./Core/Src/main.o
                0x0000000024008390                hdma_uart4_tx
 .bss.hsd1      0x0000000024008408       0x7c ./Core/Src/main.o
                0x0000000024008408                hsd1
 .bss.hsdram1   0x0000000024008484       0x34 ./Core/Src/main.o
                0x0000000024008484                hsdram1
 .bss.hspi1     0x00000000240084b8       0x88 ./Core/Src/main.o
                0x00000000240084b8                hspi1
 .bss.hspi2     0x0000000024008540       0x88 ./Core/Src/main.o
                0x0000000024008540                hspi2
 .bss.hspi4     0x00000000240085c8       0x88 ./Core/Src/main.o
                0x00000000240085c8                hspi4
 .bss.htim1     0x0000000024008650       0x4c ./Core/Src/main.o
                0x0000000024008650                htim1
 .bss.htim16    0x000000002400869c       0x4c ./Core/Src/main.o
                0x000000002400869c                htim16
 .bss.htim2     0x00000000240086e8       0x4c ./Core/Src/main.o
                0x00000000240086e8                htim2
 .bss.huart4    0x0000000024008734       0x90 ./Core/Src/main.o
                0x0000000024008734                huart4
 .bss.pTxData   0x00000000240087c4        0x4 ./Core/Src/main.o
                0x00000000240087c4                pTxData
 .bss.rxUart4Buffer
                0x00000000240087c8        0x1 ./Core/Src/main.o
                0x00000000240087c8                rxUart4Buffer
 .bss.sd_card_write_values_enable
                0x00000000240087c9        0x1 ./Core/Src/main.o
                0x00000000240087c9                sd_card_write_values_enable
 .bss.spi1Buffer
                0x00000000240087ca        0x4 ./Core/Src/main.o
                0x00000000240087ca                spi1Buffer
 .bss.spi2Buffer
                0x00000000240087ce        0x4 ./Core/Src/main.o
                0x00000000240087ce                spi2Buffer
 .bss.spi4Buffer
                0x00000000240087d2        0x4 ./Core/Src/main.o
                0x00000000240087d2                spi4Buffer
 *fill*         0x00000000240087d6        0x2 
 .bss.spiValuesBufferCounter
                0x00000000240087d8        0x4 ./Core/Src/main.o
                0x00000000240087d8                spiValuesBufferCounter
 .bss.t1        0x00000000240087dc        0x4 ./Core/Src/main.o
                0x00000000240087dc                t1
 .bss.t2        0x00000000240087e0        0x4 ./Core/Src/main.o
                0x00000000240087e0                t2
 .bss.uartCommand
                0x00000000240087e4        0x1 ./Core/Src/main.o
                0x00000000240087e4                uartCommand
 .bss.uartNewCommand
                0x00000000240087e5        0x1 ./Core/Src/main.o
                0x00000000240087e5                uartNewCommand
 .bss.res       0x00000000240087e6        0x1 ./Core/Src/sd_card.o
                0x00000000240087e6                res
 *fill*         0x00000000240087e7        0x1 
 .bss.FMC_Initialized
                0x00000000240087e8        0x4 ./Core/Src/stm32h7xx_hal_msp.o
 .bss.__sbrk_heap_end
                0x00000000240087ec        0x4 ./Core/Src/sysmem.o
 .bss.uwTick    0x00000000240087f0        0x4 ./Drivers/STM32H7xx_HAL_Driver/Src/stm32h7xx_hal.o
                0x00000000240087f0                uwTick
 .bss.SDFatFS   0x00000000240087f4      0x230 ./FATFS/App/fatfs.o
                0x00000000240087f4                SDFatFS
 .bss.SDPath    0x0000000024008a24        0x4 ./FATFS/App/fatfs.o
                0x0000000024008a24                SDPath
 .bss.retSD     0x0000000024008a28        0x1 ./FATFS/App/fatfs.o
                0x0000000024008a28                retSD
 *fill*         0x0000000024008a29        0x3 
 .bss.ReadStatus
                0x0000000024008a2c        0x4 ./FATFS/Target/sd_diskio.o
 .bss.WriteStatus
                0x0000000024008a30        0x4 ./FATFS/Target/sd_diskio.o
 .bss.FatFs     0x0000000024008a34        0x4 ./Middlewares/Third_Party/FatFs/src/ff.o
 .bss.Files     0x0000000024008a38       0x20 ./Middlewares/Third_Party/FatFs/src/ff.o
 .bss.Fsid      0x0000000024008a58        0x2 ./Middlewares/Third_Party/FatFs/src/ff.o
 *fill*         0x0000000024008a5a        0x2 
 .bss.disk      0x0000000024008a5c        0xc ./Middlewares/Third_Party/FatFs/src/ff_gen_drv.o
                0x0000000024008a5c                disk
 .bss.__malloc_free_list
                0x0000000024008a68        0x4 c:/program files/stm32cubeide_1.10.1/stm32cubeide/plugins/com.st.stm32cube.ide.mcu.externaltools.gnu-tools-for-stm32.10.3-2021.10.win32_1.0.0.202111181127/tools/bin/../lib/gcc/arm-none-eabi/10.3.1/../../../../arm-none-eabi/lib/thumb/v7e-m+dp/hard\libc_nano.a(lib_a-nano-mallocr.o)
                0x0000000024008a68                __malloc_free_list
 .bss.__malloc_sbrk_start
                0x0000000024008a6c        0x4 c:/program files/stm32cubeide_1.10.1/stm32cubeide/plugins/com.st.stm32cube.ide.mcu.externaltools.gnu-tools-for-stm32.10.3-2021.10.win32_1.0.0.202111181127/tools/bin/../lib/gcc/arm-none-eabi/10.3.1/../../../../arm-none-eabi/lib/thumb/v7e-m+dp/hard\libc_nano.a(lib_a-nano-mallocr.o)
                0x0000000024008a6c                __malloc_sbrk_start
 .bss.errno     0x0000000024008a70        0x4 c:/program files/stm32cubeide_1.10.1/stm32cubeide/plugins/com.st.stm32cube.ide.mcu.externaltools.gnu-tools-for-stm32.10.3-2021.10.win32_1.0.0.202111181127/tools/bin/../lib/gcc/arm-none-eabi/10.3.1/../../../../arm-none-eabi/lib/thumb/v7e-m+dp/hard\libc_nano.a(lib_a-reent.o)
                0x0000000024008a70                errno
 .bss.__lock___malloc_recursive_mutex
                0x0000000024008a74        0x1 c:/program files/stm32cubeide_1.10.1/stm32cubeide/plugins/com.st.stm32cube.ide.mcu.externaltools.gnu-tools-for-stm32.10.3-2021.10.win32_1.0.0.202111181127/tools/bin/../lib/gcc/arm-none-eabi/10.3.1/../../../../arm-none-eabi/lib/thumb/v7e-m+dp/hard\libc_nano.a(lib_a-lock.o)
                0x0000000024008a74                __lock___malloc_recursive_mutex
 *(COMMON)
                0x0000000024008a78                . = ALIGN (0x4)
 *fill*         0x0000000024008a75        0x3 
                0x0000000024008a78                _ebss = .
                0x0000000024008a78                __bss_end__ = _ebss

.sdram_section  0x00000000c0000000   0xc00000
                0x00000000c0000000                . = ALIGN (0x4)
                0x00000000c0000000                __SDRAM_START__ = .
 *(.sdram)
 .sdram         0x00000000c0000000   0xc00000 ./Core/Src/main.o
                0x00000000c0000000                spi4ValuesStorage
                0x00000000c0400000                spi2ValuesStorage
                0x00000000c0800000                spi1ValuesStorage
 *(.sdram*)
                0x00000000c0c00000                . = ALIGN (0x4)
                0x00000000c0c00000                __SDRAM_END__ = .

._user_heap_stack
                0x0000000024008a78      0xc00
                0x0000000024008a78                . = ALIGN (0x8)
                [!provide]                        PROVIDE (end = .)
                0x0000000024008a78                PROVIDE (_end = .)
                0x0000000024008e78                . = (. + _Min_Heap_Size)
 *fill*         0x0000000024008a78      0x400 
                0x0000000024009678                . = (. + _Min_Stack_Size)
 *fill*         0x0000000024008e78      0x800 
                0x0000000024009678                . = ALIGN (0x8)

/DISCARD/
 libc.a(*)
 libm.a(*)
 libgcc.a(*)

.ARM.attributes
                0x0000000000000000       0x2e
 *(.ARM.attributes)
 .ARM.attributes
                0x0000000000000000       0x1e c:/program files/stm32cubeide_1.10.1/stm32cubeide/plugins/com.st.stm32cube.ide.mcu.externaltools.gnu-tools-for-stm32.10.3-2021.10.win32_1.0.0.202111181127/tools/bin/../lib/gcc/arm-none-eabi/10.3.1/thumb/v7e-m+dp/hard/crti.o
 .ARM.attributes
                0x000000000000001e       0x32 c:/program files/stm32cubeide_1.10.1/stm32cubeide/plugins/com.st.stm32cube.ide.mcu.externaltools.gnu-tools-for-stm32.10.3-2021.10.win32_1.0.0.202111181127/tools/bin/../lib/gcc/arm-none-eabi/10.3.1/thumb/v7e-m+dp/hard/crtbegin.o
 .ARM.attributes
                0x0000000000000050       0x32 ./Core/Src/fmc_sdram.o
 .ARM.attributes
                0x0000000000000082       0x32 ./Core/Src/main.o
 .ARM.attributes
                0x00000000000000b4       0x32 ./Core/Src/sd_card.o
 .ARM.attributes
                0x00000000000000e6       0x32 ./Core/Src/spi_adc.o
 .ARM.attributes
                0x0000000000000118       0x32 ./Core/Src/stm32h7xx_hal_msp.o
 .ARM.attributes
                0x000000000000014a       0x32 ./Core/Src/stm32h7xx_it.o
 .ARM.attributes
                0x000000000000017c       0x32 ./Core/Src/sysmem.o
 .ARM.attributes
                0x00000000000001ae       0x32 ./Core/Src/system_stm32h7xx.o
 .ARM.attributes
                0x00000000000001e0       0x21 ./Core/Startup/startup_stm32h7a3zitx.o
 .ARM.attributes
                0x0000000000000201       0x32 ./Drivers/STM32H7xx_HAL_Driver/Src/stm32h7xx_hal.o
 .ARM.attributes
                0x0000000000000233       0x32 ./Drivers/STM32H7xx_HAL_Driver/Src/stm32h7xx_hal_cortex.o
 .ARM.attributes
                0x0000000000000265       0x32 ./Drivers/STM32H7xx_HAL_Driver/Src/stm32h7xx_hal_dma.o
 .ARM.attributes
                0x0000000000000297       0x32 ./Drivers/STM32H7xx_HAL_Driver/Src/stm32h7xx_hal_gpio.o
 .ARM.attributes
                0x00000000000002c9       0x32 ./Drivers/STM32H7xx_HAL_Driver/Src/stm32h7xx_hal_pwr_ex.o
 .ARM.attributes
                0x00000000000002fb       0x32 ./Drivers/STM32H7xx_HAL_Driver/Src/stm32h7xx_hal_rcc.o
 .ARM.attributes
                0x000000000000032d       0x32 ./Drivers/STM32H7xx_HAL_Driver/Src/stm32h7xx_hal_rcc_ex.o
 .ARM.attributes