Archive member included to satisfy reference by file (symbol)

c:/program files/stm32cubeide_1.10.1/stm32cubeide/plugins/com.st.stm32cube.ide.mcu.externaltools.gnu-tools-for-stm32.10.3-2021.10.win32_1.0.0.202111181127/tools/bin/../lib/gcc/arm-none-eabi/10.3.1/../../../../arm-none-eabi/lib/thumb/v7e-m+dp/hard\libc_nano.a(lib_a-atof.o)
                              ./Core/Src/main.o (atof)
c:/program files/stm32cubeide_1.10.1/stm32cubeide/plugins/com.st.stm32cube.ide.mcu.externaltools.gnu-tools-for-stm32.10.3-2021.10.win32_1.0.0.202111181127/tools/bin/../lib/gcc/arm-none-eabi/10.3.1/../../../../arm-none-eabi/lib/thumb/v7e-m+dp/hard\libc_nano.a(lib_a-atoi.o)
                              ./Core/Src/main.o (atoi)
c:/program files/stm32cubeide_1.10.1/stm32cubeide/plugins/com.st.stm32cube.ide.mcu.externaltools.gnu-tools-for-stm32.10.3-2021.10.win32_1.0.0.202111181127/tools/bin/../lib/gcc/arm-none-eabi/10.3.1/../../../../arm-none-eabi/lib/thumb/v7e-m+dp/hard\libc_nano.a(lib_a-errno.o)
                              ./Core/Src/syscalls.o (__errno)
c:/program files/stm32cubeide_1.10.1/stm32cubeide/plugins/com.st.stm32cube.ide.mcu.externaltools.gnu-tools-for-stm32.10.3-2021.10.win32_1.0.0.202111181127/tools/bin/../lib/gcc/arm-none-eabi/10.3.1/../../../../arm-none-eabi/lib/thumb/v7e-m+dp/hard\libc_nano.a(lib_a-exit.o)
                              c:/program files/stm32cubeide_1.10.1/stm32cubeide/plugins/com.st.stm32cube.ide.mcu.externaltools.gnu-tools-for-stm32.10.3-2021.10.win32_1.0.0.202111181127/tools/bin/../lib/gcc/arm-none-eabi/10.3.1/../../../../arm-none-eabi/lib/thumb/v7e-m+dp/hard/crt0.o (exit)
c:/program files/stm32cubeide_1.10.1/stm32cubeide/plugins/com.st.stm32cube.ide.mcu.externaltools.gnu-tools-for-stm32.10.3-2021.10.win32_1.0.0.202111181127/tools/bin/../lib/gcc/arm-none-eabi/10.3.1/../../../../arm-none-eabi/lib/thumb/v7e-m+dp/hard\libc_nano.a(lib_a-impure.o)
                              c:/program files/stm32cubeide_1.10.1/stm32cubeide/plugins/com.st.stm32cube.ide.mcu.externaltools.gnu-tools-for-stm32.10.3-2021.10.win32_1.0.0.202111181127/tools/bin/../lib/gcc/arm-none-eabi/10.3.1/../../../../arm-none-eabi/lib/thumb/v7e-m+dp/hard\libc_nano.a(lib_a-exit.o) (_global_impure_ptr)
c:/program files/stm32cubeide_1.10.1/stm32cubeide/plugins/com.st.stm32cube.ide.mcu.externaltools.gnu-tools-for-stm32.10.3-2021.10.win32_1.0.0.202111181127/tools/bin/../lib/gcc/arm-none-eabi/10.3.1/../../../../arm-none-eabi/lib/thumb/v7e-m+dp/hard\libc_nano.a(lib_a-init.o)
                              c:/program files/stm32cubeide_1.10.1/stm32cubeide/plugins/com.st.stm32cube.ide.mcu.externaltools.gnu-tools-for-stm32.10.3-2021.10.win32_1.0.0.202111181127/tools/bin/../lib/gcc/arm-none-eabi/10.3.1/../../../../arm-none-eabi/lib/thumb/v7e-m+dp/hard/crt0.o (__libc_init_array)
c:/program files/stm32cubeide_1.10.1/stm32cubeide/plugins/com.st.stm32cube.ide.mcu.externaltools.gnu-tools-for-stm32.10.3-2021.10.win32_1.0.0.202111181127/tools/bin/../lib/gcc/arm-none-eabi/10.3.1/../../../../arm-none-eabi/lib/thumb/v7e-m+dp/hard\libc_nano.a(lib_a-memset.o)
                              c:/program files/stm32cubeide_1.10.1/stm32cubeide/plugins/com.st.stm32cube.ide.mcu.externaltools.gnu-tools-for-stm32.10.3-2021.10.win32_1.0.0.202111181127/tools/bin/../lib/gcc/arm-none-eabi/10.3.1/../../../../arm-none-eabi/lib/thumb/v7e-m+dp/hard/crt0.o (memset)
c:/program files/stm32cubeide_1.10.1/stm32cubeide/plugins/com.st.stm32cube.ide.mcu.externaltools.gnu-tools-for-stm32.10.3-2021.10.win32_1.0.0.202111181127/tools/bin/../lib/gcc/arm-none-eabi/10.3.1/../../../../arm-none-eabi/lib/thumb/v7e-m+dp/hard\libc_nano.a(lib_a-nano-vfprintf_float.o)
                              (_printf_float)
c:/program files/stm32cubeide_1.10.1/stm32cubeide/plugins/com.st.stm32cube.ide.mcu.externaltools.gnu-tools-for-stm32.10.3-2021.10.win32_1.0.0.202111181127/tools/bin/../lib/gcc/arm-none-eabi/10.3.1/../../../../arm-none-eabi/lib/thumb/v7e-m+dp/hard\libc_nano.a(lib_a-nano-vfprintf_i.o)
                              c:/program files/stm32cubeide_1.10.1/stm32cubeide/plugins/com.st.stm32cube.ide.mcu.externaltools.gnu-tools-for-stm32.10.3-2021.10.win32_1.0.0.202111181127/tools/bin/../lib/gcc/arm-none-eabi/10.3.1/../../../../arm-none-eabi/lib/thumb/v7e-m+dp/hard\libc_nano.a(lib_a-nano-vfprintf_float.o) (_printf_common)
c:/program files/stm32cubeide_1.10.1/stm32cubeide/plugins/com.st.stm32cube.ide.mcu.externaltools.gnu-tools-for-stm32.10.3-2021.10.win32_1.0.0.202111181127/tools/bin/../lib/gcc/arm-none-eabi/10.3.1/../../../../arm-none-eabi/lib/thumb/v7e-m+dp/hard\libc_nano.a(lib_a-nano-vfscanf_float.o)
                              (_scanf_float)
c:/program files/stm32cubeide_1.10.1/stm32cubeide/plugins/com.st.stm32cube.ide.mcu.externaltools.gnu-tools-for-stm32.10.3-2021.10.win32_1.0.0.202111181127/tools/bin/../lib/gcc/arm-none-eabi/10.3.1/../../../../arm-none-eabi/lib/thumb/v7e-m+dp/hard\libc_nano.a(lib_a-sf_nan.o)
[...]
Memory Configuration

Name             Origin             Length             Attributes
ITCMRAM          0x0000000000000000 0x0000000000010000 xrw
FLASH            0x0000000008000000 0x0000000000200000 xr
DTCMRAM1         0x0000000020000000 0x0000000000010000 xrw
DTCMRAM2         0x0000000020010000 0x0000000000010000 xrw
RAM              0x0000000024000000 0x0000000000100000 xrw
RAM_CD           0x0000000030000000 0x0000000000020000 xrw
RAM_SRD          0x0000000038000000 0x0000000000008000 xrw
SDRAM            0x00000000c0000000 0x0000000002000000 xrw
*default*        0x0000000000000000 0xffffffffffffffff

Linker script and memory map

LOAD c:/program files/stm32cubeide_1.10.1/stm32cubeide/plugins/com.st.stm32cube.ide.mcu.externaltools.gnu-tools-for-stm32.10.3-2021.10.win32_1.0.0.202111181127/tools/bin/../lib/gcc/arm-none-eabi/10.3.1/thumb/v7e-m+dp/hard/crti.o
LOAD c:/program files/stm32cubeide_1.10.1/stm32cubeide/plugins/com.st.stm32cube.ide.mcu.externaltools.gnu-tools-for-stm32.10.3-2021.10.win32_1.0.0.202111181127/tools/bin/../lib/gcc/arm-none-eabi/10.3.1/thumb/v7e-m+dp/hard/crtbegin.o
LOAD c:/program files/stm32cubeide_1.10.1/stm32cubeide/plugins/com.st.stm32cube.ide.mcu.externaltools.gnu-tools-for-stm32.10.3-2021.10.win32_1.0.0.202111181127/tools/bin/../lib/gcc/arm-none-eabi/10.3.1/../../../../arm-none-eabi/lib/thumb/v7e-m+dp/hard/crt0.o
LOAD ./Core/Src/fmc_sdram.o
LOAD ./Core/Src/main.o
LOAD ./Core/Src/sd_card.o
LOAD ./Core/Src/spi_adc.o
LOAD ./Core/Src/stm32h7xx_hal_msp.o
LOAD ./Core/Src/stm32h7xx_it.o
LOAD ./Core/Src/syscalls.o
LOAD ./Core/Src/sysmem.o
LOAD ./Core/Src/system_stm32h7xx.o
LOAD ./Core/Startup/startup_stm32h7a3zitx.o
LOAD ./Drivers/STM32H7xx_HAL_Driver/Src/stm32h7xx_hal.o
LOAD ./Drivers/STM32H7xx_HAL_Driver/Src/stm32h7xx_hal_cortex.o
LOAD ./Drivers/STM32H7xx_HAL_Driver/Src/stm32h7xx_hal_dma.o
LOAD ./Drivers/STM32H7xx_HAL_Driver/Src/stm32h7xx_hal_dma_ex.o
LOAD ./Drivers/STM32H7xx_HAL_Driver/Src/stm32h7xx_hal_exti.o
LOAD ./Drivers/STM32H7xx_HAL_Driver/Src/stm32h7xx_hal_flash.o
LOAD ./Drivers/STM32H7xx_HAL_Driver/Src/stm32h7xx_hal_flash_ex.o
LOAD ./Drivers/STM32H7xx_HAL_Driver/Src/stm32h7xx_hal_gpio.o
LOAD ./Drivers/STM32H7xx_HAL_Driver/Src/stm32h7xx_hal_hsem.o
LOAD ./Drivers/STM32H7xx_HAL_Driver/Src/stm32h7xx_hal_i2c.o
LOAD ./Drivers/STM32H7xx_HAL_Driver/Src/stm32h7xx_hal_i2c_ex.o
LOAD ./Drivers/STM32H7xx_HAL_Driver/Src/stm32h7xx_hal_mdma.o
LOAD ./Drivers/STM32H7xx_HAL_Driver/Src/stm32h7xx_hal_pwr.o
LOAD ./Drivers/STM32H7xx_HAL_Driver/Src/stm32h7xx_hal_pwr_ex.o
LOAD ./Drivers/STM32H7xx_HAL_Driver/Src/stm32h7xx_hal_rcc.o
LOAD ./Drivers/STM32H7xx_HAL_Driver/Src/stm32h7xx_hal_rcc_ex.o
LOAD ./Drivers/STM32H7xx_HAL_Driver/Src/stm32h7xx_hal_sd.o
LOAD ./Drivers/STM32H7xx_HAL_Driver/Src/stm32h7xx_hal_sd_ex.o
LOAD ./Drivers/STM32H7xx_HAL_Driver/Src/stm32h7xx_hal_sdram.o
LOAD ./Drivers/STM32H7xx_HAL_Driver/Src/stm32h7xx_hal_spi.o
LOAD ./Drivers/STM32H7xx_HAL_Driver/Src/stm32h7xx_hal_spi_ex.o
LOAD ./Drivers/STM32H7xx_HAL_Driver/Src/stm32h7xx_hal_tim.o
LOAD ./Drivers/STM32H7xx_HAL_Driver/Src/stm32h7xx_hal_tim_ex.o
LOAD ./Drivers/STM32H7xx_HAL_Driver/Src/stm32h7xx_hal_uart.o
LOAD ./Drivers/STM32H7xx_HAL_Driver/Src/stm32h7xx_hal_uart_ex.o
LOAD ./Drivers/STM32H7xx_HAL_Driver/Src/stm32h7xx_ll_delayblock.o
LOAD ./Drivers/STM32H7xx_HAL_Driver/Src/stm32h7xx_ll_fmc.o
LOAD ./Drivers/STM32H7xx_HAL_Driver/Src/stm32h7xx_ll_sdmmc.o
LOAD ./FATFS/App/fatfs.o
LOAD ./FATFS/Target/bsp_driver_sd.o
LOAD ./FATFS/Target/sd_diskio.o
LOAD ./Middlewares/Third_Party/FatFs/src/diskio.o
LOAD ./Middlewares/Third_Party/FatFs/src/ff.o
LOAD ./Middlewares/Third_Party/FatFs/src/ff_gen_drv.o
LOAD ./Middlewares/Third_Party/FatFs/src/option/syscall.o
START GROUP
LOAD c:/program files/stm32cubeide_1.10.1/stm32cubeide/plugins/com.st.stm32cube.ide.mcu.externaltools.gnu-tools-for-stm32.10.3-2021.10.win32_1.0.0.202111181127/tools/bin/../lib/gcc/arm-none-eabi/10.3.1/../../../../arm-none-eabi/lib/thumb/v7e-m+dp/hard\libc_nano.a
LOAD c:/program files/stm32cubeide_1.10.1/stm32cubeide/plugins/com.st.stm32cube.ide.mcu.externaltools.gnu-tools-for-stm32.10.3-2021.10.win32_1.0.0.202111181127/tools/bin/../lib/gcc/arm-none-eabi/10.3.1/../../../../arm-none-eabi/lib/thumb/v7e-m+dp/hard\libm.a
END GROUP
START GROUP
LOAD c:/program files/stm32cubeide_1.10.1/stm32cubeide/plugins/com.st.stm32cube.ide.mcu.externaltools.gnu-tools-for-stm32.10.3-2021.10.win32_1.0.0.202111181127/tools/bin/../lib/gcc/arm-none-eabi/10.3.1/thumb/v7e-m+dp/hard\libgcc.a
LOAD c:/program files/stm32cubeide_1.10.1/stm32cubeide/plugins/com.st.stm32cube.ide.mcu.externaltools.gnu-tools-for-stm32.10.3-2021.10.win32_1.0.0.202111181127/tools/bin/../lib/gcc/arm-none-eabi/10.3.1/../../../../arm-none-eabi/lib/thumb/v7e-m+dp/hard\libc_nano.a
END GROUP
START GROUP
LOAD c:/program files/stm32cubeide_1.10.1/stm32cubeide/plugins/com.st.stm32cube.ide.mcu.externaltools.gnu-tools-for-stm32.10.3-2021.10.win32_1.0.0.202111181127/tools/bin/../lib/gcc/arm-none-eabi/10.3.1/thumb/v7e-m+dp/hard\libgcc.a
LOAD c:/program files/stm32cubeide_1.10.1/stm32cubeide/plugins/com.st.stm32cube.ide.mcu.externaltools.gnu-tools-for-stm32.10.3-2021.10.win32_1.0.0.202111181127/tools/bin/../lib/gcc/arm-none-eabi/10.3.1/../../../../arm-none-eabi/lib/thumb/v7e-m+dp/hard\libc_nano.a
LOAD c:/program files/stm32cubeide_1.10.1/stm32cubeide/plugins/com.st.stm32cube.ide.mcu.externaltools.gnu-tools-for-stm32.10.3-2021.10.win32_1.0.0.202111181127/tools/bin/../lib/gcc/arm-none-eabi/10.3.1/../../../../arm-none-eabi/lib/thumb/v7e-m+dp/hard\libnosys.a
END GROUP
START GROUP
LOAD c:/program files/stm32cubeide_1.10.1/stm32cubeide/plugins/com.st.stm32cube.ide.mcu.externaltools.gnu-tools-for-stm32.10.3-2021.10.win32_1.0.0.202111181127/tools/bin/../lib/gcc/arm-none-eabi/10.3.1/thumb/v7e-m+dp/hard\libgcc.a
LOAD c:/program files/stm32cubeide_1.10.1/stm32cubeide/plugins/com.st.stm32cube.ide.mcu.externaltools.gnu-tools-for-stm32.10.3-2021.10.win32_1.0.0.202111181127/tools/bin/../lib/gcc/arm-none-eabi/10.3.1/../../../../arm-none-eabi/lib/thumb/v7e-m+dp/hard\libc_nano.a
LOAD c:/program files/stm32cubeide_1.10.1/stm32cubeide/plugins/com.st.stm32cube.ide.mcu.externaltools.gnu-tools-for-stm32.10.3-2021.10.win32_1.0.0.202111181127/tools/bin/../lib/gcc/arm-none-eabi/10.3.1/../../../../arm-none-eabi/lib/thumb/v7e-m+dp/hard\libnosys.a
END GROUP
LOAD c:/program files/stm32cubeide_1.10.1/stm32cubeide/plugins/com.st.stm32cube.ide.mcu.externaltools.gnu-tools-for-stm32.10.3-2021.10.win32_1.0.0.202111181127/tools/bin/../lib/gcc/arm-none-eabi/10.3.1/thumb/v7e-m+dp/hard/crtend.o
LOAD c:/program files/stm32cubeide_1.10.1/stm32cubeide/plugins/com.st.stm32cube.ide.mcu.externaltools.gnu-tools-for-stm32.10.3-2021.10.win32_1.0.0.202111181127/tools/bin/../lib/gcc/arm-none-eabi/10.3.1/thumb/v7e-m+dp/hard/crtn.o
                0x0000000024100000                _estack = (ORIGIN (RAM) + LENGTH (RAM))
                0x0000000000000400                _Min_Heap_Size = 0x400
                0x0000000000000800                _Min_Stack_Size = 0x800

.isr_vector     0x0000000008000000      0x2ac
                0x0000000008000000                . = ALIGN (0x4)
 *(.isr_vector)
 .isr_vector    0x0000000008000000      0x2ac ./Core/Startup/startup_stm32h7a3zitx.o
                0x0000000008000000                g_pfnVectors
                0x00000000080002ac                . = ALIGN (0x4)

.text           0x00000000080002b0     0xf718
                0x00000000080002b0                . = ALIGN (0x4)
 *(.text)
 .text          0x00000000080002b0       0x40 c:/program files/stm32cubeide_1.10.1/stm32cubeide/plugins/com.st.stm32cube.ide.mcu.externaltools.gnu-tools-for-stm32.10.3-2021.10.win32_1.0.0.202111181127/tools/bin/../lib/gcc/arm-none-eabi/10.3.1/thumb/v7e-m+dp/hard/crtbegin.o
 .text          0x00000000080002f0       0x14 c:/program files/stm32cubeide_1.10.1/stm32cubeide/plugins/com.st.stm32cube.ide.mcu.externaltools.gnu-tools-for-stm32.10.3-2021.10.win32_1.0.0.202111181127/tools/bin/../lib/gcc/arm-none-eabi/10.3.1/../../../../arm-none-eabi/lib/thumb/v7e-m+dp/hard\libc_nano.a(lib_a-strcmp.o)
                0x00000000080002f0                strcmp
 .text          0x0000000008000304       0x10 c:/program files/stm32cubeide_1.10.1/stm32cubeide/plugins/com.st.stm32cube.ide.mcu.externaltools.gnu-tools-for-stm32.10.3-2021.10.win32_1.0.0.202111181127/tools/bin/../lib/gcc/arm-none-eabi/10.3.1/../../../../arm-none-eabi/lib/thumb/v7e-m+dp/hard\libc_nano.a(lib_a-strlen.o)
                0x0000000008000304                strlen
 *fill*         0x0000000008000314        0xc 
 .text          0x0000000008000320       0xa0 c:/program files/stm32cubeide_1.10.1/stm32cubeide/plugins/com.st.stm32cube.ide.mcu.externaltools.gnu-tools-for-stm32.10.3-2021.10.win32_1.0.0.202111181127/tools/bin/../lib/gcc/arm-none-eabi/10.3.1/../../../../arm-none-eabi/lib/thumb/v7e-m+dp/hard\libc_nano.a(lib_a-memchr.o)
                0x0000000008000320                memchr
 .text          0x00000000080003c0      0x378 c:/program files/stm32cubeide_1.10.1/stm32cubeide/plugins/com.st.stm32cube.ide.mcu.externaltools.gnu-tools-for-stm32.10.3-2021.10.win32_1.0.0.202111181127/tools/bin/../lib/gcc/arm-none-eabi/10.3.1/thumb/v7e-m+dp/hard\libgcc.a(_arm_addsubdf3.o)
                0x00000000080003c0                __aeabi_drsub
                0x00000000080003c8                __aeabi_dsub
                0x00000000080003c8                __subdf3
                0x00000000080003cc                __aeabi_dadd
                0x00000000080003cc                __adddf3
                0x0000000008000644                __floatunsidf
                0x0000000008000644                __aeabi_ui2d
                0x0000000008000664                __floatsidf
                0x0000000008000664                __aeabi_i2d
                0x0000000008000688                __aeabi_f2d
                0x0000000008000688                __extendsfdf2
                0x00000000080006cc                __floatundidf
                0x00000000080006cc                __aeabi_ul2d
                0x00000000080006dc                __floatdidf
                0x00000000080006dc                __aeabi_l2d
 .text          0x0000000008000738       0x30 c:/program files/stm32cubeide_1.10.1/stm32cubeide/plugins/com.st.stm32cube.ide.mcu.externaltools.gnu-tools-for-stm32.10.3-2021.10.win32_1.0.0.202111181127/tools/bin/../lib/gcc/arm-none-eabi/10.3.1/thumb/v7e-m+dp/hard\libgcc.a(_aeabi_uldivmod.o)
                0x0000000008000738                __aeabi_uldivmod
 .text          0x0000000008000768       0x30 c:/program files/stm32cubeide_1.10.1/stm32cubeide/plugins/com.st.stm32cube.ide.mcu.externaltools.gnu-tools-for-stm32.10.3-2021.10.win32_1.0.0.202111181127/tools/bin/../lib/gcc/arm-none-eabi/10.3.1/thumb/v7e-m+dp/hard\libgcc.a(_fixdfdi.o)
                0x0000000008000768                __fixdfdi
                0x0000000008000768                __aeabi_d2lz
 .text          0x0000000008000798       0x40 c:/program files/stm32cubeide_1.10.1/stm32cubeide/plugins/com.st.stm32cube.ide.mcu.externaltools.gnu-tools-for-stm32.10.3-2021.10.win32_1.0.0.202111181127/tools/bin/../lib/gcc/arm-none-eabi/10.3.1/thumb/v7e-m+dp/hard\libgcc.a(_fixunsdfdi.o)
                0x0000000008000798                __fixunsdfdi
                0x0000000008000798                __aeabi_d2ulz
 .text          0x00000000080007d8      0x2d0 c:/program files/stm32cubeide_1.10.1/stm32cubeide/plugins/com.st.stm32cube.ide.mcu.externaltools.gnu-tools-for-stm32.10.3-2021.10.win32_1.0.0.202111181127/tools/bin/../lib/gcc/arm-none-eabi/10.3.1/thumb/v7e-m+dp/hard\libgcc.a(_udivmoddi4.o)
                0x00000000080007d8                __udivmoddi4
 .text          0x0000000008000aa8        0x4 c:/program files/stm32cubeide_1.10.1/stm32cubeide/plugins/com.st.stm32cube.ide.mcu.externaltools.gnu-tools-for-stm32.10.3-2021.10.win32_1.0.0.202111181127/tools/bin/../lib/gcc/arm-none-eabi/10.3.1/thumb/v7e-m+dp/hard\libgcc.a(_dvmd_tls.o)
                0x0000000008000aa8                __aeabi_idiv0
                0x0000000008000aa8                __aeabi_ldiv0
 *(.text*)
 .text.SDRAM_Initialization_Sequence
                0x0000000008000aac       0x84 ./Core/Src/fmc_sdram.o
                0x0000000008000aac                SDRAM_Initialization_Sequence
 .text.Fill_Buffer
                0x0000000008000b30       0x14 ./Core/Src/fmc_sdram.o
                0x0000000008000b30                Fill_Buffer
 .text.SDRAM_Startup_Sequence
                0x0000000008000b44       0xb0 ./Core/Src/fmc_sdram.o
                0x0000000008000b44                SDRAM_Startup_Sequence
 .text.setColorLED.part.0
                0x0000000008000bf4       0x58 ./Core/Src/main.o
 .text.SystemClock_Config
                0x0000000008000c4c       0xb4 ./Core/Src/main.o
                0x0000000008000c4c                SystemClock_Config
 .text.PeriphCommonClock_Config
                0x0000000008000d00       0x44 ./Core/Src/main.o
                0x0000000008000d00                PeriphCommonClock_Config
 .text.HAL_SPI_TxRxCpltCallback
                0x0000000008000d44       0xa4 ./Core/Src/main.o
                0x0000000008000d44                HAL_SPI_TxRxCpltCallback
 .text.HAL_UART_RxCpltCallback
                0x0000000008000de8       0x30 ./Core/Src/main.o
                0x0000000008000de8                HAL_UART_RxCpltCallback
 .text.HAL_TIM_PeriodElapsedCallback
                0x0000000008000e18       0x1c ./Core/Src/main.o
                0x0000000008000e18                HAL_TIM_PeriodElapsedCallback
 .text.setColorLED
                0x0000000008000e34       0x3c ./Core/Src/main.o
                0x0000000008000e34                setColorLED
 .text.HAL_GPIO_EXTI_Callback
                0x0000000008000e70       0xac ./Core/Src/main.o
                0x0000000008000e70                HAL_GPIO_EXTI_Callback
 .text.readConfigFile
                0x0000000008000f1c      0x1c0 ./Core/Src/main.o
                0x0000000008000f1c                readConfigFile
 .text.initialSetupADC
                0x00000000080010dc       0xbc ./Core/Src/main.o
                0x00000000080010dc                initialSetupADC
 .text.startup.main
                0x0000000008001198      0x874 ./Core/Src/main.o
                0x0000000008001198                main
 .text.Error_Handler
                0x0000000008001a0c        0x4 ./Core/Src/main.o
                0x0000000008001a0c                Error_Handler
 .text.sd_card_init
                0x0000000008001a10       0x24 ./Core/Src/sd_card.o
                0x0000000008001a10                sd_card_init
 .text.sd_card_open_file
                0x0000000008001a34       0x64 ./Core/Src/sd_card.o
                0x0000000008001a34                sd_card_open_file
 .text.sd_card_write_to_opened_file
                0x0000000008001a98       0x38 ./Core/Src/sd_card.o
                0x0000000008001a98                sd_card_write_to_opened_file
 .text.sd_card_close_file
                0x0000000008001ad0        0xc ./Core/Src/sd_card.o
                0x0000000008001ad0                sd_card_close_file
 .text.spi1_adc_init
                0x0000000008001adc      0x1a4 ./Core/Src/spi_adc.o
                0x0000000008001adc                spi1_adc_init
 .text.spi2_adc_init
                0x0000000008001c80      0x1a4 ./Core/Src/spi_adc.o
                0x0000000008001c80                spi2_adc_init
 .text.spi4_adc_init
                0x0000000008001e24      0x164 ./Core/Src/spi_adc.o
                0x0000000008001e24                spi4_adc_init
 .text.run_all_adc
                0x0000000008001f88       0x34 ./Core/Src/spi_adc.o
                0x0000000008001f88                run_all_adc
 .text.spi1_soft_reset
                0x0000000008001fbc       0x44 ./Core/Src/spi_adc.o
                0x0000000008001fbc                spi1_soft_reset
 .text.spi2_soft_reset
                0x0000000008002000       0x44 ./Core/Src/spi_adc.o
                0x0000000008002000                spi2_soft_reset
 .text.spi4_soft_reset
                0x0000000008002044       0x40 ./Core/Src/spi_adc.o
                0x0000000008002044                spi4_soft_reset
 .text.getStringFromValues
                0x0000000008002084       0x44 ./Core/Src/spi_adc.o
                0x0000000008002084                getStringFromValues
 .text.setNewSPStoAllADCs
                0x00000000080020c8       0x90 ./Core/Src/spi_adc.o
                0x00000000080020c8                setNewSPStoAllADCs
 .text.formatFloatString
                0x0000000008002158       0x50 ./Core/Src/spi_adc.o
                0x0000000008002158                formatFloatString
 .text.getStringFromValuesFloat
                0x00000000080021a8       0xcc ./Core/Src/spi_adc.o
                0x00000000080021a8                getStringFromValuesFloat
 .text.HAL_MspInit
                0x0000000008002274       0x24 ./Core/Src/stm32h7xx_hal_msp.o
                0x0000000008002274                HAL_MspInit
 .text.HAL_SD_MspInit
                0x0000000008002298       0xec ./Core/Src/stm32h7xx_hal_msp.o
                0x0000000008002298                HAL_SD_MspInit
 .text.HAL_SPI_MspInit
                0x0000000008002384      0x3bc ./Core/Src/stm32h7xx_hal_msp.o
                0x0000000008002384                HAL_SPI_MspInit
 .text.HAL_TIM_Base_MspInit
                0x0000000008002740       0xcc ./Core/Src/stm32h7xx_hal_msp.o
                0x0000000008002740                HAL_TIM_Base_MspInit
 .text.HAL_TIM_MspPostInit
                0x000000000800280c       0x58 ./Core/Src/stm32h7xx_hal_msp.o
                0x000000000800280c                HAL_TIM_MspPostInit
 .text.HAL_UART_MspInit
                0x0000000008002864       0xd4 ./Core/Src/stm32h7xx_hal_msp.o
                0x0000000008002864                HAL_UART_MspInit
 .text.HAL_SDRAM_MspInit
                0x0000000008002938       0xc0 ./Core/Src/stm32h7xx_hal_msp.o
                0x0000000008002938                HAL_SDRAM_MspInit
 .text.NMI_Handler
                0x00000000080029f8        0x2 ./Core/Src/stm32h7xx_it.o
                0x00000000080029f8                NMI_Handler
 .text.HardFault_Handler
                0x00000000080029fa        0x2 ./Core/Src/stm32h7xx_it.o
                0x00000000080029fa                HardFault_Handler
 .text.MemManage_Handler
                0x00000000080029fc        0x2 ./Core/Src/stm32h7xx_it.o
                0x00000000080029fc                MemManage_Handler
 .text.BusFault_Handler
                0x00000000080029fe        0x2 ./Core/Src/stm32h7xx_it.o
                0x00000000080029fe                BusFault_Handler
 .text.UsageFault_Handler
                0x0000000008002a00        0x2 ./Core/Src/stm32h7xx_it.o
                0x0000000008002a00                UsageFault_Handler
 .text.SVC_Handler
                0x0000000008002a02        0x2 ./Core/Src/stm32h7xx_it.o
                0x0000000008002a02                SVC_Handler
 .text.DebugMon_Handler
                0x0000000008002a04        0x2 ./Core/Src/stm32h7xx_it.o
                0x0000000008002a04                DebugMon_Handler
 .text.PendSV_Handler
                0x0000000008002a06        0x2 ./Core/Src/stm32h7xx_it.o
                0x0000000008002a06                PendSV_Handler
 .text.SysTick_Handler
                0x0000000008002a08        0x4 ./Core/Src/stm32h7xx_it.o
                0x0000000008002a08                SysTick_Handler
 .text.DMA1_Stream0_IRQHandler
                0x0000000008002a0c        0xc ./Core/Src/stm32h7xx_it.o
                0x0000000008002a0c                DMA1_Stream0_IRQHandler
 .text.DMA1_Stream1_IRQHandler
                0x0000000008002a18        0xc ./Core/Src/stm32h7xx_it.o
                0x0000000008002a18                DMA1_Stream1_IRQHandler
 .text.DMA1_Stream2_IRQHandler
                0x0000000008002a24        0xc ./Core/Src/stm32h7xx_it.o
                0x0000000008002a24                DMA1_Stream2_IRQHandler
 .text.DMA1_Stream3_IRQHandler
                0x0000000008002a30        0xc ./Core/Src/stm32h7xx_it.o
                0x0000000008002a30                DMA1_Stream3_IRQHandler
 .text.DMA1_Stream4_IRQHandler
                0x0000000008002a3c        0xc ./Core/Src/stm32h7xx_it.o
                0x0000000008002a3c                DMA1_Stream4_IRQHandler
 .text.SPI1_IRQHandler
                0x0000000008002a48        0xc ./Core/Src/stm32h7xx_it.o
                0x0000000008002a48                SPI1_IRQHandler
 .text.SPI2_IRQHandler
                0x0000000008002a54        0xc ./Core/Src/stm32h7xx_it.o
                0x0000000008002a54                SPI2_IRQHandler
 .text.DMA1_Stream7_IRQHandler
                0x0000000008002a60        0xc ./Core/Src/stm32h7xx_it.o
                0x0000000008002a60                DMA1_Stream7_IRQHandler
 .text.SDMMC1_IRQHandler
                0x0000000008002a6c        0xc ./Core/Src/stm32h7xx_it.o
                0x0000000008002a6c                SDMMC1_IRQHandler
 .text.UART4_IRQHandler
                0x0000000008002a78        0xc ./Core/Src/stm32h7xx_it.o
                0x0000000008002a78                UART4_IRQHandler
 .text.DMA2_Stream0_IRQHandler
                0x0000000008002a84        0xc ./Core/Src/stm32h7xx_it.o
                0x0000000008002a84                DMA2_Stream0_IRQHandler
 .text.SPI4_IRQHandler
                0x0000000008002a90        0xc ./Core/Src/stm32h7xx_it.o
                0x0000000008002a90                SPI4_IRQHandler
 .text.TIM16_IRQHandler
                0x0000000008002a9c        0xc ./Core/Src/stm32h7xx_it.o
                0x0000000008002a9c                TIM16_IRQHandler
 .text.EXTI9_5_IRQHandler
                0x0000000008002aa8       0x20 ./Core/Src/stm32h7xx_it.o
                0x0000000008002aa8                EXTI9_5_IRQHandler
 .text.EXTI15_10_IRQHandler
                0x0000000008002ac8        0x8 ./Core/Src/stm32h7xx_it.o
                0x0000000008002ac8                EXTI15_10_IRQHandler
 .text._getpid  0x0000000008002ad0        0x4 ./Core/Src/syscalls.o
                0x0000000008002ad0                _getpid
 .text._kill    0x0000000008002ad4       0x10 ./Core/Src/syscalls.o
                0x0000000008002ad4                _kill
 .text._exit    0x0000000008002ae4        0xc ./Core/Src/syscalls.o
                0x0000000008002ae4                _exit
 .text._read    0x0000000008002af0       0x1c ./Core/Src/syscalls.o
                0x0000000008002af0                _read
 .text._write   0x0000000008002b0c       0x1c ./Core/Src/syscalls.o
                0x0000000008002b0c                _write
 .text._close   0x0000000008002b28        0x6 ./Core/Src/syscalls.o
                0x0000000008002b28                _close
 .text._fstat   0x0000000008002b2e        0xa ./Core/Src/syscalls.o
                0x0000000008002b2e                _fstat
 .text._isatty  0x0000000008002b38        0x4 ./Core/Src/syscalls.o
                0x0000000008002b38                _isatty
 .text._lseek   0x0000000008002b3c        0x4 ./Core/Src/syscalls.o
                0x0000000008002b3c                _lseek
 .text._sbrk    0x0000000008002b40       0x40 ./Core/Src/sysmem.o
                0x0000000008002b40                _sbrk
 .text.SystemInit
                0x0000000008002b80       0xa4 ./Core/Src/system_stm32h7xx.o
                0x0000000008002b80                SystemInit
 .text.Reset_Handler
                0x0000000008002c24       0x50 ./Core/Startup/startup_stm32h7a3zitx.o
                0x0000000008002c24                Reset_Handler
 .text.Default_Handler
                0x0000000008002c74        0x2 ./Core/Startup/startup_stm32h7a3zitx.o
                0x0000000008002c74                RTC_Alarm_IRQHandler
                0x0000000008002c74                EXTI2_IRQHandler
                0x0000000008002c74                TIM8_CC_IRQHandler
                0x0000000008002c74                UART8_IRQHandler
                0x0000000008002c74                BDMA2_Channel1_IRQHandler
                0x0000000008002c74                BDMA2_Channel0_IRQHandler
                0x0000000008002c74                TIM1_CC_IRQHandler
                0x0000000008002c74                DMA2_Stream5_IRQHandler
                0x0000000008002c74                JPEG_IRQHandler
                0x0000000008002c74                DMA1_Stream5_IRQHandler
                0x0000000008002c74                EXTI3_IRQHandler
                0x0000000008002c74                LPTIM4_IRQHandler
                0x0000000008002c74                TIM8_TRG_COM_TIM14_IRQHandler
                0x0000000008002c74                LPTIM2_IRQHandler
                0x0000000008002c74                DFSDM1_FLT1_IRQHandler
                0x0000000008002c74                DMAMUX2_OVR_IRQHandler
                0x0000000008002c74                GFXMMU_IRQHandler
                0x0000000008002c74                TIM8_UP_TIM13_IRQHandler
                0x0000000008002c74                I2C3_ER_IRQHandler
                0x0000000008002c74                DFSDM1_FLT2_IRQHandler
                0x0000000008002c74                USART10_IRQHandler
                0x0000000008002c74                MDMA_IRQHandler
                0x0000000008002c74                LPTIM3_IRQHandler
                0x0000000008002c74                BDMA2_Channel3_IRQHandler
                0x0000000008002c74                HSEM1_IRQHandler
                0x0000000008002c74                EXTI0_IRQHandler
                0x0000000008002c74                I2C2_EV_IRQHandler
                0x0000000008002c74                DAC2_IRQHandler
                0x0000000008002c74                FPU_IRQHandler
                0x0000000008002c74                OTG_HS_WKUP_IRQHandler
                0x0000000008002c74                FDCAN1_IT1_IRQHandler
                0x0000000008002c74                LTDC_ER_IRQHandler
                0x0000000008002c74                DMA2_Stream2_IRQHandler
                0x0000000008002c74                OCTOSPI1_IRQHandler
                0x0000000008002c74                TIM6_DAC_IRQHandler
                0x0000000008002c74                BDMA2_Channel6_IRQHandler
                0x0000000008002c74                DMA2_Stream3_IRQHandler
                0x0000000008002c74                OCTOSPI2_IRQHandler
                0x0000000008002c74                SAI2_IRQHandler
                0x0000000008002c74                BDMA1_IRQHandler
                0x0000000008002c74                DFSDM1_FLT3_IRQHandler
                0x0000000008002c74                USART6_IRQHandler
                0x0000000008002c74                TIM17_IRQHandler
                0x0000000008002c74                USART3_IRQHandler
                0x0000000008002c74                LPTIM5_IRQHandler
                0x0000000008002c74                UART5_IRQHandler
                0x0000000008002c74                TIM4_IRQHandler
                0x0000000008002c74                I2C1_EV_IRQHandler
                0x0000000008002c74                DMA1_Stream6_IRQHandler
                0x0000000008002c74                DMAMUX1_OVR_IRQHandler
                0x0000000008002c74                TIM3_IRQHandler
                0x0000000008002c74                RCC_IRQHandler
                0x0000000008002c74                UART9_IRQHandler
                0x0000000008002c74                TIM8_BRK_TIM12_IRQHandler
                0x0000000008002c74                TIM1_TRG_COM_IRQHandler
                0x0000000008002c74                Default_Handler
                0x0000000008002c74                ECC_IRQHandler
                0x0000000008002c74                BDMA2_Channel2_IRQHandler
                0x0000000008002c74                CEC_IRQHandler
                0x0000000008002c74                DFSDM1_FLT4_IRQHandler
                0x0000000008002c74                ADC_IRQHandler
                0x0000000008002c74                SPI5_IRQHandler
                0x0000000008002c74                TIM7_IRQHandler
                0x0000000008002c74                TIM5_IRQHandler
                0x0000000008002c74                DMA2_Stream7_IRQHandler
                0x0000000008002c74                TIM15_IRQHandler
                0x0000000008002c74                I2C3_EV_IRQHandler
                0x0000000008002c74                DFSDM2_IRQHandler
                0x0000000008002c74                RTC_WKUP_IRQHandler
                0x0000000008002c74                LTDC_IRQHandler
                0x0000000008002c74                SPDIF_RX_IRQHandler
                0x0000000008002c74                PVD_PVM_IRQHandler
                0x0000000008002c74                OTG_HS_EP1_IN_IRQHandler
                0x0000000008002c74                DFSDM1_FLT5_IRQHandler
                0x0000000008002c74                CRS_IRQHandler
                0x0000000008002c74                EXTI4_IRQHandler
                0x0000000008002c74                DFSDM1_FLT6_IRQHandler
                0x0000000008002c74                RNG_IRQHandler
                0x0000000008002c74                FDCAN2_IT1_IRQHandler
                0x0000000008002c74                COMP_IRQHandler
                0x0000000008002c74                TIM1_UP_IRQHandler
                0x0000000008002c74                OTG_HS_EP1_OUT_IRQHandler
                0x0000000008002c74                WWDG_IRQHandler
                0x0000000008002c74                SPI6_IRQHandler
                0x0000000008002c74                MDIOS_IRQHandler
                0x0000000008002c74                I2C4_EV_IRQHandler
                0x0000000008002c74                FDCAN2_IT0_IRQHandler
                0x0000000008002c74                LPUART1_IRQHandler
                0x0000000008002c74                FDCAN1_IT0_IRQHandler
                0x0000000008002c74                TIM2_IRQHandler
                0x0000000008002c74                BDMA2_Channel5_IRQHandler
                0x0000000008002c74                OTG_HS_IRQHandler
                0x0000000008002c74                DMA2D_IRQHandler
                0x0000000008002c74                TIM1_BRK_IRQHandler
                0x0000000008002c74                EXTI1_IRQHandler
                0x0000000008002c74                SDMMC2_IRQHandler
                0x0000000008002c74                DTS_IRQHandler
                0x0000000008002c74                UART7_IRQHandler
                0x0000000008002c74                MDIOS_WKUP_IRQHandler
                0x0000000008002c74                USART2_IRQHandler
                0x0000000008002c74                DFSDM1_FLT0_IRQHandler
                0x0000000008002c74                I2C2_ER_IRQHandler
                0x0000000008002c74                DMA2_Stream1_IRQHandler
                0x0000000008002c74                DFSDM1_FLT7_IRQHandler
                0x0000000008002c74                FLASH_IRQHandler
                0x0000000008002c74                DMA2_Stream4_IRQHandler
                0x0000000008002c74                USART1_IRQHandler
                0x0000000008002c74                SPI3_IRQHandler
                0x0000000008002c74                WAKEUP_PIN_IRQHandler
                0x0000000008002c74                I2C1_ER_IRQHandler
                0x0000000008002c74                FMC_IRQHandler
                0x0000000008002c74                BDMA2_Channel7_IRQHandler
                0x0000000008002c74                FDCAN_CAL_IRQHandler
                0x0000000008002c74                SWPMI1_IRQHandler
                0x0000000008002c74                LPTIM1_IRQHandler
                0x0000000008002c74                DCMI_PSSI_IRQHandler
                0x0000000008002c74                I2C4_ER_IRQHandler
                0x0000000008002c74                DMA2_Stream6_IRQHandler
                0x0000000008002c74                SAI1_IRQHandler
                0x0000000008002c74                RTC_TAMP_STAMP_CSS_LSE_IRQHandler
                0x0000000008002c74                BDMA2_Channel4_IRQHandler
 *fill*         0x0000000008002c76        0x2 
 .text.HAL_InitTick
                0x0000000008002c78       0x4c ./Drivers/STM32H7xx_HAL_Driver/Src/stm32h7xx_hal.o
                0x0000000008002c78                HAL_InitTick
 .text.HAL_Init
                0x0000000008002cc4       0x5c ./Drivers/STM32H7xx_HAL_Driver/Src/stm32h7xx_hal.o
                0x0000000008002cc4                HAL_Init
 .text.HAL_IncTick
                0x0000000008002d20       0x18 ./Drivers/STM32H7xx_HAL_Driver/Src/stm32h7xx_hal.o
                0x0000000008002d20                HAL_IncTick
 .text.HAL_GetTick
                0x0000000008002d38        0xc ./Drivers/STM32H7xx_HAL_Driver/Src/stm32h7xx_hal.o
                0x0000000008002d38                HAL_GetTick
 .text.HAL_Delay
                0x0000000008002d44       0x24 ./Drivers/STM32H7xx_HAL_Driver/Src/stm32h7xx_hal.o
                0x0000000008002d44                HAL_Delay
 .text.HAL_NVIC_SetPriorityGrouping
                0x0000000008002d68       0x24 ./Drivers/STM32H7xx_HAL_Driver/Src/stm32h7xx_hal_cortex.o
                0x0000000008002d68                HAL_NVIC_SetPriorityGrouping
 .text.HAL_NVIC_SetPriority
                0x0000000008002d8c       0x64 ./Drivers/STM32H7xx_HAL_Driver/Src/stm32h7xx_hal_cortex.o
                0x0000000008002d8c                HAL_NVIC_SetPriority
 .text.HAL_NVIC_EnableIRQ
                0x0000000008002df0       0x1c ./Drivers/STM32H7xx_HAL_Driver/Src/stm32h7xx_hal_cortex.o
                0x0000000008002df0                HAL_NVIC_EnableIRQ
 .text.HAL_NVIC_DisableIRQ
                0x0000000008002e0c       0x28 ./Drivers/STM32H7xx_HAL_Driver/Src/stm32h7xx_hal_cortex.o
                0x0000000008002e0c                HAL_NVIC_DisableIRQ
 .text.HAL_SYSTICK_Config
                0x0000000008002e34       0x28 ./Drivers/STM32H7xx_HAL_Driver/Src/stm32h7xx_hal_cortex.o
                0x0000000008002e34                HAL_SYSTICK_Config
 .text.DMA_SetConfig
                0x0000000008002e5c      0x1b8 ./Drivers/STM32H7xx_HAL_Driver/Src/stm32h7xx_hal_dma.o
 .text.DMA_CalcBaseAndBitshift
                0x0000000008003014       0x9c ./Drivers/STM32H7xx_HAL_Driver/Src/stm32h7xx_hal_dma.o
 .text.DMA_CalcDMAMUXChannelBaseAndMask
                0x00000000080030b0       0x90 ./Drivers/STM32H7xx_HAL_Driver/Src/stm32h7xx_hal_dma.o
 .text.DMA_CalcDMAMUXRequestGenBaseAndMask
                0x0000000008003140       0x70 ./Drivers/STM32H7xx_HAL_Driver/Src/stm32h7xx_hal_dma.o
 .text.HAL_DMA_Init
                0x00000000080031b0      0x3bc ./Drivers/STM32H7xx_HAL_Driver/Src/stm32h7xx_hal_dma.o
                0x00000000080031b0                HAL_DMA_Init
 .text.HAL_DMA_Start_IT
                0x000000000800356c      0x238 ./Drivers/STM32H7xx_HAL_Driver/Src/stm32h7xx_hal_dma.o
                0x000000000800356c                HAL_DMA_Start_IT
 .text.HAL_DMA_Abort
                0x00000000080037a4      0x34c ./Drivers/STM32H7xx_HAL_Driver/Src/stm32h7xx_hal_dma.o
                0x00000000080037a4                HAL_DMA_Abort
 .text.HAL_DMA_Abort_IT
                0x0000000008003af0      0x168 ./Drivers/STM32H7xx_HAL_Driver/Src/stm32h7xx_hal_dma.o
                0x0000000008003af0                HAL_DMA_Abort_IT
 .text.HAL_DMA_IRQHandler
                0x0000000008003c58      0x594 ./Drivers/STM32H7xx_HAL_Driver/Src/stm32h7xx_hal_dma.o
                0x0000000008003c58                HAL_DMA_IRQHandler
 .text.HAL_DMA_GetError
                0x00000000080041ec        0x4 ./Drivers/STM32H7xx_HAL_Driver/Src/stm32h7xx_hal_dma.o
                0x00000000080041ec                HAL_DMA_GetError
 .text.HAL_GPIO_Init
                0x00000000080041f0      0x1d8 ./Drivers/STM32H7xx_HAL_Driver/Src/stm32h7xx_hal_gpio.o
                0x00000000080041f0                HAL_GPIO_Init
 .text.HAL_GPIO_WritePin
                0x00000000080043c8        0xa ./Drivers/STM32H7xx_HAL_Driver/Src/stm32h7xx_hal_gpio.o
                0x00000000080043c8                HAL_GPIO_WritePin
 .text.HAL_GPIO_TogglePin
                0x00000000080043d2       0x12 ./Drivers/STM32H7xx_HAL_Driver/Src/stm32h7xx_hal_gpio.o
                0x00000000080043d2                HAL_GPIO_TogglePin
 .text.HAL_GPIO_EXTI_IRQHandler
                0x00000000080043e4       0x18 ./Drivers/STM32H7xx_HAL_Driver/Src/stm32h7xx_hal_gpio.o
                0x00000000080043e4                HAL_GPIO_EXTI_IRQHandler
 .text.HAL_PWREx_ConfigSupply
                0x00000000080043fc       0x48 ./Drivers/STM32H7xx_HAL_Driver/Src/stm32h7xx_hal_pwr_ex.o
                0x00000000080043fc                HAL_PWREx_ConfigSupply
 .text.HAL_RCC_OscConfig
                0x0000000008004444      0x51c ./Drivers/STM32H7xx_HAL_Driver/Src/stm32h7xx_hal_rcc.o
                0x0000000008004444                HAL_RCC_OscConfig
 .text.HAL_RCC_GetSysClockFreq
                0x0000000008004960      0x140 ./Drivers/STM32H7xx_HAL_Driver/Src/stm32h7xx_hal_rcc.o
                0x0000000008004960                HAL_RCC_GetSysClockFreq
 .text.HAL_RCC_ClockConfig
                0x0000000008004aa0      0x24c ./Drivers/STM32H7xx_HAL_Driver/Src/stm32h7xx_hal_rcc.o
                0x0000000008004aa0                HAL_RCC_ClockConfig
 .text.HAL_RCC_GetHCLKFreq
                0x0000000008004cec       0x44 ./Drivers/STM32H7xx_HAL_Driver/Src/stm32h7xx_hal_rcc.o
                0x0000000008004cec                HAL_RCC_GetHCLKFreq
 .text.HAL_RCC_GetPCLK1Freq
                0x0000000008004d30       0x24 ./Drivers/STM32H7xx_HAL_Driver/Src/stm32h7xx_hal_rcc.o
                0x0000000008004d30                HAL_RCC_GetPCLK1Freq
 .text.HAL_RCC_GetPCLK2Freq
                0x0000000008004d54       0x24 ./Drivers/STM32H7xx_HAL_Driver/Src/stm32h7xx_hal_rcc.o
                0x0000000008004d54                HAL_RCC_GetPCLK2Freq
 .text.RCCEx_PLL2_Config
                0x0000000008004d78       0xf0 ./Drivers/STM32H7xx_HAL_Driver/Src/stm32h7xx_hal_rcc_ex.o
 .text.RCCEx_PLL3_Config
                0x0000000008004e68       0xf0 ./Drivers/STM32H7xx_HAL_Driver/Src/stm32h7xx_hal_rcc_ex.o
 .text.HAL_RCCEx_PeriphCLKConfig
                0x0000000008004f58      0x908 ./Drivers/STM32H7xx_HAL_Driver/Src/stm32h7xx_hal_rcc_ex.o
                0x0000000008004f58                HAL_RCCEx_PeriphCLKConfig
 .text.HAL_RCCEx_GetD3PCLK1Freq
                0x0000000008005860       0x24 ./Drivers/STM32H7xx_HAL_Driver/Src/stm32h7xx_hal_rcc_ex.o
                0x0000000008005860                HAL_RCCEx_GetD3PCLK1Freq
 .text.HAL_RCCEx_GetPLL2ClockFreq
                0x0000000008005884      0x150 ./Drivers/STM32H7xx_HAL_Driver/Src/stm32h7xx_hal_rcc_ex.o
                0x0000000008005884                HAL_RCCEx_GetPLL2ClockFreq
 .text.HAL_RCCEx_GetPLL3ClockFreq
                0x00000000080059d4      0x150 ./Drivers/STM32H7xx_HAL_Driver/Src/stm32h7xx_hal_rcc_ex.o
                0x00000000080059d4                HAL_RCCEx_GetPLL3ClockFreq
 .text.HAL_RCCEx_GetPLL1ClockFreq
                0x0000000008005b24      0x150 ./Drivers/STM32H7xx_HAL_Driver/Src/stm32h7xx_hal_rcc_ex.o
                0x0000000008005b24                HAL_RCCEx_GetPLL1ClockFreq
 .text.HAL_RCCEx_GetPeriphCLKFreq
                0x0000000008005c74      0x278 ./Drivers/STM32H7xx_HAL_Driver/Src/stm32h7xx_hal_rcc_ex.o
                0x0000000008005c74                HAL_RCCEx_GetPeriphCLKFreq
 .text.SD_FindSCR
                0x0000000008005eec       0xcc ./Drivers/STM32H7xx_HAL_Driver/Src/stm32h7xx_hal_sd.o
 .text.HAL_SD_ReadBlocks_DMA
                0x0000000008005fb8       0xd4 ./Drivers/STM32H7xx_HAL_Driver/Src/stm32h7xx_hal_sd.o
                0x0000000008005fb8                HAL_SD_ReadBlocks_DMA
 .text.HAL_SD_WriteBlocks_DMA
                0x000000000800608c       0xd4 ./Drivers/STM32H7xx_HAL_Driver/Src/stm32h7xx_hal_sd.o
                0x000000000800608c                HAL_SD_WriteBlocks_DMA
 .text.HAL_SD_ErrorCallback
                0x0000000008006160        0x2 ./Drivers/STM32H7xx_HAL_Driver/Src/stm32h7xx_hal_sd.o
                0x0000000008006160                HAL_SD_ErrorCallback
 *fill*         0x0000000008006162        0x2 
 .text.HAL_SD_GetCardCSD
                0x0000000008006164      0x16c ./Drivers/STM32H7xx_HAL_Driver/Src/stm32h7xx_hal_sd.o
                0x0000000008006164                HAL_SD_GetCardCSD
 .text.HAL_SD_InitCard
                0x00000000080062d0      0x224 ./Drivers/STM32H7xx_HAL_Driver/Src/stm32h7xx_hal_sd.o
                0x00000000080062d0                HAL_SD_InitCard
 .text.HAL_SD_GetCardStatus
                0x00000000080064f4      0x18c ./Drivers/STM32H7xx_HAL_Driver/Src/stm32h7xx_hal_sd.o
                0x00000000080064f4                HAL_SD_GetCardStatus
 .text.HAL_SD_GetCardInfo
                0x0000000008006680       0x24 ./Drivers/STM32H7xx_HAL_Driver/Src/stm32h7xx_hal_sd.o
                0x0000000008006680                HAL_SD_GetCardInfo
 .text.HAL_SD_ConfigWideBusOperation
                0x00000000080066a4      0x180 ./Drivers/STM32H7xx_HAL_Driver/Src/stm32h7xx_hal_sd.o
                0x00000000080066a4                HAL_SD_ConfigWideBusOperation
 .text.HAL_SD_GetCardState
                0x0000000008006824       0x28 ./Drivers/STM32H7xx_HAL_Driver/Src/stm32h7xx_hal_sd.o
                0x0000000008006824                HAL_SD_GetCardState
 .text.HAL_SD_Init
                0x000000000800684c       0xa6 ./Drivers/STM32H7xx_HAL_Driver/Src/stm32h7xx_hal_sd.o
                0x000000000800684c                HAL_SD_Init
 .text.HAL_SDEx_Read_DMADoubleBuf0CpltCallback
                0x00000000080068f2        0x2 ./Drivers/STM32H7xx_HAL_Driver/Src/stm32h7xx_hal_sd.o
                0x00000000080068f2                HAL_SDEx_Read_DMADoubleBuf0CpltCallback
 .text.HAL_SDEx_Read_DMADoubleBuf1CpltCallback
                0x00000000080068f4        0x2 ./Drivers/STM32H7xx_HAL_Driver/Src/stm32h7xx_hal_sd.o
                0x00000000080068f4                HAL_SDEx_Read_DMADoubleBuf1CpltCallback
 .text.HAL_SDEx_Write_DMADoubleBuf0CpltCallback
                0x00000000080068f6        0x2 ./Drivers/STM32H7xx_HAL_Driver/Src/stm32h7xx_hal_sd.o
                0x00000000080068f6                HAL_SDEx_Write_DMADoubleBuf0CpltCallback
 .text.HAL_SDEx_Write_DMADoubleBuf1CpltCallback
                0x00000000080068f8        0x2 ./Drivers/STM32H7xx_HAL_Driver/Src/stm32h7xx_hal_sd.o
                0x00000000080068f8                HAL_SDEx_Write_DMADoubleBuf1CpltCallback
 *fill*         0x00000000080068fa        0x2 
 .text.HAL_SD_IRQHandler
                0x00000000080068fc      0x244 ./Drivers/STM32H7xx_HAL_Driver/Src/stm32h7xx_hal_sd.o
                0x00000000080068fc                HAL_SD_IRQHandler
 .text.HAL_SDRAM_Init
                0x0000000008006b40       0x50 ./Drivers/STM32H7xx_HAL_Driver/Src/stm32h7xx_hal_sdram.o
                0x0000000008006b40                HAL_SDRAM_Init
 .text.HAL_SDRAM_SendCommand
                0x0000000008006b90       0x3e ./Drivers/STM32H7xx_HAL_Driver/Src/stm32h7xx_hal_sdram.o
                0x0000000008006b90                HAL_SDRAM_SendCommand
 .text.HAL_SDRAM_ProgramRefreshRate
                0x0000000008006bce       0x30 ./Drivers/STM32H7xx_HAL_Driver/Src/stm32h7xx_hal_sdram.o
                0x0000000008006bce                HAL_SDRAM_ProgramRefreshRate
 .text.SPI_CloseTransfer
                0x0000000008006bfe       0xac ./Drivers/STM32H7xx_HAL_Driver/Src/stm32h7xx_hal_spi.o
 *fill*         0x0000000008006caa        0x2 
 .text.HAL_SPI_Init
                0x0000000008006cac      0x12c ./Drivers/STM32H7xx_HAL_Driver/Src/stm32h7xx_hal_spi.o
                0x0000000008006cac                HAL_SPI_Init
 .text.HAL_SPI_Transmit
                0x0000000008006dd8      0x23e ./Drivers/STM32H7xx_HAL_Driver/Src/stm32h7xx_hal_spi.o
                0x0000000008006dd8                HAL_SPI_Transmit
 *fill*         0x0000000008007016        0x2 
 .text.HAL_SPI_TransmitReceive_DMA
                0x0000000008007018      0x1fc ./Drivers/STM32H7xx_HAL_Driver/Src/stm32h7xx_hal_spi.o
                0x0000000008007018                HAL_SPI_TransmitReceive_DMA
 .text.HAL_SPI_TxCpltCallback
                0x0000000008007214        0x2 ./Drivers/STM32H7xx_HAL_Driver/Src/stm32h7xx_hal_spi.o
                0x0000000008007214                HAL_SPI_TxCpltCallback
 .text.HAL_SPI_RxCpltCallback
                0x0000000008007216        0x2 ./Drivers/STM32H7xx_HAL_Driver/Src/stm32h7xx_hal_spi.o
                0x0000000008007216                HAL_SPI_RxCpltCallback
 .text.SPI_DMAReceiveCplt
                0x0000000008007218       0x28 ./Drivers/STM32H7xx_HAL_Driver/Src/stm32h7xx_hal_spi.o
 .text.SPI_DMATransmitReceiveCplt
                0x0000000008007240       0x28 ./Drivers/STM32H7xx_HAL_Driver/Src/stm32h7xx_hal_spi.o
 .text.HAL_SPI_RxHalfCpltCallback
                0x0000000008007268        0x2 ./Drivers/STM32H7xx_HAL_Driver/Src/stm32h7xx_hal_spi.o
                0x0000000008007268                HAL_SPI_RxHalfCpltCallback
 .text.SPI_DMAHalfReceiveCplt
                0x000000000800726a        0xa ./Drivers/STM32H7xx_HAL_Driver/Src/stm32h7xx_hal_spi.o
 .text.HAL_SPI_TxRxHalfCpltCallback
                0x0000000008007274        0x2 ./Drivers/STM32H7xx_HAL_Driver/Src/stm32h7xx_hal_spi.o
                0x0000000008007274                HAL_SPI_TxRxHalfCpltCallback
 .text.SPI_DMAHalfTransmitReceiveCplt
                0x0000000008007276        0xa ./Drivers/STM32H7xx_HAL_Driver/Src/stm32h7xx_hal_spi.o
 .text.HAL_SPI_ErrorCallback
                0x0000000008007280        0x2 ./Drivers/STM32H7xx_HAL_Driver/Src/stm32h7xx_hal_spi.o
                0x0000000008007280                HAL_SPI_ErrorCallback
 .text.SPI_DMAError
                0x0000000008007282       0x2a ./Drivers/STM32H7xx_HAL_Driver/Src/stm32h7xx_hal_spi.o
 .text.HAL_SPI_IRQHandler
                0x00000000080072ac      0x214 ./Drivers/STM32H7xx_HAL_Driver/Src/stm32h7xx_hal_spi.o
                0x00000000080072ac                HAL_SPI_IRQHandler
 .text.SPI_DMAAbortOnError
                0x00000000080074c0       0x1a ./Drivers/STM32H7xx_HAL_Driver/Src/stm32h7xx_hal_spi.o
 *fill*         0x00000000080074da        0x2 
 .text.TIM_OC1_SetConfig
                0x00000000080074dc       0x98 ./Drivers/STM32H7xx_HAL_Driver/Src/stm32h7xx_hal_tim.o
 .text.TIM_OC3_SetConfig
                0x0000000008007574       0x88 ./Drivers/STM32H7xx_HAL_Driver/Src/stm32h7xx_hal_tim.o
 .text.TIM_OC4_SetConfig
                0x00000000080075fc       0x68 ./Drivers/STM32H7xx_HAL_Driver/Src/stm32h7xx_hal_tim.o
 .text.TIM_OC5_SetConfig
                0x0000000008007664       0x68 ./Drivers/STM32H7xx_HAL_Driver/Src/stm32h7xx_hal_tim.o
 .text.TIM_OC6_SetConfig
                0x00000000080076cc       0x68 ./Drivers/STM32H7xx_HAL_Driver/Src/stm32h7xx_hal_tim.o
 .text.HAL_TIM_Base_Start_IT
                0x0000000008007734       0x7c ./Drivers/STM32H7xx_HAL_Driver/Src/stm32h7xx_hal_tim.o
                0x0000000008007734                HAL_TIM_Base_Start_IT
 .text.HAL_TIM_PWM_MspInit
                0x00000000080077b0        0x2 ./Drivers/STM32H7xx_HAL_Driver/Src/stm32h7xx_hal_tim.o
                0x00000000080077b0                HAL_TIM_PWM_MspInit
 .text.HAL_TIM_IC_MspInit
                0x00000000080077b2        0x2 ./Drivers/STM32H7xx_HAL_Driver/Src/stm32h7xx_hal_tim.o
                0x00000000080077b2                HAL_TIM_IC_MspInit
 .text.HAL_TIM_OC_DelayElapsedCallback
                0x00000000080077b4        0x2 ./Drivers/STM32H7xx_HAL_Driver/Src/stm32h7xx_hal_tim.o
                0x00000000080077b4                HAL_TIM_OC_DelayElapsedCallback
 .text.HAL_TIM_IC_CaptureCallback
                0x00000000080077b6        0x2 ./Drivers/STM32H7xx_HAL_Driver/Src/stm32h7xx_hal_tim.o
                0x00000000080077b6                HAL_TIM_IC_CaptureCallback
 .text.HAL_TIM_PWM_PulseFinishedCallback
                0x00000000080077b8        0x2 ./Drivers/STM32H7xx_HAL_Driver/Src/stm32h7xx_hal_tim.o
                0x00000000080077b8                HAL_TIM_PWM_PulseFinishedCallback
 .text.HAL_TIM_TriggerCallback
                0x00000000080077ba        0x2 ./Drivers/STM32H7xx_HAL_Driver/Src/stm32h7xx_hal_tim.o
                0x00000000080077ba                HAL_TIM_TriggerCallback
 .text.HAL_TIM_IRQHandler
                0x00000000080077bc      0x160 ./Drivers/STM32H7xx_HAL_Driver/Src/stm32h7xx_hal_tim.o
                0x00000000080077bc                HAL_TIM_IRQHandler
 .text.TIM_Base_SetConfig
                0x000000000800791c       0xcc ./Drivers/STM32H7xx_HAL_Driver/Src/stm32h7xx_hal_tim.o
                0x000000000800791c                TIM_Base_SetConfig
 .text.HAL_TIM_Base_Init
                0x00000000080079e8       0x60 ./Drivers/STM32H7xx_HAL_Driver/Src/stm32h7xx_hal_tim.o
                0x00000000080079e8                HAL_TIM_Base_Init
 .text.HAL_TIM_PWM_Init
                0x0000000008007a48       0x60 ./Drivers/STM32H7xx_HAL_Driver/Src/stm32h7xx_hal_tim.o
                0x0000000008007a48                HAL_TIM_PWM_Init
 .text.HAL_TIM_IC_Init
                0x0000000008007aa8       0x60 ./Drivers/STM32H7xx_HAL_Driver/Src/stm32h7xx_hal_tim.o
                0x0000000008007aa8                HAL_TIM_IC_Init
 .text.TIM_OC2_SetConfig
                0x0000000008007b08       0x8c ./Drivers/STM32H7xx_HAL_Driver/Src/stm32h7xx_hal_tim.o
                0x0000000008007b08                TIM_OC2_SetConfig
 .text.HAL_TIM_PWM_ConfigChannel
                0x0000000008007b94      0x104 ./Drivers/STM32H7xx_HAL_Driver/Src/stm32h7xx_hal_tim.o
                0x0000000008007b94                HAL_TIM_PWM_ConfigChannel
 .text.TIM_TI1_SetConfig
                0x0000000008007c98       0x74 ./Drivers/STM32H7xx_HAL_Driver/Src/stm32h7xx_hal_tim.o
                0x0000000008007c98                TIM_TI1_SetConfig
 .text.HAL_TIM_IC_ConfigChannel
                0x0000000008007d0c      0x126 ./Drivers/STM32H7xx_HAL_Driver/Src/stm32h7xx_hal_tim.o
                0x0000000008007d0c                HAL_TIM_IC_ConfigChannel
 .text.TIM_ETR_SetConfig
                0x0000000008007e32       0x14 ./Drivers/STM32H7xx_HAL_Driver/Src/stm32h7xx_hal_tim.o
                0x0000000008007e32                TIM_ETR_SetConfig
 *fill*         0x0000000008007e46        0x2 
 .text.HAL_TIM_ConfigClockSource
                0x0000000008007e48      0x180 ./Drivers/STM32H7xx_HAL_Driver/Src/stm32h7xx_hal_tim.o
                0x0000000008007e48                HAL_TIM_ConfigClockSource
 .text.TIM_SlaveTimer_SetConfig
                0x0000000008007fc8      0x124 ./Drivers/STM32H7xx_HAL_Driver/Src/stm32h7xx_hal_tim.o
 .text.HAL_TIM_SlaveConfigSynchro
                0x00000000080080ec       0x4e ./Drivers/STM32H7xx_HAL_Driver/Src/stm32h7xx_hal_tim.o
                0x00000000080080ec                HAL_TIM_SlaveConfigSynchro
 *fill*         0x000000000800813a        0x2 
 .text.HAL_TIMEx_MasterConfigSynchronization
                0x000000000800813c       0x94 ./Drivers/STM32H7xx_HAL_Driver/Src/stm32h7xx_hal_tim_ex.o
                0x000000000800813c                HAL_TIMEx_MasterConfigSynchronization
 .text.HAL_TIMEx_ConfigBreakDeadTime
                0x00000000080081d0       0xb0 ./Drivers/STM32H7xx_HAL_Driver/Src/stm32h7xx_hal_tim_ex.o
                0x00000000080081d0                HAL_TIMEx_ConfigBreakDeadTime
 .text.HAL_TIMEx_CommutCallback
                0x0000000008008280        0x2 ./Drivers/STM32H7xx_HAL_Driver/Src/stm32h7xx_hal_tim_ex.o
                0x0000000008008280                HAL_TIMEx_CommutCallback
 .text.HAL_TIMEx_BreakCallback
                0x0000000008008282        0x2 ./Drivers/STM32H7xx_HAL_Driver/Src/stm32h7xx_hal_tim_ex.o
                0x0000000008008282                HAL_TIMEx_BreakCallback
 .text.HAL_TIMEx_Break2Callback
                0x0000000008008284        0x2 ./Drivers/STM32H7xx_HAL_Driver/Src/stm32h7xx_hal_tim_ex.o
                0x0000000008008284                HAL_TIMEx_Break2Callback
 *fill*         0x0000000008008286        0x2 
 .text.UART_EndRxTransfer
                0x0000000008008288       0x58 ./Drivers/STM32H7xx_HAL_Driver/Src/stm32h7xx_hal_uart.o
 .text.HAL_UART_TxCpltCallback
                0x00000000080082e0        0x2 ./Drivers/STM32H7xx_HAL_Driver/Src/stm32h7xx_hal_uart.o
                0x00000000080082e0                HAL_UART_TxCpltCallback
 .text.HAL_UART_ErrorCallback
                0x00000000080082e2        0x2 ./Drivers/STM32H7xx_HAL_Driver/Src/stm32h7xx_hal_uart.o
                0x00000000080082e2                HAL_UART_ErrorCallback
 .text.UART_DMAAbortOnError
                0x00000000080082e4       0x14 ./Drivers/STM32H7xx_HAL_Driver/Src/stm32h7xx_hal_uart.o
 .text.HAL_UARTEx_RxEventCallback
                0x00000000080082f8        0x2 ./Drivers/STM32H7xx_HAL_Driver/Src/stm32h7xx_hal_uart.o
                0x00000000080082f8                HAL_UARTEx_RxEventCallback
 *fill*         0x00000000080082fa        0x2 
 .text.HAL_UART_IRQHandler
                0x00000000080082fc      0x338 ./Drivers/STM32H7xx_HAL_Driver/Src/stm32h7xx_hal_uart.o
                0x00000000080082fc                HAL_UART_IRQHandler
 .text.UART_RxISR_8BIT
                0x0000000008008634       0xa2 ./Drivers/STM32H7xx_HAL_Driver/Src/stm32h7xx_hal_uart.o
 .text.UART_RxISR_16BIT
                0x00000000080086d6       0x9c ./Drivers/STM32H7xx_HAL_Driver/Src/stm32h7xx_hal_uart.o
 *fill*         0x0000000008008772        0x2 
 .text.UART_RxISR_8BIT_FIFOEN
                0x0000000008008774      0x17c ./Drivers/STM32H7xx_HAL_Driver/Src/stm32h7xx_hal_uart.o
 .text.UART_RxISR_16BIT_FIFOEN
                0x00000000080088f0      0x178 ./Drivers/STM32H7xx_HAL_Driver/Src/stm32h7xx_hal_uart.o
 .text.UART_SetConfig
                0x0000000008008a68      0x3d0 ./Drivers/STM32H7xx_HAL_Driver/Src/stm32h7xx_hal_uart.o
                0x0000000008008a68                UART_SetConfig
 .text.UART_AdvFeatureConfig
                0x0000000008008e38       0xaa ./Drivers/STM32H7xx_HAL_Driver/Src/stm32h7xx_hal_uart.o
                0x0000000008008e38                UART_AdvFeatureConfig
 .text.UART_WaitOnFlagUntilTimeout
                0x0000000008008ee2       0xc4 ./Drivers/STM32H7xx_HAL_Driver/Src/stm32h7xx_hal_uart.o
                0x0000000008008ee2                UART_WaitOnFlagUntilTimeout
 .text.HAL_UART_Transmit
                0x0000000008008fa6       0xba ./Drivers/STM32H7xx_HAL_Driver/Src/stm32h7xx_hal_uart.o
                0x0000000008008fa6                HAL_UART_Transmit
 .text.UART_CheckIdleState
                0x0000000008009060       0x6a ./Drivers/STM32H7xx_HAL_Driver/Src/stm32h7xx_hal_uart.o
                0x0000000008009060                UART_CheckIdleState
 .text.HAL_UART_Init
                0x00000000080090ca       0x60 ./Drivers/STM32H7xx_HAL_Driver/Src/stm32h7xx_hal_uart.o
                0x00000000080090ca                HAL_UART_Init
 *fill*         0x000000000800912a        0x2 
 .text.UART_Start_Receive_IT
                0x000000000800912c      0x124 ./Drivers/STM32H7xx_HAL_Driver/Src/stm32h7xx_hal_uart.o
                0x000000000800912c                UART_Start_Receive_IT
 .text.HAL_UART_Receive_IT
                0x0000000008009250       0x54 ./Drivers/STM32H7xx_HAL_Driver/Src/stm32h7xx_hal_uart.o
                0x0000000008009250                HAL_UART_Receive_IT
 .text.UARTEx_SetNbDataToProcess
                0x00000000080092a4       0x44 ./Drivers/STM32H7xx_HAL_Driver/Src/stm32h7xx_hal_uart_ex.o
 .text.HAL_UARTEx_WakeupCallback
                0x00000000080092e8        0x2 ./Drivers/STM32H7xx_HAL_Driver/Src/stm32h7xx_hal_uart_ex.o
                0x00000000080092e8                HAL_UARTEx_WakeupCallback
 .text.HAL_UARTEx_RxFifoFullCallback
                0x00000000080092ea        0x2 ./Drivers/STM32H7xx_HAL_Driver/Src/stm32h7xx_hal_uart_ex.o
                0x00000000080092ea                HAL_UARTEx_RxFifoFullCallback
 .text.HAL_UARTEx_TxFifoEmptyCallback
                0x00000000080092ec        0x2 ./Drivers/STM32H7xx_HAL_Driver/Src/stm32h7xx_hal_uart_ex.o
                0x00000000080092ec                HAL_UARTEx_TxFifoEmptyCallback
 .text.HAL_UARTEx_DisableFifoMode
                0x00000000080092ee       0x36 ./Drivers/STM32H7xx_HAL_Driver/Src/stm32h7xx_hal_uart_ex.o
                0x00000000080092ee                HAL_UARTEx_DisableFifoMode
 .text.HAL_UARTEx_SetTxFifoThreshold
                0x0000000008009324       0x48 ./Drivers/STM32H7xx_HAL_Driver/Src/stm32h7xx_hal_uart_ex.o
                0x0000000008009324                HAL_UARTEx_SetTxFifoThreshold
 .text.HAL_UARTEx_SetRxFifoThreshold
                0x000000000800936c       0x48 ./Drivers/STM32H7xx_HAL_Driver/Src/stm32h7xx_hal_uart_ex.o
                0x000000000800936c                HAL_UARTEx_SetRxFifoThreshold
 .text.FMC_SDRAM_Init
                0x00000000080093b4       0x76 ./Drivers/STM32H7xx_HAL_Driver/Src/stm32h7xx_ll_fmc.o
                0x00000000080093b4                FMC_SDRAM_Init
 .text.FMC_SDRAM_Timing_Init
                0x000000000800942a       0x6c ./Drivers/STM32H7xx_HAL_Driver/Src/stm32h7xx_ll_fmc.o
                0x000000000800942a                FMC_SDRAM_Timing_Init
 .text.FMC_SDRAM_SendCommand
                0x0000000008009496       0x24 ./Drivers/STM32H7xx_HAL_Driver/Src/stm32h7xx_ll_fmc.o
                0x0000000008009496                FMC_SDRAM_SendCommand
 .text.FMC_SDRAM_ProgramRefreshRate
                0x00000000080094ba       0x14 ./Drivers/STM32H7xx_HAL_Driver/Src/stm32h7xx_ll_fmc.o
                0x00000000080094ba                FMC_SDRAM_ProgramRefreshRate
 *fill*         0x00000000080094ce        0x2 
 .text.SDMMC_Init
                0x00000000080094d0       0x34 ./Drivers/STM32H7xx_HAL_Driver/Src/stm32h7xx_ll_sdmmc.o
                0x00000000080094d0                SDMMC_Init
 .text.SDMMC_ReadFIFO
                0x0000000008009504        0x6 ./Drivers/STM32H7xx_HAL_Driver/Src/stm32h7xx_ll_sdmmc.o
                0x0000000008009504                SDMMC_ReadFIFO
 .text.SDMMC_WriteFIFO
                0x000000000800950a        0xa ./Drivers/STM32H7xx_HAL_Driver/Src/stm32h7xx_ll_sdmmc.o
                0x000000000800950a                SDMMC_WriteFIFO
 .text.SDMMC_PowerState_ON
                0x0000000008009514        0xc ./Drivers/STM32H7xx_HAL_Driver/Src/stm32h7xx_ll_sdmmc.o
                0x0000000008009514                SDMMC_PowerState_ON
 .text.SDMMC_GetPowerState
                0x0000000008009520        0x8 ./Drivers/STM32H7xx_HAL_Driver/Src/stm32h7xx_ll_sdmmc.o
                0x0000000008009520                SDMMC_GetPowerState
 .text.SDMMC_SendCommand
                0x0000000008009528       0x28 ./Drivers/STM32H7xx_HAL_Driver/Src/stm32h7xx_ll_sdmmc.o
                0x0000000008009528                SDMMC_SendCommand
 .text.SDMMC_GetResponse
                0x0000000008009550        0x6 ./Drivers/STM32H7xx_HAL_Driver/Src/stm32h7xx_ll_sdmmc.o
                0x0000000008009550                SDMMC_GetResponse
 .text.SDMMC_ConfigData
                0x0000000008009556       0x26 ./Drivers/STM32H7xx_HAL_Driver/Src/stm32h7xx_ll_sdmmc.o
                0x0000000008009556                SDMMC_ConfigData
 .text.SDMMC_CmdGoIdleState
                0x000000000800957c       0x50 ./Drivers/STM32H7xx_HAL_Driver/Src/stm32h7xx_ll_sdmmc.o
                0x000000000800957c                SDMMC_CmdGoIdleState
 .text.SDMMC_GetCmdResp1
                0x00000000080095cc      0x128 ./Drivers/STM32H7xx_HAL_Driver/Src/stm32h7xx_ll_sdmmc.o
                0x00000000080095cc                SDMMC_GetCmdResp1
 .text.SDMMC_CmdBlockLength
                0x00000000080096f4       0x32 ./Drivers/STM32H7xx_HAL_Driver/Src/stm32h7xx_ll_sdmmc.o
                0x00000000080096f4                SDMMC_CmdBlockLength
 .text.SDMMC_CmdReadSingleBlock
                0x0000000008009726       0x32 ./Drivers/STM32H7xx_HAL_Driver/Src/stm32h7xx_ll_sdmmc.o
                0x0000000008009726                SDMMC_CmdReadSingleBlock
 .text.SDMMC_CmdReadMultiBlock
                0x0000000008009758       0x32 ./Drivers/STM32H7xx_HAL_Driver/Src/stm32h7xx_ll_sdmmc.o
                0x0000000008009758                SDMMC_CmdReadMultiBlock
 .text.SDMMC_CmdWriteSingleBlock
                0x000000000800978a       0x32 ./Drivers/STM32H7xx_HAL_Driver/Src/stm32h7xx_ll_sdmmc.o
                0x000000000800978a                SDMMC_CmdWriteSingleBlock
 .text.SDMMC_CmdWriteMultiBlock
                0x00000000080097bc       0x32 ./Drivers/STM32H7xx_HAL_Driver/Src/stm32h7xx_ll_sdmmc.o
                0x00000000080097bc                SDMMC_CmdWriteMultiBlock
 *fill*         0x00000000080097ee        0x2 
 .text.SDMMC_CmdStopTransfer
                0x00000000080097f0       0x54 ./Drivers/STM32H7xx_HAL_Driver/Src/stm32h7xx_ll_sdmmc.o
                0x00000000080097f0                SDMMC_CmdStopTransfer
 .text.SDMMC_CmdSelDesel
                0x0000000008009844       0x32 ./Drivers/STM32H7xx_HAL_Driver/Src/stm32h7xx_ll_sdmmc.o
                0x0000000008009844                SDMMC_CmdSelDesel
 .text.SDMMC_CmdAppCommand
                0x0000000008009876       0x32 ./Drivers/STM32H7xx_HAL_Driver/Src/stm32h7xx_ll_sdmmc.o
                0x0000000008009876                SDMMC_CmdAppCommand
 .text.SDMMC_CmdBusWidth
                0x00000000080098a8       0x32 ./Drivers/STM32H7xx_HAL_Driver/Src/stm32h7xx_ll_sdmmc.o
                0x00000000080098a8                SDMMC_CmdBusWidth
 .text.SDMMC_CmdSendSCR
                0x00000000080098da       0x32 ./Drivers/STM32H7xx_HAL_Driver/Src/stm32h7xx_ll_sdmmc.o
                0x00000000080098da                SDMMC_CmdSendSCR
 .text.SDMMC_CmdSendStatus
                0x000000000800990c       0x32 ./Drivers/STM32H7xx_HAL_Driver/Src/stm32h7xx_ll_sdmmc.o
                0x000000000800990c                SDMMC_CmdSendStatus
 .text.SDMMC_CmdStatusRegister
                0x000000000800993e       0x32 ./Drivers/STM32H7xx_HAL_Driver/Src/stm32h7xx_ll_sdmmc.o
                0x000000000800993e                SDMMC_CmdStatusRegister
 .text.SDMMC_GetCmdResp2
                0x0000000008009970       0x50 ./Drivers/STM32H7xx_HAL_Driver/Src/stm32h7xx_ll_sdmmc.o
                0x0000000008009970                SDMMC_GetCmdResp2
 .text.SDMMC_CmdSendCID
                0x00000000080099c0       0x2c ./Drivers/STM32H7xx_HAL_Driver/Src/stm32h7xx_ll_sdmmc.o
                0x00000000080099c0                SDMMC_CmdSendCID
 .text.SDMMC_CmdSendCSD
                0x00000000080099ec       0x2c ./Drivers/STM32H7xx_HAL_Driver/Src/stm32h7xx_ll_sdmmc.o
                0x00000000080099ec                SDMMC_CmdSendCSD
 .text.SDMMC_GetCmdResp3
                0x0000000008009a18       0x48 ./Drivers/STM32H7xx_HAL_Driver/Src/stm32h7xx_ll_sdmmc.o
                0x0000000008009a18                SDMMC_GetCmdResp3
 .text.SDMMC_CmdAppOperCommand
                0x0000000008009a60       0x2c ./Drivers/STM32H7xx_HAL_Driver/Src/stm32h7xx_ll_sdmmc.o
                0x0000000008009a60                SDMMC_CmdAppOperCommand
 .text.SDMMC_GetCmdResp6
                0x0000000008009a8c       0x88 ./Drivers/STM32H7xx_HAL_Driver/Src/stm32h7xx_ll_sdmmc.o
                0x0000000008009a8c                SDMMC_GetCmdResp6
 .text.SDMMC_CmdSetRelAdd
                0x0000000008009b14       0x32 ./Drivers/STM32H7xx_HAL_Driver/Src/stm32h7xx_ll_sdmmc.o
                0x0000000008009b14                SDMMC_CmdSetRelAdd
 *fill*         0x0000000008009b46        0x2 
 .text.SDMMC_GetCmdResp7
                0x0000000008009b48       0x54 ./Drivers/STM32H7xx_HAL_Driver/Src/stm32h7xx_ll_sdmmc.o
                0x0000000008009b48                SDMMC_GetCmdResp7
 .text.SDMMC_CmdOperCond
                0x0000000008009b9c       0x30 ./Drivers/STM32H7xx_HAL_Driver/Src/stm32h7xx_ll_sdmmc.o
                0x0000000008009b9c                SDMMC_CmdOperCond
 .text.MX_FATFS_Init
                0x0000000008009bcc       0x1c ./FATFS/App/fatfs.o
                0x0000000008009bcc                MX_FATFS_Init
 .text.get_fattime
                0x0000000008009be8        0x4 ./FATFS/App/fatfs.o
                0x0000000008009be8                get_fattime
 .text.BSP_SD_ReadBlocks_DMA
                0x0000000008009bec       0x1c ./FATFS/Target/bsp_driver_sd.o
                0x0000000008009bec                BSP_SD_ReadBlocks_DMA
 .text.BSP_SD_WriteBlocks_DMA
                0x0000000008009c08       0x1c ./FATFS/Target/bsp_driver_sd.o
                0x0000000008009c08                BSP_SD_WriteBlocks_DMA
 .text.BSP_SD_GetCardState
                0x0000000008009c24       0x14 ./FATFS/Target/bsp_driver_sd.o
                0x0000000008009c24                BSP_SD_GetCardState
 .text.BSP_SD_GetCardInfo
                0x0000000008009c38        0xc ./FATFS/Target/bsp_driver_sd.o
                0x0000000008009c38                BSP_SD_GetCardInfo
 .text.HAL_SD_TxCpltCallback
                0x0000000008009c44        0x8 ./FATFS/Target/bsp_driver_sd.o
                0x0000000008009c44                HAL_SD_TxCpltCallback
 .text.HAL_SD_RxCpltCallback
                0x0000000008009c4c        0x8 ./FATFS/Target/bsp_driver_sd.o
                0x0000000008009c4c                HAL_SD_RxCpltCallback
 .text.BSP_SD_IsDetected
                0x0000000008009c54       0x10 ./FATFS/Target/bsp_driver_sd.o
                0x0000000008009c54                BSP_SD_IsDetected
 .text.BSP_SD_Init
                0x0000000008009c64       0x2c ./FATFS/Target/bsp_driver_sd.o
                0x0000000008009c64                BSP_SD_Init
 .text.SD_ioctl
                0x0000000008009c90       0x54 ./FATFS/Target/sd_diskio.o
                0x0000000008009c90                SD_ioctl
 .text.SD_status
                0x0000000008009ce4       0x20 ./FATFS/Target/sd_diskio.o
                0x0000000008009ce4                SD_status
 .text.SD_CheckStatusWithTimeout.constprop.0
                0x0000000008009d04       0x26 ./FATFS/Target/sd_diskio.o
 *fill*         0x0000000008009d2a        0x2 
 .text.SD_write
                0x0000000008009d2c       0x70 ./FATFS/Target/sd_diskio.o
                0x0000000008009d2c                SD_write
 .text.SD_read  0x0000000008009d9c       0x6c ./FATFS/Target/sd_diskio.o
                0x0000000008009d9c                SD_read
 .text.SD_initialize
                0x0000000008009e08       0x2c ./FATFS/Target/sd_diskio.o
                0x0000000008009e08                SD_initialize
 .text.BSP_SD_WriteCpltCallback
                0x0000000008009e34        0xc ./FATFS/Target/sd_diskio.o
                0x0000000008009e34                BSP_SD_WriteCpltCallback
 .text.BSP_SD_ReadCpltCallback
                0x0000000008009e40        0xc ./FATFS/Target/sd_diskio.o
                0x0000000008009e40                BSP_SD_ReadCpltCallback
 .text.disk_status
                0x0000000008009e4c       0x14 ./Middlewares/Third_Party/FatFs/src/diskio.o
                0x0000000008009e4c                disk_status
 .text.disk_initialize
                0x0000000008009e60       0x20 ./Middlewares/Third_Party/FatFs/src/diskio.o
                0x0000000008009e60                disk_initialize
 .text.disk_read
                0x0000000008009e80       0x1c ./Middlewares/Third_Party/FatFs/src/diskio.o
                0x0000000008009e80                disk_read
 .text.disk_write
                0x0000000008009e9c       0x1c ./Middlewares/Third_Party/FatFs/src/diskio.o
                0x0000000008009e9c                disk_write
 .text.disk_ioctl
                0x0000000008009eb8       0x1c ./Middlewares/Third_Party/FatFs/src/diskio.o
                0x0000000008009eb8                disk_ioctl
 .text.ld_dword
                0x0000000008009ed4        0x4 ./Middlewares/Third_Party/FatFs/src/ff.o
 .text.st_dword
                0x0000000008009ed8       0x10 ./Middlewares/Third_Party/FatFs/src/ff.o
 .text.mem_set  0x0000000008009ee8        0xc ./Middlewares/Third_Party/FatFs/src/ff.o
 .text.chk_lock
                0x0000000008009ef4       0x74 ./Middlewares/Third_Party/FatFs/src/ff.o
 .text.inc_lock
                0x0000000008009f68       0x84 ./Middlewares/Third_Party/FatFs/src/ff.o
 .text.dec_lock
                0x0000000008009fec       0x3c ./Middlewares/Third_Party/FatFs/src/ff.o
 .text.clear_lock
                0x000000000800a028       0x1c ./Middlewares/Third_Party/FatFs/src/ff.o
 .text.clust2sect
                0x000000000800a044       0x16 ./Middlewares/Third_Party/FatFs/src/ff.o
 .text.clmt_clust
                0x000000000800a05a       0x22 ./Middlewares/Third_Party/FatFs/src/ff.o
 .text.st_clust
                0x000000000800a07c       0x18 ./Middlewares/Third_Party/FatFs/src/ff.o
 .text.get_ldnumber
                0x000000000800a094       0x30 ./Middlewares/Third_Party/FatFs/src/ff.o
 .text.validate
                0x000000000800a0c4       0x34 ./Middlewares/Third_Party/FatFs/src/ff.o
 .text.mem_cpy.part.0
                0x000000000800a0f8       0x12 ./Middlewares/Third_Party/FatFs/src/ff.o
 .text.sync_window.part.0
                0x000000000800a10a       0x4c ./Middlewares/Third_Party/FatFs/src/ff.o
 .text.sync_window
                0x000000000800a156        0xc ./Middlewares/Third_Party/FatFs/src/ff.o
 .text.move_window
                0x000000000800a162       0x32 ./Middlewares/Third_Party/FatFs/src/ff.o
 .text.check_fs
                0x000000000800a194       0x74 ./Middlewares/Third_Party/FatFs/src/ff.o
 .text.find_volume
                0x000000000800a208      0x254 ./Middlewares/Third_Party/FatFs/src/ff.o
 .text.put_fat  0x000000000800a45c       0xfc ./Middlewares/Third_Party/FatFs/src/ff.o
 .text.sync_fs  0x000000000800a558       0x96 ./Middlewares/Third_Party/FatFs/src/ff.o
 .text.ld_clust.isra.0
                0x000000000800a5ee       0x10 ./Middlewares/Third_Party/FatFs/src/ff.o
 .text.get_fat.isra.0
                0x000000000800a5fe       0xac ./Middlewares/Third_Party/FatFs/src/ff.o
 .text.dir_sdi.constprop.0
                0x000000000800a6aa       0x64 ./Middlewares/Third_Party/FatFs/src/ff.o
 .text.remove_chain
                0x000000000800a70e       0x70 ./Middlewares/Third_Party/FatFs/src/ff.o
 .text.create_chain
                0x000000000800a77e       0xb0 ./Middlewares/Third_Party/FatFs/src/ff.o
 .text.dir_next
                0x000000000800a82e       0xea ./Middlewares/Third_Party/FatFs/src/ff.o
 .text.follow_path
                0x000000000800a918      0x17c ./Middlewares/Third_Party/FatFs/src/ff.o
 .text.dir_register
                0x000000000800aa94       0x62 ./Middlewares/Third_Party/FatFs/src/ff.o
 *fill*         0x000000000800aaf6        0x2 
 .text.f_mount  0x000000000800aaf8       0x54 ./Middlewares/Third_Party/FatFs/src/ff.o
                0x000000000800aaf8                f_mount
 .text.f_open   0x000000000800ab4c      0x200 ./Middlewares/Third_Party/FatFs/src/ff.o
                0x000000000800ab4c                f_open
 .text.f_read   0x000000000800ad4c      0x164 ./Middlewares/Third_Party/FatFs/src/ff.o
                0x000000000800ad4c                f_read
 .text.f_write  0x000000000800aeb0      0x18c ./Middlewares/Third_Party/FatFs/src/ff.o
                0x000000000800aeb0                f_write
 .text.f_sync   0x000000000800b03c       0x92 ./Middlewares/Third_Party/FatFs/src/ff.o
                0x000000000800b03c                f_sync
 .text.f_close  0x000000000800b0ce       0x22 ./Middlewares/Third_Party/FatFs/src/ff.o
                0x000000000800b0ce                f_close
 .text.f_gets   0x000000000800b0f0       0x4a ./Middlewares/Third_Party/FatFs/src/ff.o
                0x000000000800b0f0                f_gets
 *fill*         0x000000000800b13a        0x2 
 .text.FATFS_LinkDriverEx
                0x000000000800b13c       0x40 ./Middlewares/Third_Party/FatFs/src/ff_gen_drv.o
                0x000000000800b13c                FATFS_LinkDriverEx
 .text.FATFS_LinkDriver
                0x000000000800b17c        0x6 ./Middlewares/Third_Party/FatFs/src/ff_gen_drv.o
                0x000000000800b17c                FATFS_LinkDriver
 .text.atof     0x000000000800b182        0x6 c:/program files/stm32cubeide_1.10.1/stm32cubeide/plugins/com.st.stm32cube.ide.mcu.externaltools.gnu-tools-for-stm32.10.3-2021.10.win32_1.0.0.202111181127/tools/bin/../lib/gcc/arm-none-eabi/10.3.1/../../../../arm-none-eabi/lib/thumb/v7e-m+dp/hard\libc_nano.a(lib_a-atof.o)
                0x000000000800b182                atof
 .text.atoi     0x000000000800b188        0x8 c:/program files/stm32cubeide_1.10.1/stm32cubeide/plugins/com.st.stm32cube.ide.mcu.externaltools.gnu-tools-for-stm32.10.3-2021.10.win32_1.0.0.202111181127/tools/bin/../lib/gcc/arm-none-eabi/10.3.1/../../../../arm-none-eabi/lib/thumb/v7e-m+dp/hard\libc_nano.a(lib_a-atoi.o)
                0x000000000800b188                atoi
 .text.__errno  0x000000000800b190        0xc c:/program files/stm32cubeide_1.10.1/stm32cubeide/plugins/com.st.stm32cube.ide.mcu.externaltools.gnu-tools-for-stm32.10.3-2021.10.win32_1.0.0.202111181127/tools/bin/../lib/gcc/arm-none-eabi/10.3.1/../../../../arm-none-eabi/lib/thumb/v7e-m+dp/hard\libc_nano.a(lib_a-errno.o)
                0x000000000800b190                __errno
 .text.__libc_init_array
                0x000000000800b19c       0x48 c:/program files/stm32cubeide_1.10.1/stm32cubeide/plugins/com.st.stm32cube.ide.mcu.externaltools.gnu-tools-for-stm32.10.3-2021.10.win32_1.0.0.202111181127/tools/bin/../lib/gcc/arm-none-eabi/10.3.1/../../../../arm-none-eabi/lib/thumb/v7e-m+dp/hard\libc_nano.a(lib_a-init.o)
                0x000000000800b19c                __libc_init_array
 .text.memset   0x000000000800b1e4       0x10 c:/program files/stm32cubeide_1.10.1/stm32cubeide/plugins/com.st.stm32cube.ide.mcu.externaltools.gnu-tools-for-stm32.10.3-2021.10.win32_1.0.0.202111181127/tools/bin/../lib/gcc/arm-none-eabi/10.3.1/../../../../arm-none-eabi/lib/thumb/v7e-m+dp/hard\libc_nano.a(lib_a-memset.o)
                0x000000000800b1e4                memset
 .text.__cvt    0x000000000800b1f4       0xa4 c:/program files/stm32cubeide_1.10.1/stm32cubeide/plugins/com.st.stm32cube.ide.mcu.externaltools.gnu-tools-for-stm32.10.3-2021.10.win32_1.0.0.202111181127/tools/bin/../lib/gcc/arm-none-eabi/10.3.1/../../../../arm-none-eabi/lib/thumb/v7e-m+dp/hard\libc_nano.a(lib_a-nano-vfprintf_float.o)
                0x000000000800b1f4                __cvt
 .text.__exponent
                0x000000000800b298       0x7c c:/program files/stm32cubeide_1.10.1/stm32cubeide/plugins/com.st.stm32cube.ide.mcu.externaltools.gnu-tools-for-stm32.10.3-2021.10.win32_1.0.0.202111181127/tools/bin/../lib/gcc/arm-none-eabi/10.3.1/../../../../arm-none-eabi/lib/thumb/v7e-m+dp/hard\libc_nano.a(lib_a-nano-vfprintf_float.o)
                0x000000000800b298                __exponent
 *fill*         0x000000000800b314        0x4 
 .text._printf_float
                0x000000000800b318      0x43c c:/program files/stm32cubeide_1.10.1/stm32cubeide/plugins/com.st.stm32cube.ide.mcu.externaltools.gnu-tools-for-stm32.10.3-2021.10.win32_1.0.0.202111181127/tools/bin/../lib/gcc/arm-none-eabi/10.3.1/../../../../arm-none-eabi/lib/thumb/v7e-m+dp/hard\libc_nano.a(lib_a-nano-vfprintf_float.o)
                0x000000000800b318                _printf_float
 .text._printf_common
                0x000000000800b754       0xda c:/program files/stm32cubeide_1.10.1/stm32cubeide/plugins/com.st.stm32cube.ide.mcu.externaltools.gnu-tools-for-stm32.10.3-2021.10.win32_1.0.0.202111181127/tools/bin/../lib/gcc/arm-none-eabi/10.3.1/../../../../arm-none-eabi/lib/thumb/v7e-m+dp/hard\libc_nano.a(lib_a-nano-vfprintf_i.o)
                0x000000000800b754                _printf_common
 *fill*         0x000000000800b82e        0x2 
 .text._printf_i
                0x000000000800b830      0x24c c:/program files/stm32cubeide_1.10.1/stm32cubeide/plugins/com.st.stm32cube.ide.mcu.externaltools.gnu-tools-for-stm32.10.3-2021.10.win32_1.0.0.202111181127/tools/bin/../lib/gcc/arm-none-eabi/10.3.1/../../../../arm-none-eabi/lib/thumb/v7e-m+dp/hard\libc_nano.a(lib_a-nano-vfprintf_i.o)
                0x000000000800b830                _printf_i
 .text._scanf_float
                0x000000000800ba7c      0x40c c:/program files/stm32cubeide_1.10.1/stm32cubeide/plugins/com.st.stm32cube.ide.mcu.externaltools.gnu-tools-for-stm32.10.3-2021.10.win32_1.0.0.202111181127/tools/bin/../lib/gcc/arm-none-eabi/10.3.1/../../../../arm-none-eabi/lib/thumb/v7e-m+dp/hard\libc_nano.a(lib_a-nano-vfscanf_float.o)
                0x000000000800ba7c                _scanf_float
 .text.nanf     0x000000000800be88        0xc c:/program files/stm32cubeide_1.10.1/stm32cubeide/plugins/com.st.stm32cube.ide.mcu.externaltools.gnu-tools-for-stm32.10.3-2021.10.win32_1.0.0.202111181127/tools/bin/../lib/gcc/arm-none-eabi/10.3.1/../../../../arm-none-eabi/lib/thumb/v7e-m+dp/hard\libc_nano.a(lib_a-sf_nan.o)
                0x000000000800be88                nanf
 .text.sprintf  0x000000000800be94       0x40 c:/program files/stm32cubeide_1.10.1/stm32cubeide/plugins/com.st.stm32cube.ide.mcu.externaltools.gnu-tools-for-stm32.10.3-2021.10.win32_1.0.0.202111181127/tools/bin/../lib/gcc/arm-none-eabi/10.3.1/../../../../arm-none-eabi/lib/thumb/v7e-m+dp/hard\libc_nano.a(lib_a-sprintf.o)
                0x000000000800be94                siprintf
                0x000000000800be94                sprintf
 .text.sulp     0x000000000800bed4       0x34 c:/program files/stm32cubeide_1.10.1/stm32cubeide/plugins/com.st.stm32cube.ide.mcu.externaltools.gnu-tools-for-stm32.10.3-2021.10.win32_1.0.0.202111181127/tools/bin/../lib/gcc/arm-none-eabi/10.3.1/../../../../arm-none-eabi/lib/thumb/v7e-m+dp/hard\libc_nano.a(lib_a-strtod.o)
 .text._strtod_l
                0x000000000800bf08      0xb6c c:/program files/stm32cubeide_1.10.1/stm32cubeide/plugins/com.st.stm32cube.ide.mcu.externaltools.gnu-tools-for-stm32.10.3-2021.10.win32_1.0.0.202111181127/tools/bin/../lib/gcc/arm-none-eabi/10.3.1/../../../../arm-none-eabi/lib/thumb/v7e-m+dp/hard\libc_nano.a(lib_a-strtod.o)
                0x000000000800bf08                _strtod_l
 .text._strtod_r
                0x000000000800ca74        0xc c:/program files/stm32cubeide_1.10.1/stm32cubeide/plugins/com.st.stm32cube.ide.mcu.externaltools.gnu-tools-for-stm32.10.3-2021.10.win32_1.0.0.202111181127/tools/bin/../lib/gcc/arm-none-eabi/10.3.1/../../../../arm-none-eabi/lib/thumb/v7e-m+dp/hard\libc_nano.a(lib_a-strtod.o)
                0x000000000800ca74                _strtod_r
 .text.strtod   0x000000000800ca80       0x18 c:/program files/stm32cubeide_1.10.1/stm32cubeide/plugins/com.st.stm32cube.ide.mcu.externaltools.gnu-tools-for-stm32.10.3-2021.10.win32_1.0.0.202111181127/tools/bin/../lib/gcc/arm-none-eabi/10.3.1/../../../../arm-none-eabi/lib/thumb/v7e-m+dp/hard\libc_nano.a(lib_a-strtod.o)
                0x000000000800ca80                strtod
 .text.strtok   0x000000000800ca98       0x68 c:/program files/stm32cubeide_1.10.1/stm32cubeide/plugins/com.st.stm32cube.ide.mcu.externaltools.gnu-tools-for-stm32.10.3-2021.10.win32_1.0.0.202111181127/tools/bin/../lib/gcc/arm-none-eabi/10.3.1/../../../../arm-none-eabi/lib/thumb/v7e-m+dp/hard\libc_nano.a(lib_a-strtok.o)
                0x000000000800ca98                strtok
 .text.__strtok_r
                0x000000000800cb00       0x50 c:/program files/stm32cubeide_1.10.1/stm32cubeide/plugins/com.st.stm32cube.ide.mcu.externaltools.gnu-tools-for-stm32.10.3-2021.10.win32_1.0.0.202111181127/tools/bin/../lib/gcc/arm-none-eabi/10.3.1/../../../../arm-none-eabi/lib/thumb/v7e-m+dp/hard\libc_nano.a(lib_a-strtok_r.o)
                0x000000000800cb00                __strtok_r
 .text._strtol_l.constprop.0
                0x000000000800cb50      0x104 c:/program files/stm32cubeide_1.10.1/stm32cubeide/plugins/com.st.stm32cube.ide.mcu.externaltools.gnu-tools-for-stm32.10.3-2021.10.win32_1.0.0.202111181127/tools/bin/../lib/gcc/arm-none-eabi/10.3.1/../../../../arm-none-eabi/lib/thumb/v7e-m+dp/hard\libc_nano.a(lib_a-strtol.o)
 .text._strtol_r
                0x000000000800cc54        0x4 c:/program files/stm32cubeide_1.10.1/stm32cubeide/plugins/com.st.stm32cube.ide.mcu.externaltools.gnu-tools-for-stm32.10.3-2021.10.win32_1.0.0.202111181127/tools/bin/../lib/gcc/arm-none-eabi/10.3.1/../../../../arm-none-eabi/lib/thumb/v7e-m+dp/hard\libc_nano.a(lib_a-strtol.o)
                0x000000000800cc54                _strtol_r
 .text.strtol   0x000000000800cc58       0x14 c:/program files/stm32cubeide_1.10.1/stm32cubeide/plugins/com.st.stm32cube.ide.mcu.externaltools.gnu-tools-for-stm32.10.3-2021.10.win32_1.0.0.202111181127/tools/bin/../lib/gcc/arm-none-eabi/10.3.1/../../../../arm-none-eabi/lib/thumb/v7e-m+dp/hard\libc_nano.a(lib_a-strtol.o)
                0x000000000800cc58                strtol
 .text.__assert_func
                0x000000000800cc6c       0x3c c:/program files/stm32cubeide_1.10.1/stm32cubeide/plugins/com.st.stm32cube.ide.mcu.externaltools.gnu-tools-for-stm32.10.3-2021.10.win32_1.0.0.202111181127/tools/bin/../lib/gcc/arm-none-eabi/10.3.1/../../../../arm-none-eabi/lib/thumb/v7e-m+dp/hard\libc_nano.a(lib_a-assert.o)
                0x000000000800cc6c                __assert_func
 .text.quorem   0x000000000800cca8      0x116 c:/program files/stm32cubeide_1.10.1/stm32cubeide/plugins/com.st.stm32cube.ide.mcu.externaltools.gnu-tools-for-stm32.10.3-2021.10.win32_1.0.0.202111181127/tools/bin/../lib/gcc/arm-none-eabi/10.3.1/../../../../arm-none-eabi/lib/thumb/v7e-m+dp/hard\libc_nano.a(lib_a-dtoa.o)
 *fill*         0x000000000800cdbe        0x2 
 .text._dtoa_r  0x000000000800cdc0      0xadc c:/program files/stm32cubeide_1.10.1/stm32cubeide/plugins/com.st.stm32cube.ide.mcu.externaltools.gnu-tools-for-stm32.10.3-2021.10.win32_1.0.0.202111181127/tools/bin/../lib/gcc/arm-none-eabi/10.3.1/../../../../arm-none-eabi/lib/thumb/v7e-m+dp/hard\libc_nano.a(lib_a-dtoa.o)
                0x000000000800cdc0                _dtoa_r
 .text.fprintf  0x000000000800d89c       0x24 c:/program files/stm32cubeide_1.10.1/stm32cubeide/plugins/com.st.stm32cube.ide.mcu.externaltools.gnu-tools-for-stm32.10.3-2021.10.win32_1.0.0.202111181127/tools/bin/../lib/gcc/arm-none-eabi/10.3.1/../../../../arm-none-eabi/lib/thumb/v7e-m+dp/hard\libc_nano.a(lib_a-fprintf.o)
                0x000000000800d89c                fiprintf
                0x000000000800d89c                fprintf
 .text.rshift   0x000000000800d8c0       0xa4 c:/program files/stm32cubeide_1.10.1/stm32cubeide/plugins/com.st.stm32cube.ide.mcu.externaltools.gnu-tools-for-stm32.10.3-2021.10.win32_1.0.0.202111181127/tools/bin/../lib/gcc/arm-none-eabi/10.3.1/../../../../arm-none-eabi/lib/thumb/v7e-m+dp/hard\libc_nano.a(lib_a-gdtoa-gethex.o)
 .text.__hexdig_fun
                0x000000000800d964       0x2a c:/program files/stm32cubeide_1.10.1/stm32cubeide/plugins/com.st.stm32cube.ide.mcu.externaltools.gnu-tools-for-stm32.10.3-2021.10.win32_1.0.0.202111181127/tools/bin/../lib/gcc/arm-none-eabi/10.3.1/../../../../arm-none-eabi/lib/thumb/v7e-m+dp/hard\libc_nano.a(lib_a-gdtoa-gethex.o)
                0x000000000800d964                __hexdig_fun
 *fill*         0x000000000800d98e        0x2 
 .text.__gethex
                0x000000000800d990      0x48c c:/program files/stm32cubeide_1.10.1/stm32cubeide/plugins/com.st.stm32cube.ide.mcu.externaltools.gnu-tools-for-stm32.10.3-2021.10.win32_1.0.0.202111181127/tools/bin/../lib/gcc/arm-none-eabi/10.3.1/../../../../arm-none-eabi/lib/thumb/v7e-m+dp/hard\libc_nano.a(lib_a-gdtoa-gethex.o)
                0x000000000800d990                __gethex
 .text.L_shift  0x000000000800de1c       0x24 c:/program files/stm32cubeide_1.10.1/stm32cubeide/plugins/com.st.stm32cube.ide.mcu.externaltools.gnu-tools-for-stm32.10.3-2021.10.win32_1.0.0.202111181127/tools/bin/../lib/gcc/arm-none-eabi/10.3.1/../../../../arm-none-eabi/lib/thumb/v7e-m+dp/hard\libc_nano.a(lib_a-gdtoa-hexnan.o)
 .text.__match  0x000000000800de40       0x28 c:/program files/stm32cubeide_1.10.1/stm32cubeide/plugins/com.st.stm32cube.ide.mcu.externaltools.gnu-tools-for-stm32.10.3-2021.10.win32_1.0.0.202111181127/tools/bin/../lib/gcc/arm-none-eabi/10.3.1/../../../../arm-none-eabi/lib/thumb/v7e-m+dp/hard\libc_nano.a(lib_a-gdtoa-hexnan.o)
                0x000000000800de40                __match
 .text.__hexnan
                0x000000000800de68      0x138 c:/program files/stm32cubeide_1.10.1/stm32cubeide/plugins/com.st.stm32cube.ide.mcu.externaltools.gnu-tools-for-stm32.10.3-2021.10.win32_1.0.0.202111181127/tools/bin/../lib/gcc/arm-none-eabi/10.3.1/../../../../arm-none-eabi/lib/thumb/v7e-m+dp/hard\libc_nano.a(lib_a-gdtoa-hexnan.o)
                0x000000000800de68                __hexnan
 .text._localeconv_r
                0x000000000800dfa0        0x8 c:/program files/stm32cubeide_1.10.1/stm32cubeide/plugins/com.st.stm32cube.ide.mcu.externaltools.gnu-tools-for-stm32.10.3-2021.10.win32_1.0.0.202111181127/tools/bin/../lib/gcc/arm-none-eabi/10.3.1/../../../../arm-none-eabi/lib/thumb/v7e-m+dp/hard\libc_nano.a(lib_a-localeconv.o)
                0x000000000800dfa0                _localeconv_r
 .text.malloc   0x000000000800dfa8       0x10 c:/program files/stm32cubeide_1.10.1/stm32cubeide/plugins/com.st.stm32cube.ide.mcu.externaltools.gnu-tools-for-stm32.10.3-2021.10.win32_1.0.0.202111181127/tools/bin/../lib/gcc/arm-none-eabi/10.3.1/../../../../arm-none-eabi/lib/thumb/v7e-m+dp/hard\libc_nano.a(lib_a-malloc.o)
                0x000000000800dfa8                malloc
 .text.__ascii_mbtowc
                0x000000000800dfb8       0x24 c:/program files/stm32cubeide_1.10.1/stm32cubeide/plugins/com.st.stm32cube.ide.mcu.externaltools.gnu-tools-for-stm32.10.3-2021.10.win32_1.0.0.202111181127/tools/bin/../lib/gcc/arm-none-eabi/10.3.1/../../../../arm-none-eabi/lib/thumb/v7e-m+dp/hard\libc_nano.a(lib_a-mbtowc_r.o)
                0x000000000800dfb8                __ascii_mbtowc
 .text.memcpy   0x000000000800dfdc       0x1c c:/program files/stm32cubeide_1.10.1/stm32cubeide/plugins/com.st.stm32cube.ide.mcu.externaltools.gnu-tools-for-stm32.10.3-2021.10.win32_1.0.0.202111181127/tools/bin/../lib/gcc/arm-none-eabi/10.3.1/../../../../arm-none-eabi/lib/thumb/v7e-m+dp/hard\libc_nano.a(lib_a-memcpy-stub.o)
                0x000000000800dfdc                memcpy
 .text._Balloc  0x000000000800dff8       0x80 c:/program files/stm32cubeide_1.10.1/stm32cubeide/plugins/com.st.stm32cube.ide.mcu.externaltools.gnu-tools-for-stm32.10.3-2021.10.win32_1.0.0.202111181127/tools/bin/../lib/gcc/arm-none-eabi/10.3.1/../../../../arm-none-eabi/lib/thumb/v7e-m+dp/hard\libc_nano.a(lib_a-mprec.o)
                0x000000000800dff8                _Balloc
 .text._Bfree   0x000000000800e078       0x44 c:/program files/stm32cubeide_1.10.1/stm32cubeide/plugins/com.st.stm32cube.ide.mcu.externaltools.gnu-tools-for-stm32.10.3-2021.10.win32_1.0.0.202111181127/tools/bin/../lib/gcc/arm-none-eabi/10.3.1/../../../../arm-none-eabi/lib/thumb/v7e-m+dp/hard\libc_nano.a(lib_a-mprec.o)
                0x000000000800e078                _Bfree
 .text.__multadd
                0x000000000800e0bc       0x8c c:/program files/stm32cubeide_1.10.1/stm32cubeide/plugins/com.st.stm32cube.ide.mcu.externaltools.gnu-tools-for-stm32.10.3-2021.10.win32_1.0.0.202111181127/tools/bin/../lib/gcc/arm-none-eabi/10.3.1/../../../../arm-none-eabi/lib/thumb/v7e-m+dp/hard\libc_nano.a(lib_a-mprec.o)
                0x000000000800e0bc                __multadd
 .text.__s2b    0x000000000800e148       0x94 c:/program files/stm32cubeide_1.10.1/stm32cubeide/plugins/com.st.stm32cube.ide.mcu.externaltools.gnu-tools-for-stm32.10.3-2021.10.win32_1.0.0.202111181127/tools/bin/../lib/gcc/arm-none-eabi/10.3.1/../../../../arm-none-eabi/lib/thumb/v7e-m+dp/hard\libc_nano.a(lib_a-mprec.o)
                0x000000000800e148                __s2b
 .text.__hi0bits
                0x000000000800e1dc       0x40 c:/program files/stm32cubeide_1.10.1/stm32cubeide/plugins/com.st.stm32cube.ide.mcu.externaltools.gnu-tools-for-stm32.10.3-2021.10.win32_1.0.0.202111181127/tools/bin/../lib/gcc/arm-none-eabi/10.3.1/../../../../arm-none-eabi/lib/thumb/v7e-m+dp/hard\libc_nano.a(lib_a-mprec.o)
                0x000000000800e1dc                __hi0bits
 .text.__lo0bits
                0x000000000800e21c       0x5e c:/program files/stm32cubeide_1.10.1/stm32cubeide/plugins/com.st.stm32cube.ide.mcu.externaltools.gnu-tools-for-stm32.10.3-2021.10.win32_1.0.0.202111181127/tools/bin/../lib/gcc/arm-none-eabi/10.3.1/../../../../arm-none-eabi/lib/thumb/v7e-m+dp/hard\libc_nano.a(lib_a-mprec.o)
                0x000000000800e21c                __lo0bits
 *fill*         0x000000000800e27a        0x2 
 .text.__i2b    0x000000000800e27c       0x2c c:/program files/stm32cubeide_1.10.1/stm32cubeide/plugins/com.st.stm32cube.ide.mcu.externaltools.gnu-tools-for-stm32.10.3-2021.10.win32_1.0.0.202111181127/tools/bin/../lib/gcc/arm-none-eabi/10.3.1/../../../../arm-none-eabi/lib/thumb/v7e-m+dp/hard\libc_nano.a(lib_a-mprec.o)
                0x000000000800e27c                __i2b
 .text.__multiply
                0x000000000800e2a8      0x154 c:/program files/stm32cubeide_1.10.1/stm32cubeide/plugins/com.st.stm32cube.ide.mcu.externaltools.gnu-tools-for-stm32.10.3-2021.10.win32_1.0.0.202111181127/tools/bin/../lib/gcc/arm-none-eabi/10.3.1/../../../../arm-none-eabi/lib/thumb/v7e-m+dp/hard\libc_nano.a(lib_a-mprec.o)
                0x000000000800e2a8                __multiply
 .text.__pow5mult
                0x000000000800e3fc       0xb4 c:/program files/stm32cubeide_1.10.1/stm32cubeide/plugins/com.st.stm32cube.ide.mcu.externaltools.gnu-tools-for-stm32.10.3-2021.10.win32_1.0.0.202111181127/tools/bin/../lib/gcc/arm-none-eabi/10.3.1/../../../../arm-none-eabi/lib/thumb/v7e-m+dp/hard\libc_nano.a(lib_a-mprec.o)
                0x000000000800e3fc                __pow5mult
 .text.__lshift
                0x000000000800e4b0       0xe0 c:/program files/stm32cubeide_1.10.1/stm32cubeide/plugins/com.st.stm32cube.ide.mcu.externaltools.gnu-tools-for-stm32.10.3-2021.10.win32_1.0.0.202111181127/tools/bin/../lib/gcc/arm-none-eabi/10.3.1/../../../../arm-none-eabi/lib/thumb/v7e-m+dp/hard\libc_nano.a(lib_a-mprec.o)
                0x000000000800e4b0                __lshift
 .text.__mcmp   0x000000000800e590       0x38 c:/program files/stm32cubeide_1.10.1/stm32cubeide/plugins/com.st.stm32cube.ide.mcu.externaltools.gnu-tools-for-stm32.10.3-2021.10.win32_1.0.0.202111181127/tools/bin/../lib/gcc/arm-none-eabi/10.3.1/../../../../arm-none-eabi/lib/thumb/v7e-m+dp/hard\libc_nano.a(lib_a-mprec.o)
                0x000000000800e590                __mcmp
 .text.__mdiff  0x000000000800e5c8      0x114 c:/program files/stm32cubeide_1.10.1/stm32cubeide/plugins/com.st.stm32cube.ide.mcu.externaltools.gnu-tools-for-stm32.10.3-2021.10.win32_1.0.0.202111181127/tools/bin/../lib/gcc/arm-none-eabi/10.3.1/../../../../arm-none-eabi/lib/thumb/v7e-m+dp/hard\libc_nano.a(lib_a-mprec.o)
                0x000000000800e5c8                __mdiff
 .text.__ulp    0x000000000800e6dc       0x58 c:/program files/stm32cubeide_1.10.1/stm32cubeide/plugins/com.st.stm32cube.ide.mcu.externaltools.gnu-tools-for-stm32.10.3-2021.10.win32_1.0.0.202111181127/tools/bin/../lib/gcc/arm-none-eabi/10.3.1/../../../../arm-none-eabi/lib/thumb/v7e-m+dp/hard\libc_nano.a(lib_a-mprec.o)
                0x000000000800e6dc                __ulp
 .text.__b2d    0x000000000800e734       0xa0 c:/program files/stm32cubeide_1.10.1/stm32cubeide/plugins/com.st.stm32cube.ide.mcu.externaltools.gnu-tools-for-stm32.10.3-2021.10.win32_1.0.0.202111181127/tools/bin/../lib/gcc/arm-none-eabi/10.3.1/../../../../arm-none-eabi/lib/thumb/v7e-m+dp/hard\libc_nano.a(lib_a-mprec.o)
                0x000000000800e734                __b2d
 .text.__d2b    0x000000000800e7d4       0xb8 c:/program files/stm32cubeide_1.10.1/stm32cubeide/plugins/com.st.stm32cube.ide.mcu.externaltools.gnu-tools-for-stm32.10.3-2021.10.win32_1.0.0.202111181127/tools/bin/../lib/gcc/arm-none-eabi/10.3.1/../../../../arm-none-eabi/lib/thumb/v7e-m+dp/hard\libc_nano.a(lib_a-mprec.o)
                0x000000000800e7d4                __d2b
 .text.__ratio  0x000000000800e88c       0x60 c:/program files/stm32cubeide_1.10.1/stm32cubeide/plugins/com.st.stm32cube.ide.mcu.externaltools.gnu-tools-for-stm32.10.3-2021.10.win32_1.0.0.202111181127/tools/bin/../lib/gcc/arm-none-eabi/10.3.1/../../../../arm-none-eabi/lib/thumb/v7e-m+dp/hard\libc_nano.a(lib_a-mprec.o)
                0x000000000800e88c                __ratio
 .text.__copybits
                0x000000000800e8ec       0x46 c:/program files/stm32cubeide_1.10.1/stm32cubeide/plugins/com.st.stm32cube.ide.mcu.externaltools.gnu-tools-for-stm32.10.3-2021.10.win32_1.0.0.202111181127/tools/bin/../lib/gcc/arm-none-eabi/10.3.1/../../../../arm-none-eabi/lib/thumb/v7e-m+dp/hard\libc_nano.a(lib_a-mprec.o)
                0x000000000800e8ec                __copybits
 .text.__any_on
                0x000000000800e932       0x42 c:/program files/stm32cubeide_1.10.1/stm32cubeide/plugins/com.st.stm32cube.ide.mcu.externaltools.gnu-tools-for-stm32.10.3-2021.10.win32_1.0.0.202111181127/tools/bin/../lib/gcc/arm-none-eabi/10.3.1/../../../../arm-none-eabi/lib/thumb/v7e-m+dp/hard\libc_nano.a(lib_a-mprec.o)
                0x000000000800e932                __any_on
 .text._calloc_r
                0x000000000800e974       0x2c c:/program files/stm32cubeide_1.10.1/stm32cubeide/plugins/com.st.stm32cube.ide.mcu.externaltools.gnu-tools-for-stm32.10.3-2021.10.win32_1.0.0.202111181127/tools/bin/../lib/gcc/arm-none-eabi/10.3.1/../../../../arm-none-eabi/lib/thumb/v7e-m+dp/hard\libc_nano.a(lib_a-nano-callocr.o)
                0x000000000800e974                _calloc_r
 .text._free_r  0x000000000800e9a0       0x98 c:/program files/stm32cubeide_1.10.1/stm32cubeide/plugins/com.st.stm32cube.ide.mcu.externaltools.gnu-tools-for-stm32.10.3-2021.10.win32_1.0.0.202111181127/tools/bin/../lib/gcc/arm-none-eabi/10.3.1/../../../../arm-none-eabi/lib/thumb/v7e-m+dp/hard\libc_nano.a(lib_a-nano-freer.o)
                0x000000000800e9a0                _free_r
 .text.sbrk_aligned
                0x000000000800ea38       0x40 c:/program files/stm32cubeide_1.10.1/stm32cubeide/plugins/com.st.stm32cube.ide.mcu.externaltools.gnu-tools-for-stm32.10.3-2021.10.win32_1.0.0.202111181127/tools/bin/../lib/gcc/arm-none-eabi/10.3.1/../../../../arm-none-eabi/lib/thumb/v7e-m+dp/hard\libc_nano.a(lib_a-nano-mallocr.o)
 .text._malloc_r
                0x000000000800ea78       0xe8 c:/program files/stm32cubeide_1.10.1/stm32cubeide/plugins/com.st.stm32cube.ide.mcu.externaltools.gnu-tools-for-stm32.10.3-2021.10.win32_1.0.0.202111181127/tools/bin/../lib/gcc/arm-none-eabi/10.3.1/../../../../arm-none-eabi/lib/thumb/v7e-m+dp/hard\libc_nano.a(lib_a-nano-mallocr.o)
                0x000000000800ea78                _malloc_r
 .text.__ssputs_r